Archive member included because of file (symbol)

c:/program files/atmel/atmel studio 6.0/extensions/atmel/avrgcc/3.4.0.65/avrtoolchain/bin/../lib/gcc/avr/4.6.2/avrxmega2\libgcc.a(_udivmodhi4.o)
                              src/asf/xmega/drivers/usb/usb_device.o (__udivmodhi4)
c:/program files/atmel/atmel studio 6.0/extensions/atmel/avrgcc/3.4.0.65/avrtoolchain/bin/../lib/gcc/avr/4.6.2/avrxmega2\libgcc.a(_udivmodsi4.o)
                              src/asf/xmega/drivers/usart/usart.o (__udivmodsi4)
c:/program files/atmel/atmel studio 6.0/extensions/atmel/avrgcc/3.4.0.65/avrtoolchain/bin/../lib/gcc/avr/4.6.2/avrxmega2\libgcc.a(_exit.o)
                              c:/program files/atmel/atmel studio 6.0/extensions/atmel/avrgcc/3.4.0.65/avrtoolchain/bin/../lib/gcc/avr/4.6.2/../../../../avr/lib/avrxmega2/crtx16a4u.o (exit)
c:/program files/atmel/atmel studio 6.0/extensions/atmel/avrgcc/3.4.0.65/avrtoolchain/bin/../lib/gcc/avr/4.6.2/avrxmega2\libgcc.a(_copy_data.o)
                              src/asf/common/services/clock/xmega/sysclk.o (__do_copy_data)
c:/program files/atmel/atmel studio 6.0/extensions/atmel/avrgcc/3.4.0.65/avrtoolchain/bin/../lib/gcc/avr/4.6.2/avrxmega2\libgcc.a(_clear_bss.o)
                              src/asf/common/services/clock/xmega/sysclk.o (__do_clear_bss)
c:/program files/atmel/atmel studio 6.0/extensions/atmel/avrgcc/3.4.0.65/avrtoolchain/bin/../lib/gcc/avr/4.6.2/../../../../avr/lib/avrxmega2\libc.a(memcpy.o)
                              src/asf/common/services/usb/class/cdc/device/udi_cdc.o (memcpy)

Allocating common symbols
Common symbol       size              file

udd_g_ctrlreq       0x10              src/asf/xmega/drivers/usb/usb_device.o
sleepmgr_locks      0x6               src/asf/common/services/sleepmgr/xmega/sleepmgr.o

Discarded input sections

 .data          0x00000000        0x0 c:/program files/atmel/atmel studio 6.0/extensions/atmel/avrgcc/3.4.0.65/avrtoolchain/bin/../lib/gcc/avr/4.6.2/../../../../avr/lib/avrxmega2/crtx16a4u.o
 .bss           0x00000000        0x0 c:/program files/atmel/atmel studio 6.0/extensions/atmel/avrgcc/3.4.0.65/avrtoolchain/bin/../lib/gcc/avr/4.6.2/../../../../avr/lib/avrxmega2/crtx16a4u.o
 .text          0x00000000        0x0 src/asf/common/services/clock/xmega/sysclk.o
 .data          0x00000000        0x0 src/asf/common/services/clock/xmega/sysclk.o
 .bss           0x00000000        0x0 src/asf/common/services/clock/xmega/sysclk.o
 .text.sysclk_disable_usb
                0x00000000       0x14 src/asf/common/services/clock/xmega/sysclk.o
 .text          0x00000000        0x0 src/asf/common/services/ioport/xmega/ioport_compat.o
 .data          0x00000000        0x0 src/asf/common/services/ioport/xmega/ioport_compat.o
 .bss           0x00000000        0x0 src/asf/common/services/ioport/xmega/ioport_compat.o
 .text          0x00000000        0x0 src/asf/common/services/sleepmgr/xmega/sleepmgr.o
 .data          0x00000000        0x0 src/asf/common/services/sleepmgr/xmega/sleepmgr.o
 .bss           0x00000000        0x0 src/asf/common/services/sleepmgr/xmega/sleepmgr.o
 .text          0x00000000        0x0 src/asf/common/services/usb/class/cdc/device/example/atxmega32a4u_stk600-rc044x/ui.o
 .data          0x00000000        0x0 src/asf/common/services/usb/class/cdc/device/example/atxmega32a4u_stk600-rc044x/ui.o
 .bss           0x00000000        0x0 src/asf/common/services/usb/class/cdc/device/example/atxmega32a4u_stk600-rc044x/ui.o
 .text          0x00000000        0x0 src/asf/common/services/usb/class/cdc/device/udi_cdc.o
 .data          0x00000000        0x0 src/asf/common/services/usb/class/cdc/device/udi_cdc.o
 .bss           0x00000000        0x0 src/asf/common/services/usb/class/cdc/device/udi_cdc.o
 .text.udi_cdc_ctrl_signal_dcd
                0x00000000        0xe src/asf/common/services/usb/class/cdc/device/udi_cdc.o
 .text.udi_cdc_ctrl_signal_dsr
                0x00000000        0xe src/asf/common/services/usb/class/cdc/device/udi_cdc.o
 .text.udi_cdc_signal_parity_error
                0x00000000        0xe src/asf/common/services/usb/class/cdc/device/udi_cdc.o
 .text.udi_cdc_multi_read_buf
                0x00000000       0xc2 src/asf/common/services/usb/class/cdc/device/udi_cdc.o
 .text.udi_cdc_read_buf
                0x00000000        0xe src/asf/common/services/usb/class/cdc/device/udi_cdc.o
 .text.udi_cdc_multi_write_buf
                0x00000000       0xe2 src/asf/common/services/usb/class/cdc/device/udi_cdc.o
 .text.udi_cdc_write_buf
                0x00000000        0xe src/asf/common/services/usb/class/cdc/device/udi_cdc.o
 .text          0x00000000        0x0 src/asf/common/services/usb/class/cdc/device/udi_cdc_desc.o
 .data          0x00000000        0x0 src/asf/common/services/usb/class/cdc/device/udi_cdc_desc.o
 .bss           0x00000000        0x0 src/asf/common/services/usb/class/cdc/device/udi_cdc_desc.o
 .text          0x00000000        0x0 src/asf/common/services/usb/udc/udc.o
 .data          0x00000000        0x0 src/asf/common/services/usb/udc/udc.o
 .bss           0x00000000        0x0 src/asf/common/services/usb/udc/udc.o
 .text.udc_get_interface_desc
                0x00000000        0xa src/asf/common/services/usb/udc/udc.o
 .text.udc_stop
                0x00000000        0x6 src/asf/common/services/usb/udc/udc.o
 .text          0x00000000        0x0 src/asf/xmega/boards/stk600/rc044x/init.o
 .data          0x00000000        0x0 src/asf/xmega/boards/stk600/rc044x/init.o
 .bss           0x00000000        0x0 src/asf/xmega/boards/stk600/rc044x/init.o
 .text          0x00000000        0x0 src/asf/xmega/drivers/cpu/ccp.o
 .data          0x00000000        0x0 src/asf/xmega/drivers/cpu/ccp.o
 .bss           0x00000000        0x0 src/asf/xmega/drivers/cpu/ccp.o
 .text          0x00000000        0x0 src/asf/xmega/drivers/nvm/nvm.o
 .data          0x00000000        0x0 src/asf/xmega/drivers/nvm/nvm.o
 .bss           0x00000000        0x0 src/asf/xmega/drivers/nvm/nvm.o
 .text.nvm_read_device_serial
                0x00000000       0x90 src/asf/xmega/drivers/nvm/nvm.o
 .text.nvm_eeprom_read_byte
                0x00000000       0x36 src/asf/xmega/drivers/nvm/nvm.o
 .text.nvm_eeprom_read_buffer
                0x00000000       0x36 src/asf/xmega/drivers/nvm/nvm.o
 .text.nvm_eeprom_flush_buffer
                0x00000000       0x24 src/asf/xmega/drivers/nvm/nvm.o
 .text.nvm_eeprom_write_byte
                0x00000000       0x54 src/asf/xmega/drivers/nvm/nvm.o
 .text.nvm_eeprom_load_byte_to_buffer
                0x00000000       0x20 src/asf/xmega/drivers/nvm/nvm.o
 .text.nvm_eeprom_load_page_to_buffer
                0x00000000       0x50 src/asf/xmega/drivers/nvm/nvm.o
 .text.nvm_eeprom_atomic_write_page
                0x00000000       0x46 src/asf/xmega/drivers/nvm/nvm.o
 .text.nvm_eeprom_erase_and_write_buffer
                0x00000000       0x90 src/asf/xmega/drivers/nvm/nvm.o
 .text.nvm_eeprom_split_write_page
                0x00000000       0x46 src/asf/xmega/drivers/nvm/nvm.o
 .text.nvm_eeprom_fill_buffer_with_value
                0x00000000       0x3e src/asf/xmega/drivers/nvm/nvm.o
 .text.nvm_eeprom_erase_bytes_in_page
                0x00000000       0x46 src/asf/xmega/drivers/nvm/nvm.o
 .text.nvm_eeprom_erase_page
                0x00000000       0x14 src/asf/xmega/drivers/nvm/nvm.o
 .text.nvm_eeprom_erase_bytes_in_all_pages
                0x00000000       0x2e src/asf/xmega/drivers/nvm/nvm.o
 .text.nvm_eeprom_erase_all
                0x00000000        0xc src/asf/xmega/drivers/nvm/nvm.o
 .text.nvm_issue_flash_range_crc
                0x00000000       0x2c src/asf/xmega/drivers/nvm/nvm.o
 .text.nvm_flash_read_buffer
                0x00000000       0x38 src/asf/xmega/drivers/nvm/nvm.o
 .text.nvm_user_sig_read_buffer
                0x00000000       0x3e src/asf/xmega/drivers/nvm/nvm.o
 .text.nvm_user_sig_write_buffer
                0x00000000      0x164 src/asf/xmega/drivers/nvm/nvm.o
 .text.nvm_flash_erase_and_write_buffer
                0x00000000      0x172 src/asf/xmega/drivers/nvm/nvm.o
 .text.nvm_fuses_read
                0x00000000       0x32 src/asf/xmega/drivers/nvm/nvm.o
 .debug_info    0x00000000      0xf58 src/asf/xmega/drivers/nvm/nvm.o
 .debug_abbrev  0x00000000      0x381 src/asf/xmega/drivers/nvm/nvm.o
 .debug_loc     0x00000000      0xf83 src/asf/xmega/drivers/nvm/nvm.o
 .debug_aranges
                0x00000000       0xc0 src/asf/xmega/drivers/nvm/nvm.o
 .debug_ranges  0x00000000       0xc8 src/asf/xmega/drivers/nvm/nvm.o
 .debug_line    0x00000000      0x838 src/asf/xmega/drivers/nvm/nvm.o
 .debug_macinfo
                0x00000000    0x207a4 src/asf/xmega/drivers/nvm/nvm.o
 .debug_str     0x00000000      0xa63 src/asf/xmega/drivers/nvm/nvm.o
 .debug_frame   0x00000000      0x330 src/asf/xmega/drivers/nvm/nvm.o
 .text          0x00000000        0x0 src/asf/xmega/drivers/nvm/nvm_asm.o
 .data          0x00000000        0x0 src/asf/xmega/drivers/nvm/nvm_asm.o
 .bss           0x00000000        0x0 src/asf/xmega/drivers/nvm/nvm_asm.o
 .BOOT          0x00000000       0x44 src/asf/xmega/drivers/nvm/nvm_asm.o
 .text          0x00000000        0x0 src/asf/xmega/drivers/usart/usart.o
 .data          0x00000000        0x0 src/asf/xmega/drivers/usart/usart.o
 .bss           0x00000000        0x0 src/asf/xmega/drivers/usart/usart.o
 .text.ioport_pin_to_mask
                0x00000000       0x14 src/asf/xmega/drivers/usart/usart.o
 .text.usart_putchar
                0x00000000       0x10 src/asf/xmega/drivers/usart/usart.o
 .text.usart_getchar
                0x00000000        0xc src/asf/xmega/drivers/usart/usart.o
 .text.usart_set_bsel_bscale_value
                0x00000000       0x10 src/asf/xmega/drivers/usart/usart.o
 .text.usart_set_baudrate_precalculated
                0x00000000      0x10e src/asf/xmega/drivers/usart/usart.o
 .text.usart_set_baudrate
                0x00000000      0x240 src/asf/xmega/drivers/usart/usart.o
 .text.usart_init_rs232
                0x00000000       0xb0 src/asf/xmega/drivers/usart/usart.o
 .text.usart_spi_set_baudrate
                0x00000000       0x4e src/asf/xmega/drivers/usart/usart.o
 .text.usart_init_spi
                0x00000000      0x152 src/asf/xmega/drivers/usart/usart.o
 .progmem.data  0x00000000       0x1c src/asf/xmega/drivers/usart/usart.o
 .debug_info    0x00000000      0xc8f src/asf/xmega/drivers/usart/usart.o
 .debug_abbrev  0x00000000      0x334 src/asf/xmega/drivers/usart/usart.o
 .debug_loc     0x00000000      0x93b src/asf/xmega/drivers/usart/usart.o
 .debug_aranges
                0x00000000       0x60 src/asf/xmega/drivers/usart/usart.o
 .debug_ranges  0x00000000       0x50 src/asf/xmega/drivers/usart/usart.o
 .debug_line    0x00000000      0x780 src/asf/xmega/drivers/usart/usart.o
 .debug_macinfo
                0x00000000    0x21df5 src/asf/xmega/drivers/usart/usart.o
 .debug_str     0x00000000      0xa74 src/asf/xmega/drivers/usart/usart.o
 .debug_frame   0x00000000      0x130 src/asf/xmega/drivers/usart/usart.o
 .text          0x00000000        0x0 src/asf/xmega/drivers/usb/usb_device.o
 .data          0x00000000        0x0 src/asf/xmega/drivers/usb/usb_device.o
 .bss           0x00000000        0x0 src/asf/xmega/drivers/usb/usb_device.o
 .text.udd_disable
                0x00000000       0x38 src/asf/xmega/drivers/usb/usb_device.o
 .text.udd_send_wake_up
                0x00000000       0x20 src/asf/xmega/drivers/usb/usb_device.o
 .text.udd_ep_wait_stall_clear
                0x00000000       0x50 src/asf/xmega/drivers/usb/usb_device.o
 .text.udd_ep_is_valid
                0x00000000       0x14 src/asf/xmega/drivers/usb/usb_device.o
 .text          0x00000000        0x0 src/main.o
 .data          0x00000000        0x0 src/main.o
 .bss           0x00000000        0x0 src/main.o
 .text          0x00000000        0x0 src/uart_xmega.o
 .data          0x00000000        0x0 src/uart_xmega.o
 .bss           0x00000000        0x0 src/uart_xmega.o
 .text          0x00000000        0x0 c:/program files/atmel/atmel studio 6.0/extensions/atmel/avrgcc/3.4.0.65/avrtoolchain/bin/../lib/gcc/avr/4.6.2/avrxmega2\libgcc.a(_udivmodhi4.o)
 .data          0x00000000        0x0 c:/program files/atmel/atmel studio 6.0/extensions/atmel/avrgcc/3.4.0.65/avrtoolchain/bin/../lib/gcc/avr/4.6.2/avrxmega2\libgcc.a(_udivmodhi4.o)
 .bss           0x00000000        0x0 c:/program files/atmel/atmel studio 6.0/extensions/atmel/avrgcc/3.4.0.65/avrtoolchain/bin/../lib/gcc/avr/4.6.2/avrxmega2\libgcc.a(_udivmodhi4.o)
 .text          0x00000000        0x0 c:/program files/atmel/atmel studio 6.0/extensions/atmel/avrgcc/3.4.0.65/avrtoolchain/bin/../lib/gcc/avr/4.6.2/avrxmega2\libgcc.a(_udivmodsi4.o)
 .data          0x00000000        0x0 c:/program files/atmel/atmel studio 6.0/extensions/atmel/avrgcc/3.4.0.65/avrtoolchain/bin/../lib/gcc/avr/4.6.2/avrxmega2\libgcc.a(_udivmodsi4.o)
 .bss           0x00000000        0x0 c:/program files/atmel/atmel studio 6.0/extensions/atmel/avrgcc/3.4.0.65/avrtoolchain/bin/../lib/gcc/avr/4.6.2/avrxmega2\libgcc.a(_udivmodsi4.o)
 .text          0x00000000        0x0 c:/program files/atmel/atmel studio 6.0/extensions/atmel/avrgcc/3.4.0.65/avrtoolchain/bin/../lib/gcc/avr/4.6.2/avrxmega2\libgcc.a(_exit.o)
 .data          0x00000000        0x0 c:/program files/atmel/atmel studio 6.0/extensions/atmel/avrgcc/3.4.0.65/avrtoolchain/bin/../lib/gcc/avr/4.6.2/avrxmega2\libgcc.a(_exit.o)
 .bss           0x00000000        0x0 c:/program files/atmel/atmel studio 6.0/extensions/atmel/avrgcc/3.4.0.65/avrtoolchain/bin/../lib/gcc/avr/4.6.2/avrxmega2\libgcc.a(_exit.o)
 .text.libgcc   0x00000000        0x0 c:/program files/atmel/atmel studio 6.0/extensions/atmel/avrgcc/3.4.0.65/avrtoolchain/bin/../lib/gcc/avr/4.6.2/avrxmega2\libgcc.a(_exit.o)
 .text          0x00000000        0x0 c:/program files/atmel/atmel studio 6.0/extensions/atmel/avrgcc/3.4.0.65/avrtoolchain/bin/../lib/gcc/avr/4.6.2/avrxmega2\libgcc.a(_copy_data.o)
 .data          0x00000000        0x0 c:/program files/atmel/atmel studio 6.0/extensions/atmel/avrgcc/3.4.0.65/avrtoolchain/bin/../lib/gcc/avr/4.6.2/avrxmega2\libgcc.a(_copy_data.o)
 .bss           0x00000000        0x0 c:/program files/atmel/atmel studio 6.0/extensions/atmel/avrgcc/3.4.0.65/avrtoolchain/bin/../lib/gcc/avr/4.6.2/avrxmega2\libgcc.a(_copy_data.o)
 .text.libgcc   0x00000000        0x0 c:/program files/atmel/atmel studio 6.0/extensions/atmel/avrgcc/3.4.0.65/avrtoolchain/bin/../lib/gcc/avr/4.6.2/avrxmega2\libgcc.a(_copy_data.o)
 .text          0x00000000        0x0 c:/program files/atmel/atmel studio 6.0/extensions/atmel/avrgcc/3.4.0.65/avrtoolchain/bin/../lib/gcc/avr/4.6.2/avrxmega2\libgcc.a(_clear_bss.o)
 .data          0x00000000        0x0 c:/program files/atmel/atmel studio 6.0/extensions/atmel/avrgcc/3.4.0.65/avrtoolchain/bin/../lib/gcc/avr/4.6.2/avrxmega2\libgcc.a(_clear_bss.o)
 .bss           0x00000000        0x0 c:/program files/atmel/atmel studio 6.0/extensions/atmel/avrgcc/3.4.0.65/avrtoolchain/bin/../lib/gcc/avr/4.6.2/avrxmega2\libgcc.a(_clear_bss.o)
 .text.libgcc   0x00000000        0x0 c:/program files/atmel/atmel studio 6.0/extensions/atmel/avrgcc/3.4.0.65/avrtoolchain/bin/../lib/gcc/avr/4.6.2/avrxmega2\libgcc.a(_clear_bss.o)
 .text          0x00000000        0x0 c:/program files/atmel/atmel studio 6.0/extensions/atmel/avrgcc/3.4.0.65/avrtoolchain/bin/../lib/gcc/avr/4.6.2/../../../../avr/lib/avrxmega2\libc.a(memcpy.o)
 .data          0x00000000        0x0 c:/program files/atmel/atmel studio 6.0/extensions/atmel/avrgcc/3.4.0.65/avrtoolchain/bin/../lib/gcc/avr/4.6.2/../../../../avr/lib/avrxmega2\libc.a(memcpy.o)
 .bss           0x00000000        0x0 c:/program files/atmel/atmel studio 6.0/extensions/atmel/avrgcc/3.4.0.65/avrtoolchain/bin/../lib/gcc/avr/4.6.2/../../../../avr/lib/avrxmega2\libc.a(memcpy.o)

Memory Configuration

Name             Origin             Length             Attributes
text             0x00000000         0x00100000         xr
data             0x00802000         0x0000ffa0         rw !x
eeprom           0x00810000         0x00010000         rw !x
fuse             0x00820000         0x00000400         rw !x
lock             0x00830000         0x00000400         rw !x
signature        0x00840000         0x00000400         rw !x
*default*        0x00000000         0xffffffff

Linker script and memory map

LOAD c:/program files/atmel/atmel studio 6.0/extensions/atmel/avrgcc/3.4.0.65/avrtoolchain/bin/../lib/gcc/avr/4.6.2/../../../../avr/lib/avrxmega2/crtx16a4u.o
LOAD src/asf/common/services/clock/xmega/sysclk.o
LOAD src/asf/common/services/ioport/xmega/ioport_compat.o
LOAD src/asf/common/services/sleepmgr/xmega/sleepmgr.o
LOAD src/asf/common/services/usb/class/cdc/device/example/atxmega32a4u_stk600-rc044x/ui.o
LOAD src/asf/common/services/usb/class/cdc/device/udi_cdc.o
LOAD src/asf/common/services/usb/class/cdc/device/udi_cdc_desc.o
LOAD src/asf/common/services/usb/udc/udc.o
LOAD src/asf/xmega/boards/stk600/rc044x/init.o
LOAD src/asf/xmega/drivers/cpu/ccp.o
LOAD src/asf/xmega/drivers/nvm/nvm.o
LOAD src/asf/xmega/drivers/nvm/nvm_asm.o
LOAD src/asf/xmega/drivers/usart/usart.o
LOAD src/asf/xmega/drivers/usb/usb_device.o
LOAD src/main.o
LOAD src/uart_xmega.o
START GROUP
LOAD c:/program files/atmel/atmel studio 6.0/extensions/atmel/avrgcc/3.4.0.65/avrtoolchain/bin/../lib/gcc/avr/4.6.2/../../../../avr/lib/avrxmega2\libm.a
END GROUP
Address of section .BOOT set to 0x8000
LOAD c:/program files/atmel/atmel studio 6.0/extensions/atmel/avrgcc/3.4.0.65/avrtoolchain/bin/../lib/gcc/avr/4.6.2/avrxmega2\libgcc.a
LOAD c:/program files/atmel/atmel studio 6.0/extensions/atmel/avrgcc/3.4.0.65/avrtoolchain/bin/../lib/gcc/avr/4.6.2/../../../../avr/lib/avrxmega2\libc.a
LOAD c:/program files/atmel/atmel studio 6.0/extensions/atmel/avrgcc/3.4.0.65/avrtoolchain/bin/../lib/gcc/avr/4.6.2/avrxmega2\libgcc.a

.hash
 *(.hash)

.dynsym
 *(.dynsym)

.dynstr
 *(.dynstr)

.gnu.version
 *(.gnu.version)

.gnu.version_d
 *(.gnu.version_d)

.gnu.version_r
 *(.gnu.version_r)

.rel.init
 *(.rel.init)

.rela.init
 *(.rela.init)

.rel.text
 *(.rel.text)
 *(.rel.text.*)
 *(.rel.gnu.linkonce.t*)

.rela.text
 *(.rela.text)
 *(.rela.text.*)
 *(.rela.gnu.linkonce.t*)

.rel.fini
 *(.rel.fini)

.rela.fini
 *(.rela.fini)

.rel.rodata
 *(.rel.rodata)
 *(.rel.rodata.*)
 *(.rel.gnu.linkonce.r*)

.rela.rodata
 *(.rela.rodata)
 *(.rela.rodata.*)
 *(.rela.gnu.linkonce.r*)

.rel.data
 *(.rel.data)
 *(.rel.data.*)
 *(.rel.gnu.linkonce.d*)

.rela.data
 *(.rela.data)
 *(.rela.data.*)
 *(.rela.gnu.linkonce.d*)

.rel.ctors
 *(.rel.ctors)

.rela.ctors
 *(.rela.ctors)

.rel.dtors
 *(.rel.dtors)

.rela.dtors
 *(.rela.dtors)

.rel.got
 *(.rel.got)

.rela.got
 *(.rela.got)

.rel.bss
 *(.rel.bss)

.rela.bss
 *(.rela.bss)

.rel.plt
 *(.rel.plt)

.rela.plt
 *(.rela.plt)

.text           0x00000000     0x230c
 *(.vectors)
 .vectors       0x00000000      0x1fc c:/program files/atmel/atmel studio 6.0/extensions/atmel/avrgcc/3.4.0.65/avrtoolchain/bin/../lib/gcc/avr/4.6.2/../../../../avr/lib/avrxmega2/crtx16a4u.o
                0x00000000                __vector_default
                0x00000000                __vectors
 *(.vectors)
 *(.progmem.gcc*)
 *(.progmem*)
 .progmem.data  0x000001fc        0x6 src/asf/common/services/sleepmgr/xmega/sleepmgr.o
                0x000001fc                sleepmgr_configs
                0x00000202                . = ALIGN (0x2)
                0x00000202                __trampolines_start = .
 *(.trampolines)
 .trampolines   0x00000202        0x0 linker stubs
 *(.trampolines*)
                0x00000202                __trampolines_end = .
 *(.jumptables)
 *(.jumptables*)
 *(.lowtext)
 *(.lowtext*)
                0x00000202                __ctors_start = .
 *(.ctors)
                0x00000202                __ctors_end = .
                0x00000202                __dtors_start = .
 *(.dtors)
                0x00000202                __dtors_end = .
 SORT(*)(.ctors)
 SORT(*)(.dtors)
 *(.init0)
 .init0         0x00000202        0x0 c:/program files/atmel/atmel studio 6.0/extensions/atmel/avrgcc/3.4.0.65/avrtoolchain/bin/../lib/gcc/avr/4.6.2/../../../../avr/lib/avrxmega2/crtx16a4u.o
                0x00000202                __init
 *(.init0)
 *(.init1)
 *(.init1)
 *(.init2)
 .init2         0x00000202        0xc c:/program files/atmel/atmel studio 6.0/extensions/atmel/avrgcc/3.4.0.65/avrtoolchain/bin/../lib/gcc/avr/4.6.2/../../../../avr/lib/avrxmega2/crtx16a4u.o
 *(.init2)
 *(.init3)
 *(.init3)
 *(.init4)
 .init4         0x0000020e       0x16 c:/program files/atmel/atmel studio 6.0/extensions/atmel/avrgcc/3.4.0.65/avrtoolchain/bin/../lib/gcc/avr/4.6.2/avrxmega2\libgcc.a(_copy_data.o)
                0x0000020e                __do_copy_data
 .init4         0x00000224       0x10 c:/program files/atmel/atmel studio 6.0/extensions/atmel/avrgcc/3.4.0.65/avrtoolchain/bin/../lib/gcc/avr/4.6.2/avrxmega2\libgcc.a(_clear_bss.o)
                0x00000224                __do_clear_bss
 *(.init4)
 *(.init5)
 *(.init5)
 *(.init6)
 *(.init6)
 *(.init7)
 *(.init7)
 *(.init8)
 *(.init8)
 *(.init9)
 .init9         0x00000234        0x8 c:/program files/atmel/atmel studio 6.0/extensions/atmel/avrgcc/3.4.0.65/avrtoolchain/bin/../lib/gcc/avr/4.6.2/../../../../avr/lib/avrxmega2/crtx16a4u.o
 *(.init9)
 *(.text)
 .text          0x0000023c        0x2 c:/program files/atmel/atmel studio 6.0/extensions/atmel/avrgcc/3.4.0.65/avrtoolchain/bin/../lib/gcc/avr/4.6.2/../../../../avr/lib/avrxmega2/crtx16a4u.o
                0x0000023c                __vector_38
                0x0000023c                __vector_104
                0x0000023c                __vector_22
                0x0000023c                __vector_63
                0x0000023c                __vector_28
                0x0000023c                __vector_67
                0x0000023c                __vector_1
                0x0000023c                __vector_119
                0x0000023c                __vector_32
                0x0000023c                __vector_75
                0x0000023c                __vector_71
                0x0000023c                __vector_91
                0x0000023c                __vector_34
                0x0000023c                __vector_62
                0x0000023c                __vector_77
                0x0000023c                __vector_102
                0x0000023c                __vector_24
                0x0000023c                __vector_12
                0x0000023c                __vector_55
                0x0000023c                __vector_69
                0x0000023c                __vector_81
                0x0000023c                __vector_90
                0x0000023c                __vector_46
                0x0000023c                __bad_interrupt
                0x0000023c                __vector_122
                0x0000023c                __vector_72
                0x0000023c                __vector_114
                0x0000023c                __vector_6
                0x0000023c                __vector_110
                0x0000023c                __vector_31
                0x0000023c                __vector_92
                0x0000023c                __vector_35
                0x0000023c                __vector_78
                0x0000023c                __vector_74
                0x0000023c                __vector_117
                0x0000023c                __vector_39
                0x0000023c                __vector_107
                0x0000023c                __vector_3
                0x0000023c                __vector_105
                0x0000023c                __vector_98
                0x0000023c                __vector_23
                0x0000023c                __vector_68
                0x0000023c                __vector_30
                0x0000023c                __vector_73
                0x0000023c                __vector_45
                0x0000023c                __vector_93
                0x0000023c                __vector_61
                0x0000023c                __vector_11
                0x0000023c                __vector_54
                0x0000023c                __vector_99
                0x0000023c                __vector_13
                0x0000023c                __vector_17
                0x0000023c                __vector_19
                0x0000023c                __vector_56
                0x0000023c                __vector_7
                0x0000023c                __vector_49
                0x0000023c                __vector_123
                0x0000023c                __vector_41
                0x0000023c                __vector_86
                0x0000023c                __vector_100
                0x0000023c                __vector_101
                0x0000023c                __vector_64
                0x0000023c                __vector_88
                0x0000023c                __vector_109
                0x0000023c                __vector_43
                0x0000023c                __vector_27
                0x0000023c                __vector_5
                0x0000023c                __vector_113
                0x0000023c                __vector_33
                0x0000023c                __vector_76
                0x0000023c                __vector_115
                0x0000023c                __vector_47
                0x0000023c                __vector_52
                0x0000023c                __vector_37
                0x0000023c                __vector_95
                0x0000023c                __vector_103
                0x0000023c                __vector_96
                0x0000023c                __vector_89
                0x0000023c                __vector_108
                0x0000023c                __vector_4
                0x0000023c                __vector_44
                0x0000023c                __vector_82
                0x0000023c                __vector_106
                0x0000023c                __vector_118
                0x0000023c                __vector_51
                0x0000023c                __vector_9
                0x0000023c                __vector_2
                0x0000023c                __vector_21
                0x0000023c                __vector_15
                0x0000023c                __vector_66
                0x0000023c                __vector_36
                0x0000023c                __vector_79
                0x0000023c                __vector_58
                0x0000023c                __vector_70
                0x0000023c                __vector_83
                0x0000023c                __vector_29
                0x0000023c                __vector_60
                0x0000023c                __vector_121
                0x0000023c                __vector_40
                0x0000023c                __vector_85
                0x0000023c                __vector_94
                0x0000023c                __vector_8
                0x0000023c                __vector_48
                0x0000023c                __vector_124
                0x0000023c                __vector_116
                0x0000023c                __vector_112
                0x0000023c                __vector_111
                0x0000023c                __vector_80
                0x0000023c                __vector_14
                0x0000023c                __vector_84
                0x0000023c                __vector_57
                0x0000023c                __vector_53
                0x0000023c                __vector_10
                0x0000023c                __vector_50
                0x0000023c                __vector_16
                0x0000023c                __vector_59
                0x0000023c                __vector_18
                0x0000023c                __vector_97
                0x0000023c                __vector_20
                0x0000023c                __vector_42
                0x0000023c                __vector_87
                0x0000023c                __vector_65
                0x0000023c                __vector_120
                0x0000023e                . = ALIGN (0x2)
 *(.text.*)
 .text.sysclk_init
                0x0000023e       0xda src/asf/common/services/clock/xmega/sysclk.o
                0x0000023e                sysclk_init
 .text.sysclk_enable_module
                0x00000318       0x18 src/asf/common/services/clock/xmega/sysclk.o
                0x00000318                sysclk_enable_module
 .text.sysclk_disable_module
                0x00000330       0x16 src/asf/common/services/clock/xmega/sysclk.o
                0x00000330                sysclk_disable_module
 .text.sysclk_enable_usb
                0x00000346       0x6a src/asf/common/services/clock/xmega/sysclk.o
                0x00000346                sysclk_enable_usb
 .text.ioport_configure_port_pin
                0x000003b0       0x4c src/asf/common/services/ioport/xmega/ioport_compat.o
                0x000003b0                ioport_configure_port_pin
 .text.ui_init  0x000003fc       0x22 src/asf/common/services/usb/class/cdc/device/example/atxmega32a4u_stk600-rc044x/ui.o
                0x000003fc                ui_init
 .text.ui_powerdown
                0x0000041e       0x22 src/asf/common/services/usb/class/cdc/device/example/atxmega32a4u_stk600-rc044x/ui.o
                0x0000041e                ui_powerdown
 .text.ui_wakeup
                0x00000440        0xa src/asf/common/services/usb/class/cdc/device/example/atxmega32a4u_stk600-rc044x/ui.o
                0x00000440                ui_wakeup
 .text.ui_com_open
                0x0000044a        0xa src/asf/common/services/usb/class/cdc/device/example/atxmega32a4u_stk600-rc044x/ui.o
                0x0000044a                ui_com_open
 .text.ui_com_close
                0x00000454       0x1a src/asf/common/services/usb/class/cdc/device/example/atxmega32a4u_stk600-rc044x/ui.o
                0x00000454                ui_com_close
 .text.ui_com_rx_start
                0x0000046e        0xa src/asf/common/services/usb/class/cdc/device/example/atxmega32a4u_stk600-rc044x/ui.o
                0x0000046e                ui_com_rx_start
 .text.ui_com_rx_stop
                0x00000478        0xa src/asf/common/services/usb/class/cdc/device/example/atxmega32a4u_stk600-rc044x/ui.o
                0x00000478                ui_com_rx_stop
 .text.ui_com_tx_start
                0x00000482        0xa src/asf/common/services/usb/class/cdc/device/example/atxmega32a4u_stk600-rc044x/ui.o
                0x00000482                ui_com_tx_start
 .text.ui_com_tx_stop
                0x0000048c        0xa src/asf/common/services/usb/class/cdc/device/example/atxmega32a4u_stk600-rc044x/ui.o
                0x0000048c                ui_com_tx_stop
 .text.ui_com_error
                0x00000496        0xa src/asf/common/services/usb/class/cdc/device/example/atxmega32a4u_stk600-rc044x/ui.o
                0x00000496                ui_com_error
 .text.ui_com_overflow
                0x000004a0        0xa src/asf/common/services/usb/class/cdc/device/example/atxmega32a4u_stk600-rc044x/ui.o
                0x000004a0                ui_com_overflow
 .text.ui_process
                0x000004aa       0x20 src/asf/common/services/usb/class/cdc/device/example/atxmega32a4u_stk600-rc044x/ui.o
                0x000004aa                ui_process
 .text.udi_cdc_data_disable
                0x000004ca        0x2 src/asf/common/services/usb/class/cdc/device/udi_cdc.o
                0x000004ca                udi_cdc_data_disable
 .text.udi_cdc_data_setup
                0x000004cc        0x4 src/asf/common/services/usb/class/cdc/device/udi_cdc.o
                0x000004cc                udi_cdc_data_setup
 .text.udi_cdc_getsetting
                0x000004d0        0x4 src/asf/common/services/usb/class/cdc/device/udi_cdc.o
                0x000004d0                udi_cdc_getsetting
 .text.udi_cdc_ctrl_state_notify
                0x000004d4       0x50 src/asf/common/services/usb/class/cdc/device/udi_cdc.o
 .text.udi_cdc_ctrl_state_change
                0x00000524       0x3c src/asf/common/services/usb/class/cdc/device/udi_cdc.o
 .text.udi_cdc_serial_state_msg_sent
                0x00000560       0x2c src/asf/common/services/usb/class/cdc/device/udi_cdc.o
 .text.udi_cdc_tx_send
                0x0000058c       0xfa src/asf/common/services/usb/class/cdc/device/udi_cdc.o
 .text.udi_cdc_data_sof_notify
                0x00000686        0x4 src/asf/common/services/usb/class/cdc/device/udi_cdc.o
                0x00000686                udi_cdc_data_sof_notify
 .text.udi_cdc_data_sent
                0x0000068a       0x30 src/asf/common/services/usb/class/cdc/device/udi_cdc.o
 .text.udi_cdc_comm_setup
                0x000006ba       0xba src/asf/common/services/usb/class/cdc/device/udi_cdc.o
                0x000006ba                udi_cdc_comm_setup
 .text.udi_cdc_line_coding_received
                0x00000774        0x8 src/asf/common/services/usb/class/cdc/device/udi_cdc.o
 .text.udi_cdc_comm_disable
                0x0000077c        0x8 src/asf/common/services/usb/class/cdc/device/udi_cdc.o
                0x0000077c                udi_cdc_comm_disable
 .text.udi_cdc_comm_enable
                0x00000784       0x6a src/asf/common/services/usb/class/cdc/device/udi_cdc.o
                0x00000784                udi_cdc_comm_enable
 .text.udi_cdc_signal_framing_error
                0x000007ee        0xa src/asf/common/services/usb/class/cdc/device/udi_cdc.o
                0x000007ee                udi_cdc_signal_framing_error
 .text.udi_cdc_signal_overrun
                0x000007f8        0xa src/asf/common/services/usb/class/cdc/device/udi_cdc.o
                0x000007f8                udi_cdc_signal_overrun
 .text.udi_cdc_multi_is_rx_ready
                0x00000802       0x26 src/asf/common/services/usb/class/cdc/device/udi_cdc.o
                0x00000802                udi_cdc_multi_is_rx_ready
 .text.udi_cdc_rx_start
                0x00000828       0x94 src/asf/common/services/usb/class/cdc/device/udi_cdc.o
 .text.udi_cdc_data_received
                0x000008bc       0x5e src/asf/common/services/usb/class/cdc/device/udi_cdc.o
 .text.udi_cdc_data_enable
                0x0000091a       0x4e src/asf/common/services/usb/class/cdc/device/udi_cdc.o
                0x0000091a                udi_cdc_data_enable
 .text.udi_cdc_is_rx_ready
                0x00000968        0x4 src/asf/common/services/usb/class/cdc/device/udi_cdc.o
                0x00000968                udi_cdc_is_rx_ready
 .text.udi_cdc_multi_getc
                0x0000096c       0xa2 src/asf/common/services/usb/class/cdc/device/udi_cdc.o
                0x0000096c                udi_cdc_multi_getc
 .text.udi_cdc_getc
                0x00000a0e        0x4 src/asf/common/services/usb/class/cdc/device/udi_cdc.o
                0x00000a0e                udi_cdc_getc
 .text.udi_cdc_multi_is_tx_ready
                0x00000a12       0x66 src/asf/common/services/usb/class/cdc/device/udi_cdc.o
                0x00000a12                udi_cdc_multi_is_tx_ready
 .text.udi_cdc_is_tx_ready
                0x00000a78        0x4 src/asf/common/services/usb/class/cdc/device/udi_cdc.o
                0x00000a78                udi_cdc_is_tx_ready
 .text.udi_cdc_multi_putc
                0x00000a7c       0x9a src/asf/common/services/usb/class/cdc/device/udi_cdc.o
                0x00000a7c                udi_cdc_multi_putc
 .text.udi_cdc_putc
                0x00000b16        0x6 src/asf/common/services/usb/class/cdc/device/udi_cdc.o
                0x00000b16                udi_cdc_putc
 .text.udc_get_eof_conf
                0x00000b1c       0x18 src/asf/common/services/usb/udc/udc.o
 .text.udc_next_desc_in_iface
                0x00000b34       0x5e src/asf/common/services/usb/udc/udc.o
 .text.udc_update_iface_desc
                0x00000b92       0x8a src/asf/common/services/usb/udc/udc.o
 .text.udc_valid_address
                0x00000c1c        0x8 src/asf/common/services/usb/udc/udc.o
 .text.udc_iface_enable
                0x00000c24       0x6c src/asf/common/services/usb/udc/udc.o
 .text.udc_iface_disable
                0x00000c90       0x82 src/asf/common/services/usb/udc/udc.o
 .text.udc_start
                0x00000d12        0x4 src/asf/common/services/usb/udc/udc.o
                0x00000d12                udc_start
 .text.udc_reset
                0x00000d16       0x4e src/asf/common/services/usb/udc/udc.o
                0x00000d16                udc_reset
 .text.udc_sof_notify
                0x00000d64       0x62 src/asf/common/services/usb/udc/udc.o
                0x00000d64                udc_sof_notify
 .text.udc_process_setup
                0x00000dc6      0x4c2 src/asf/common/services/usb/udc/udc.o
                0x00000dc6                udc_process_setup
 .text.board_init
                0x00001288       0x90 src/asf/xmega/boards/stk600/rc044x/init.o
                0x00001288                board_init
 .text.ccp_write_io
                0x00001318        0xc src/asf/xmega/drivers/cpu/ccp.o
                0x00001318                ccp_write_io
 .text.nvm_read_byte
                0x00001324       0x14 src/asf/xmega/drivers/nvm/nvm_asm.o
                0x00001324                nvm_read_byte
 .text.udd_sleep_mode
                0x00001338       0x3c src/asf/xmega/drivers/usb/usb_device.o
 .text.udd_ep_get_ctrl
                0x00001374       0x34 src/asf/xmega/drivers/usb/usb_device.o
 .text.udd_ep_init
                0x000013a8       0x92 src/asf/xmega/drivers/usb/usb_device.o
 .text.udd_ctrl_init
                0x0000143a       0x54 src/asf/xmega/drivers/usb/usb_device.o
 .text.udd_ctrl_stall_data
                0x0000148e       0x1a src/asf/xmega/drivers/usb/usb_device.o
 .text.udd_ctrl_send_zlp_in
                0x000014a8       0x1c src/asf/xmega/drivers/usb/usb_device.o
 .text.udd_ctrl_send_zlp_out
                0x000014c4       0x14 src/asf/xmega/drivers/usb/usb_device.o
 .text.udd_ctrl_endofrequest
                0x000014d8       0x10 src/asf/xmega/drivers/usb/usb_device.o
 .text.udd_ctrl_in_sent
                0x000014e8       0xd0 src/asf/xmega/drivers/usb/usb_device.o
 .text.udd_ep_get_size
                0x000015b8       0x6c src/asf/xmega/drivers/usb/usb_device.o
 .text.udd_ep_get_job
                0x00001624       0x38 src/asf/xmega/drivers/usb/usb_device.o
 .text.udd_ctrl_interrupt_tc_setup
                0x0000165c       0xda src/asf/xmega/drivers/usb/usb_device.o
 .text.udd_ep_trans_complet
                0x00001736      0x1ec src/asf/xmega/drivers/usb/usb_device.o
 .text.udd_enable
                0x00001922       0xfe src/asf/xmega/drivers/usb/usb_device.o
                0x00001922                udd_enable
 .text.udd_include_vbus_monitoring
                0x00001a20        0x4 src/asf/xmega/drivers/usb/usb_device.o
                0x00001a20                udd_include_vbus_monitoring
 .text.udd_attach
                0x00001a24       0x46 src/asf/xmega/drivers/usb/usb_device.o
                0x00001a24                udd_attach
 .text.udd_detach
                0x00001a6a        0xc src/asf/xmega/drivers/usb/usb_device.o
                0x00001a6a                udd_detach
 .text.udd_is_high_speed
                0x00001a76        0x4 src/asf/xmega/drivers/usb/usb_device.o
                0x00001a76                udd_is_high_speed
 .text.udd_set_address
                0x00001a7a        0x6 src/asf/xmega/drivers/usb/usb_device.o
                0x00001a7a                udd_set_address
 .text.udd_getaddress
                0x00001a80        0x6 src/asf/xmega/drivers/usb/usb_device.o
                0x00001a80                udd_getaddress
 .text.udd_get_frame_number
                0x00001a86        0xa src/asf/xmega/drivers/usb/usb_device.o
                0x00001a86                udd_get_frame_number
 .text.udd_get_micro_frame_number
                0x00001a90        0x6 src/asf/xmega/drivers/usb/usb_device.o
                0x00001a90                udd_get_micro_frame_number
 .text.udd_set_setup_payload
                0x00001a96       0x12 src/asf/xmega/drivers/usb/usb_device.o
                0x00001a96                udd_set_setup_payload
 .text.udd_ep_alloc
                0x00001aa8       0x58 src/asf/xmega/drivers/usb/usb_device.o
                0x00001aa8                udd_ep_alloc
 .text.udd_ep_is_halted
                0x00001b00        0xe src/asf/xmega/drivers/usb/usb_device.o
                0x00001b00                udd_ep_is_halted
 .text.udd_ep_clear_halt
                0x00001b0e       0x32 src/asf/xmega/drivers/usb/usb_device.o
                0x00001b0e                udd_ep_clear_halt
 .text.udd_ep_run
                0x00001b40       0xf8 src/asf/xmega/drivers/usb/usb_device.o
                0x00001b40                udd_ep_run
 .text.udd_ep_abort
                0x00001c38       0x58 src/asf/xmega/drivers/usb/usb_device.o
                0x00001c38                udd_ep_abort
 .text.udd_ep_set_halt
                0x00001c90       0x20 src/asf/xmega/drivers/usb/usb_device.o
                0x00001c90                udd_ep_set_halt
 .text.udd_ep_free
                0x00001cb0       0x12 src/asf/xmega/drivers/usb/usb_device.o
                0x00001cb0                udd_ep_free
 .text.__vector_125
                0x00001cc2      0x164 src/asf/xmega/drivers/usb/usb_device.o
                0x00001cc2                __vector_125
 .text.__vector_126
                0x00001e26      0x1b4 src/asf/xmega/drivers/usb/usb_device.o
                0x00001e26                __vector_126
 .text.main_vbus_action
                0x00001fda        0x8 src/main.o
                0x00001fda                main_vbus_action
 .text.main     0x00001fe2       0x8a src/main.o
                0x00001fe2                main
 .text.main_suspend_action
                0x0000206c        0x6 src/main.o
                0x0000206c                main_suspend_action
 .text.main_resume_action
                0x00002072        0x6 src/main.o
                0x00002072                main_resume_action
 .text.main_sof_action
                0x00002078       0x10 src/main.o
                0x00002078                main_sof_action
 .text.main_cdc_enable
                0x00002088        0xc src/main.o
                0x00002088                main_cdc_enable
 .text.main_cdc_disable
                0x00002094        0x6 src/main.o
                0x00002094                main_cdc_disable
 .text.main_cdc_set_dtr
                0x0000209a        0xc src/main.o
                0x0000209a                main_cdc_set_dtr
 .text.uart_config
                0x000020a6       0xba src/uart_xmega.o
                0x000020a6                uart_config
 .text.uart_open
                0x00002160       0x22 src/uart_xmega.o
                0x00002160                uart_open
 .text.uart_close
                0x00002182       0x12 src/uart_xmega.o
                0x00002182                uart_close
 .text.uart_rx_notify
                0x00002194       0x10 src/uart_xmega.o
                0x00002194                uart_rx_notify
 .text.__vector_25
                0x000021a4       0x80 src/uart_xmega.o
                0x000021a4                __vector_25
 .text.__vector_26
                0x00002224       0x66 src/uart_xmega.o
                0x00002224                __vector_26
 .text.libgcc   0x0000228a       0x28 c:/program files/atmel/atmel studio 6.0/extensions/atmel/avrgcc/3.4.0.65/avrtoolchain/bin/../lib/gcc/avr/4.6.2/avrxmega2\libgcc.a(_udivmodhi4.o)
                0x0000228a                __udivmodhi4
 .text.libgcc   0x000022b2       0x44 c:/program files/atmel/atmel studio 6.0/extensions/atmel/avrgcc/3.4.0.65/avrtoolchain/bin/../lib/gcc/avr/4.6.2/avrxmega2\libgcc.a(_udivmodsi4.o)
                0x000022b2                __udivmodsi4
 .text.avr-libc
                0x000022f6       0x12 c:/program files/atmel/atmel studio 6.0/extensions/atmel/avrgcc/3.4.0.65/avrtoolchain/bin/../lib/gcc/avr/4.6.2/../../../../avr/lib/avrxmega2\libc.a(memcpy.o)
                0x000022f6                memcpy
                0x00002308                . = ALIGN (0x2)
 *(.fini9)
 .fini9         0x00002308        0x0 c:/program files/atmel/atmel studio 6.0/extensions/atmel/avrgcc/3.4.0.65/avrtoolchain/bin/../lib/gcc/avr/4.6.2/avrxmega2\libgcc.a(_exit.o)
                0x00002308                _exit
                0x00002308                exit
 *(.fini9)
 *(.fini8)
 *(.fini8)
 *(.fini7)
 *(.fini7)
 *(.fini6)
 *(.fini6)
 *(.fini5)
 *(.fini5)
 *(.fini4)
 *(.fini4)
 *(.fini3)
 *(.fini3)
 *(.fini2)
 *(.fini2)
 *(.fini1)
 *(.fini1)
 *(.fini0)
 .fini0         0x00002308        0x4 c:/program files/atmel/atmel studio 6.0/extensions/atmel/avrgcc/3.4.0.65/avrtoolchain/bin/../lib/gcc/avr/4.6.2/avrxmega2\libgcc.a(_exit.o)
 *(.fini0)
                0x0000230c                _etext = .

.data           0x00802000       0xb4 load address 0x0000230c
                0x00802000                PROVIDE (__data_start, .)
 *(.data)
 *(.data*)
 .data.udi_api_cdc_data
                0x00802000        0xa src/asf/common/services/usb/class/cdc/device/udi_cdc.o
                0x00802000                udi_api_cdc_data
 .data.udi_api_cdc_comm
                0x0080200a        0xa src/asf/common/services/usb/class/cdc/device/udi_cdc.o
                0x0080200a                udi_api_cdc_comm
 .data.udc_config
                0x00802014        0x4 src/asf/common/services/usb/class/cdc/device/udi_cdc_desc.o
                0x00802014                udc_config
 .data.udc_config_fs
                0x00802018        0x4 src/asf/common/services/usb/class/cdc/device/udi_cdc_desc.o
                0x00802018                udc_config_fs
 .data.udi_apis
                0x0080201c        0x4 src/asf/common/services/usb/class/cdc/device/udi_cdc_desc.o
                0x0080201c                udi_apis
 .data.udc_desc_fs
                0x00802020       0x43 src/asf/common/services/usb/class/cdc/device/udi_cdc_desc.o
                0x00802020                udc_desc_fs
 .data.udc_device_desc
                0x00802063       0x12 src/asf/common/services/usb/class/cdc/device/udi_cdc_desc.o
                0x00802063                udc_device_desc
 .data.udc_string_desc_languageid
                0x00802075        0x4 src/asf/common/services/usb/udc/udc.o
 .data.udc_string_manufacturer_name
                0x00802079        0xe src/asf/common/services/usb/udc/udc.o
 .data.udc_string_product_name
                0x00802087        0xf src/asf/common/services/usb/udc/udc.o
 .data.udc_string_desc
                0x00802096       0x1e src/asf/common/services/usb/udc/udc.o
 *(.rodata)
 *(.rodata*)
 *(.gnu.linkonce.d*)
                0x008020b4                . = ALIGN (0x2)
                0x008020b4                _edata = .
                0x008020b4                PROVIDE (__data_end, .)

.bss            0x008020b4      0x6d8
                0x008020b4                PROVIDE (__bss_start, .)
 *(.bss)
 *(.bss*)
 .bss.udi_cdc_tx_both_buf_to_send
                0x008020b4        0x1 src/asf/common/services/usb/class/cdc/device/udi_cdc.o
 .bss.udi_cdc_tx_trans_ongoing
                0x008020b5        0x1 src/asf/common/services/usb/class/cdc/device/udi_cdc.o
 .bss.udi_cdc_tx_buf_sel
                0x008020b6        0x1 src/asf/common/services/usb/class/cdc/device/udi_cdc.o
 .bss.udi_cdc_rx_trans_ongoing
                0x008020b7        0x1 src/asf/common/services/usb/class/cdc/device/udi_cdc.o
 .bss.udi_cdc_rx_pos
                0x008020b8        0x2 src/asf/common/services/usb/class/cdc/device/udi_cdc.o
 .bss.udi_cdc_rx_buf_sel
                0x008020ba        0x1 src/asf/common/services/usb/class/cdc/device/udi_cdc.o
 .bss.udi_cdc_running
                0x008020bb        0x1 src/asf/common/services/usb/class/cdc/device/udi_cdc.o
 .bss.udi_cdc_state
                0x008020bc        0x2 src/asf/common/services/usb/class/cdc/device/udi_cdc.o
 .bss.uid_cdc_state_msg
                0x008020be        0xa src/asf/common/services/usb/class/cdc/device/udi_cdc.o
 .bss.udi_cdc_line_coding
                0x008020c8        0x7 src/asf/common/services/usb/class/cdc/device/udi_cdc.o
 .bss.udi_cdc_tx_buf_nb
                0x008020cf        0x4 src/asf/common/services/usb/class/cdc/device/udi_cdc.o
 .bss.udi_cdc_tx_sof_num
                0x008020d3        0x2 src/asf/common/services/usb/class/cdc/device/udi_cdc.o
 .bss.udi_cdc_rx_buf_nb
                0x008020d5        0x4 src/asf/common/services/usb/class/cdc/device/udi_cdc.o
 .bss.udi_cdc_tx_buf
                0x008020d9      0x280 src/asf/common/services/usb/class/cdc/device/udi_cdc.o
 .bss.udi_cdc_rx_buf
                0x00802359      0x280 src/asf/common/services/usb/class/cdc/device/udi_cdc.o
 .bss.udi_cdc_serial_state_msg_ongoing
                0x008025d9        0x1 src/asf/common/services/usb/class/cdc/device/udi_cdc.o
 .bss.udc_ptr_iface
                0x008025da        0x2 src/asf/common/services/usb/udc/udc.o
 .bss.udc_num_configuration
                0x008025dc        0x1 src/asf/common/services/usb/udc/udc.o
 .bss.udc_ptr_conf
                0x008025dd        0x2 src/asf/common/services/usb/udc/udc.o
 .bss.udc_device_status
                0x008025df        0x2 src/asf/common/services/usb/udc/udc.o
 .bss.udc_iface_setting.4324
                0x008025e1        0x1 src/asf/common/services/usb/udc/udc.o
 .bss.udc_ep_status.4266
                0x008025e2        0x2 src/asf/common/services/usb/udc/udc.o
 .bss.udd_sram  0x008025e4       0x54 src/asf/xmega/drivers/usb/usb_device.o
 .bss.udd_ep_job
                0x00802638       0x36 src/asf/xmega/drivers/usb/usb_device.o
 .bss.udd_b_idle
                0x0080266e        0x1 src/asf/xmega/drivers/usb/usb_device.o
 .bss.udd_ep_out_cache_buffer
                0x0080266f       0xc0 src/asf/xmega/drivers/usb/usb_device.o
 .bss.udd_ctrl_buffer
                0x0080272f       0x40 src/asf/xmega/drivers/usb/usb_device.o
 .bss.udd_ep_control_state
                0x0080276f        0x1 src/asf/xmega/drivers/usb/usb_device.o
 .bss.udd_ctrl_prev_payload_nb_trans
                0x00802770        0x2 src/asf/xmega/drivers/usb/usb_device.o
 .bss.udd_ctrl_payload_nb_trans
                0x00802772        0x2 src/asf/xmega/drivers/usb/usb_device.o
 .bss.b_shortpacket.4960
                0x00802774        0x1 src/asf/xmega/drivers/usb/usb_device.o
 .bss.main_b_cdc_enable
                0x00802775        0x1 src/main.o
 *(COMMON)
 COMMON         0x00802776        0x6 src/asf/common/services/sleepmgr/xmega/sleepmgr.o
                0x00802776                sleepmgr_locks
 COMMON         0x0080277c       0x10 src/asf/xmega/drivers/usb/usb_device.o
                0x0080277c                udd_g_ctrlreq
                0x0080278c                PROVIDE (__bss_end, .)
                0x0000230c                __data_load_start = LOADADDR (.data)
                0x000023c0                __data_load_end = (__data_load_start + SIZEOF (.data))

.noinit         0x0080278c        0x0
                0x0080278c                PROVIDE (__noinit_start, .)
 *(.noinit*)
                0x0080278c                PROVIDE (__noinit_end, .)
                0x0080278c                _end = .
                0x0080278c                PROVIDE (__heap_start, .)

.eeprom         0x00810000        0x0
 *(.eeprom*)
                0x00810000                __eeprom_end = .

.fuse
 *(.fuse)
 *(.lfuse)
 *(.hfuse)
 *(.efuse)

.lock
 *(.lock*)

.signature
 *(.signature*)

.stab           0x00000000      0x750
 *(.stab)
 .stab          0x00000000      0x6cc c:/program files/atmel/atmel studio 6.0/extensions/atmel/avrgcc/3.4.0.65/avrtoolchain/bin/../lib/gcc/avr/4.6.2/../../../../avr/lib/avrxmega2/crtx16a4u.o
 .stab          0x000006cc       0x84 c:/program files/atmel/atmel studio 6.0/extensions/atmel/avrgcc/3.4.0.65/avrtoolchain/bin/../lib/gcc/avr/4.6.2/../../../../avr/lib/avrxmega2\libc.a(memcpy.o)
                                 0x90 (size before relaxing)

.stabstr        0x00000000       0xe7
 *(.stabstr)
 .stabstr       0x00000000       0xe7 c:/program files/atmel/atmel studio 6.0/extensions/atmel/avrgcc/3.4.0.65/avrtoolchain/bin/../lib/gcc/avr/4.6.2/../../../../avr/lib/avrxmega2/crtx16a4u.o

.stab.excl
 *(.stab.excl)

.stab.exclstr
 *(.stab.exclstr)

.stab.index
 *(.stab.index)

.stab.indexstr
 *(.stab.indexstr)

.comment
 *(.comment)

.debug
 *(.debug)

.line
 *(.line)

.debug_srcinfo
 *(.debug_srcinfo)

.debug_sfnames
 *(.debug_sfnames)

.debug_aranges  0x00000000      0x550
 *(.debug_aranges)
 .debug_aranges
                0x00000000       0x40 src/asf/common/services/clock/xmega/sysclk.o
 .debug_aranges
                0x00000040       0x20 src/asf/common/services/ioport/xmega/ioport_compat.o
 .debug_aranges
                0x00000060       0x78 src/asf/common/services/usb/class/cdc/device/example/atxmega32a4u_stk600-rc044x/ui.o
 .debug_aranges
                0x000000d8      0x120 src/asf/common/services/usb/class/cdc/device/udi_cdc.o
 .debug_aranges
                0x000001f8       0x78 src/asf/common/services/usb/udc/udc.o
 .debug_aranges
                0x00000270       0x20 src/asf/xmega/boards/stk600/rc044x/init.o
 .debug_aranges
                0x00000290       0x20 src/asf/xmega/drivers/cpu/ccp.o
 .debug_aranges
                0x000002b0       0x28 src/asf/xmega/drivers/nvm/nvm_asm.o
 .debug_aranges
                0x000002d8      0x138 src/asf/xmega/drivers/usb/usb_device.o
 .debug_aranges
                0x00000410       0x58 src/main.o
 .debug_aranges
                0x00000468       0x48 src/uart_xmega.o
 .debug_aranges
                0x000004b0       0x20 c:/program files/atmel/atmel studio 6.0/extensions/atmel/avrgcc/3.4.0.65/avrtoolchain/bin/../lib/gcc/avr/4.6.2/avrxmega2\libgcc.a(_udivmodhi4.o)
 .debug_aranges
                0x000004d0       0x20 c:/program files/atmel/atmel studio 6.0/extensions/atmel/avrgcc/3.4.0.65/avrtoolchain/bin/../lib/gcc/avr/4.6.2/avrxmega2\libgcc.a(_udivmodsi4.o)
 .debug_aranges
                0x000004f0       0x20 c:/program files/atmel/atmel studio 6.0/extensions/atmel/avrgcc/3.4.0.65/avrtoolchain/bin/../lib/gcc/avr/4.6.2/avrxmega2\libgcc.a(_exit.o)
 .debug_aranges
                0x00000510       0x20 c:/program files/atmel/atmel studio 6.0/extensions/atmel/avrgcc/3.4.0.65/avrtoolchain/bin/../lib/gcc/avr/4.6.2/avrxmega2\libgcc.a(_copy_data.o)
 .debug_aranges
                0x00000530       0x20 c:/program files/atmel/atmel studio 6.0/extensions/atmel/avrgcc/3.4.0.65/avrtoolchain/bin/../lib/gcc/avr/4.6.2/avrxmega2\libgcc.a(_clear_bss.o)

.debug_pubnames
 *(.debug_pubnames)

.debug_info     0x00000000     0x6e10
 *(.debug_info)
 .debug_info    0x00000000      0xb3c src/asf/common/services/clock/xmega/sysclk.o
 .debug_info    0x00000b3c      0x11f src/asf/common/services/ioport/xmega/ioport_compat.o
 .debug_info    0x00000c5b      0x154 src/asf/common/services/sleepmgr/xmega/sleepmgr.o
 .debug_info    0x00000daf      0xce8 src/asf/common/services/usb/class/cdc/device/example/atxmega32a4u_stk600-rc044x/ui.o
 .debug_info    0x00001a97     0x114c src/asf/common/services/usb/class/cdc/device/udi_cdc.o
 .debug_info    0x00002be3      0x7a0 src/asf/common/services/usb/class/cdc/device/udi_cdc_desc.o
 .debug_info    0x00003383      0xd10 src/asf/common/services/usb/udc/udc.o
 .debug_info    0x00004093      0x4b1 src/asf/xmega/boards/stk600/rc044x/init.o
 .debug_info    0x00004544       0x9e src/asf/xmega/drivers/cpu/ccp.o
 .debug_info    0x000045e2       0x9e src/asf/xmega/drivers/nvm/nvm_asm.o
 .debug_info    0x00004680     0x1873 src/asf/xmega/drivers/usb/usb_device.o
 .debug_info    0x00005ef3      0x49b src/main.o
 .debug_info    0x0000638e      0x618 src/uart_xmega.o
 .debug_info    0x000069a6       0xe2 c:/program files/atmel/atmel studio 6.0/extensions/atmel/avrgcc/3.4.0.65/avrtoolchain/bin/../lib/gcc/avr/4.6.2/avrxmega2\libgcc.a(_udivmodhi4.o)
 .debug_info    0x00006a88       0xe2 c:/program files/atmel/atmel studio 6.0/extensions/atmel/avrgcc/3.4.0.65/avrtoolchain/bin/../lib/gcc/avr/4.6.2/avrxmega2\libgcc.a(_udivmodsi4.o)
 .debug_info    0x00006b6a       0xe2 c:/program files/atmel/atmel studio 6.0/extensions/atmel/avrgcc/3.4.0.65/avrtoolchain/bin/../lib/gcc/avr/4.6.2/avrxmega2\libgcc.a(_exit.o)
 .debug_info    0x00006c4c       0xe2 c:/program files/atmel/atmel studio 6.0/extensions/atmel/avrgcc/3.4.0.65/avrtoolchain/bin/../lib/gcc/avr/4.6.2/avrxmega2\libgcc.a(_copy_data.o)
 .debug_info    0x00006d2e       0xe2 c:/program files/atmel/atmel studio 6.0/extensions/atmel/avrgcc/3.4.0.65/avrtoolchain/bin/../lib/gcc/avr/4.6.2/avrxmega2\libgcc.a(_clear_bss.o)
 *(.gnu.linkonce.wi.*)

.debug_abbrev   0x00000000     0x154a
 *(.debug_abbrev)
 .debug_abbrev  0x00000000      0x283 src/asf/common/services/clock/xmega/sysclk.o
 .debug_abbrev  0x00000283       0x8f src/asf/common/services/ioport/xmega/ioport_compat.o
 .debug_abbrev  0x00000312       0x9b src/asf/common/services/sleepmgr/xmega/sleepmgr.o
 .debug_abbrev  0x000003ad      0x14d src/asf/common/services/usb/class/cdc/device/example/atxmega32a4u_stk600-rc044x/ui.o
 .debug_abbrev  0x000004fa      0x317 src/asf/common/services/usb/class/cdc/device/udi_cdc.o
 .debug_abbrev  0x00000811      0x103 src/asf/common/services/usb/class/cdc/device/udi_cdc_desc.o
 .debug_abbrev  0x00000914      0x285 src/asf/common/services/usb/udc/udc.o
 .debug_abbrev  0x00000b99      0x122 src/asf/xmega/boards/stk600/rc044x/init.o
 .debug_abbrev  0x00000cbb       0x14 src/asf/xmega/drivers/cpu/ccp.o
 .debug_abbrev  0x00000ccf       0x12 src/asf/xmega/drivers/nvm/nvm_asm.o
 .debug_abbrev  0x00000ce1      0x47f src/asf/xmega/drivers/usb/usb_device.o
 .debug_abbrev  0x00001160      0x22e src/main.o
 .debug_abbrev  0x0000138e      0x158 src/uart_xmega.o
 .debug_abbrev  0x000014e6       0x14 c:/program files/atmel/atmel studio 6.0/extensions/atmel/avrgcc/3.4.0.65/avrtoolchain/bin/../lib/gcc/avr/4.6.2/avrxmega2\libgcc.a(_udivmodhi4.o)
 .debug_abbrev  0x000014fa       0x14 c:/program files/atmel/atmel studio 6.0/extensions/atmel/avrgcc/3.4.0.65/avrtoolchain/bin/../lib/gcc/avr/4.6.2/avrxmega2\libgcc.a(_udivmodsi4.o)
 .debug_abbrev  0x0000150e       0x14 c:/program files/atmel/atmel studio 6.0/extensions/atmel/avrgcc/3.4.0.65/avrtoolchain/bin/../lib/gcc/avr/4.6.2/avrxmega2\libgcc.a(_exit.o)
 .debug_abbrev  0x00001522       0x14 c:/program files/atmel/atmel studio 6.0/extensions/atmel/avrgcc/3.4.0.65/avrtoolchain/bin/../lib/gcc/avr/4.6.2/avrxmega2\libgcc.a(_copy_data.o)
 .debug_abbrev  0x00001536       0x14 c:/program files/atmel/atmel studio 6.0/extensions/atmel/avrgcc/3.4.0.65/avrtoolchain/bin/../lib/gcc/avr/4.6.2/avrxmega2\libgcc.a(_clear_bss.o)

.debug_line     0x00000000     0x518f
 *(.debug_line)
 .debug_line    0x00000000      0x648 src/asf/common/services/clock/xmega/sysclk.o
 .debug_line    0x00000648      0x48e src/asf/common/services/ioport/xmega/ioport_compat.o
 .debug_line    0x00000ad6      0x46d src/asf/common/services/sleepmgr/xmega/sleepmgr.o
 .debug_line    0x00000f43      0x789 src/asf/common/services/usb/class/cdc/device/example/atxmega32a4u_stk600-rc044x/ui.o
 .debug_line    0x000016cc      0x935 src/asf/common/services/usb/class/cdc/device/udi_cdc.o
 .debug_line    0x00002001      0x556 src/asf/common/services/usb/class/cdc/device/udi_cdc_desc.o
 .debug_line    0x00002557      0x78d src/asf/common/services/usb/udc/udc.o
 .debug_line    0x00002ce4      0x4ed src/asf/xmega/boards/stk600/rc044x/init.o
 .debug_line    0x000031d1       0x54 src/asf/xmega/drivers/cpu/ccp.o
 .debug_line    0x00003225       0x8a src/asf/xmega/drivers/nvm/nvm_asm.o
 .debug_line    0x000032af      0xc6f src/asf/xmega/drivers/usb/usb_device.o
 .debug_line    0x00003f1e      0x8d1 src/main.o
 .debug_line    0x000047ef      0x6b7 src/uart_xmega.o
 .debug_line    0x00004ea6       0x9a c:/program files/atmel/atmel studio 6.0/extensions/atmel/avrgcc/3.4.0.65/avrtoolchain/bin/../lib/gcc/avr/4.6.2/avrxmega2\libgcc.a(_udivmodhi4.o)
 .debug_line    0x00004f40       0xa8 c:/program files/atmel/atmel studio 6.0/extensions/atmel/avrgcc/3.4.0.65/avrtoolchain/bin/../lib/gcc/avr/4.6.2/avrxmega2\libgcc.a(_udivmodsi4.o)
 .debug_line    0x00004fe8       0x88 c:/program files/atmel/atmel studio 6.0/extensions/atmel/avrgcc/3.4.0.65/avrtoolchain/bin/../lib/gcc/avr/4.6.2/avrxmega2\libgcc.a(_exit.o)
 .debug_line    0x00005070       0x91 c:/program files/atmel/atmel studio 6.0/extensions/atmel/avrgcc/3.4.0.65/avrtoolchain/bin/../lib/gcc/avr/4.6.2/avrxmega2\libgcc.a(_copy_data.o)
 .debug_line    0x00005101       0x8e c:/program files/atmel/atmel studio 6.0/extensions/atmel/avrgcc/3.4.0.65/avrtoolchain/bin/../lib/gcc/avr/4.6.2/avrxmega2\libgcc.a(_clear_bss.o)

.debug_frame    0x00000000      0xbd0
 *(.debug_frame)
 .debug_frame   0x00000000       0x74 src/asf/common/services/clock/xmega/sysclk.o
 .debug_frame   0x00000074       0x30 src/asf/common/services/ioport/xmega/ioport_compat.o
 .debug_frame   0x000000a4       0xd4 src/asf/common/services/usb/class/cdc/device/example/atxmega32a4u_stk600-rc044x/ui.o
 .debug_frame   0x00000178      0x308 src/asf/common/services/usb/class/cdc/device/udi_cdc.o
 .debug_frame   0x00000480      0x13c src/asf/common/services/usb/udc/udc.o
 .debug_frame   0x000005bc       0x24 src/asf/xmega/boards/stk600/rc044x/init.o
 .debug_frame   0x000005e0      0x438 src/asf/xmega/drivers/usb/usb_device.o
 .debug_frame   0x00000a18       0x94 src/main.o
 .debug_frame   0x00000aac      0x124 src/uart_xmega.o

.debug_str      0x00000000     0x32a0
 *(.debug_str)
 .debug_str     0x00000000      0xa1f src/asf/common/services/clock/xmega/sysclk.o
                                0xa67 (size before relaxing)
 .debug_str     0x00000a1f       0xab src/asf/common/services/ioport/xmega/ioport_compat.o
                                0x1b9 (size before relaxing)
 .debug_str     0x00000aca      0x14d src/asf/common/services/sleepmgr/xmega/sleepmgr.o
                                0x247 (size before relaxing)
 .debug_str     0x00000c17      0x293 src/asf/common/services/usb/class/cdc/device/example/atxmega32a4u_stk600-rc044x/ui.o
                                0x3bd (size before relaxing)
 .debug_str     0x00000eaa      0x8e9 src/asf/common/services/usb/class/cdc/device/udi_cdc.o
                                0xa79 (size before relaxing)
 .debug_str     0x00001793      0x508 src/asf/common/services/usb/class/cdc/device/udi_cdc_desc.o
                                0x67d (size before relaxing)
 .debug_str     0x00001c9b      0x668 src/asf/common/services/usb/udc/udc.o
                                0xb3c (size before relaxing)
 .debug_str     0x00002303       0x4d src/asf/xmega/boards/stk600/rc044x/init.o
                                0x311 (size before relaxing)
 .debug_str     0x00002350      0xaa6 src/asf/xmega/drivers/usb/usb_device.o
                               0x12ce (size before relaxing)
 .debug_str     0x00002df6      0x17f src/main.o
                                0x40b (size before relaxing)
 .debug_str     0x00002f75      0x32b src/uart_xmega.o
                                0x7fb (size before relaxing)

.debug_loc      0x00000000     0x278e
 *(.debug_loc)
 .debug_loc     0x00000000      0x2e5 src/asf/common/services/clock/xmega/sysclk.o
 .debug_loc     0x000002e5       0xb1 src/asf/common/services/ioport/xmega/ioport_compat.o
 .debug_loc     0x00000396       0xa4 src/asf/common/services/usb/class/cdc/device/example/atxmega32a4u_stk600-rc044x/ui.o
 .debug_loc     0x0000043a      0xa5e src/asf/common/services/usb/class/cdc/device/udi_cdc.o
 .debug_loc     0x00000e98      0x53b src/asf/common/services/usb/udc/udc.o
 .debug_loc     0x000013d3     0x105b src/asf/xmega/drivers/usb/usb_device.o
 .debug_loc     0x0000242e       0xf5 src/main.o
 .debug_loc     0x00002523      0x26b src/uart_xmega.o

.debug_macinfo  0x00000000   0x184738
 *(.debug_macinfo)
 .debug_macinfo
                0x00000000    0x21753 src/asf/common/services/clock/xmega/sysclk.o
 .debug_macinfo
                0x00021753    0x20af0 src/asf/common/services/ioport/xmega/ioport_compat.o
 .debug_macinfo
                0x00042243    0x2085b src/asf/common/services/sleepmgr/xmega/sleepmgr.o
 .debug_macinfo
                0x00062a9e    0x227ea src/asf/common/services/usb/class/cdc/device/example/atxmega32a4u_stk600-rc044x/ui.o
 .debug_macinfo
                0x00085288    0x24987 src/asf/common/services/usb/class/cdc/device/udi_cdc.o
 .debug_macinfo
                0x000a9c0f    0x246c2 src/asf/common/services/usb/class/cdc/device/udi_cdc_desc.o
 .debug_macinfo
                0x000ce2d1    0x23098 src/asf/common/services/usb/udc/udc.o
 .debug_macinfo
                0x000f1369    0x213b9 src/asf/xmega/boards/stk600/rc044x/init.o
 .debug_macinfo
                0x00112722    0x27054 src/asf/xmega/drivers/usb/usb_device.o
 .debug_macinfo
                0x00139776    0x25dd4 src/main.o
 .debug_macinfo
                0x0015f54a    0x251ee src/uart_xmega.o
OUTPUT(DEVICE_EXAMPLE1.elf elf32-avr)
LOAD linker stubs

.BOOT           0x00008000        0x0

.debug_ranges   0x00000000      0x4d0
 .debug_ranges  0x00000000       0x30 src/asf/common/services/clock/xmega/sysclk.o
 .debug_ranges  0x00000030       0x10 src/asf/common/services/ioport/xmega/ioport_compat.o
 .debug_ranges  0x00000040       0x68 src/asf/common/services/usb/class/cdc/device/example/atxmega32a4u_stk600-rc044x/ui.o
 .debug_ranges  0x000000a8      0x110 src/asf/common/services/usb/class/cdc/device/udi_cdc.o
 .debug_ranges  0x000001b8       0xc8 src/asf/common/services/usb/udc/udc.o
 .debug_ranges  0x00000280       0x10 src/asf/xmega/boards/stk600/rc044x/init.o
 .debug_ranges  0x00000290       0x20 src/asf/xmega/drivers/nvm/nvm_asm.o
 .debug_ranges  0x000002b0      0x140 src/asf/xmega/drivers/usb/usb_device.o
 .debug_ranges  0x000003f0       0xa8 src/main.o
 .debug_ranges  0x00000498       0x38 src/uart_xmega.o
