Archive member included because of file (symbol)

/usr/lib/gcc/avr/4.5.3/avrxmega2/libgcc.a(_divmodhi4.o)
                              main.o (__divmodhi4)
/usr/lib/gcc/avr/4.5.3/avrxmega2/libgcc.a(_divmodsi4.o)
                              main.o (__divmodsi4)
/usr/lib/gcc/avr/4.5.3/avrxmega2/libgcc.a(_exit.o)
                              /usr/lib/gcc/avr/4.5.3/../../../avr/lib/avrxmega2/crtx16a4.o (exit)
/usr/lib/gcc/avr/4.5.3/avrxmega2/libgcc.a(_copy_data.o)
                              main.o (__do_copy_data)
/usr/lib/gcc/avr/4.5.3/avrxmega2/libgcc.a(_clear_bss.o)
                              main.o (__do_clear_bss)
/usr/lib/gcc/avr/4.5.3/avrxmega2/libgcc.a(_mul_sf.o)
                              main.o (__mulsf3)
/usr/lib/gcc/avr/4.5.3/avrxmega2/libgcc.a(_div_sf.o)
                              main.o (__divsf3)
/usr/lib/gcc/avr/4.5.3/avrxmega2/libgcc.a(_si_to_sf.o)
                              main.o (__floatsisf)
/usr/lib/gcc/avr/4.5.3/avrxmega2/libgcc.a(_sf_to_si.o)
                              main.o (__fixsfsi)
/usr/lib/gcc/avr/4.5.3/avrxmega2/libgcc.a(_thenan_sf.o)
                              /usr/lib/gcc/avr/4.5.3/avrxmega2/libgcc.a(_mul_sf.o) (__thenan_sf)
/usr/lib/gcc/avr/4.5.3/avrxmega2/libgcc.a(_udivmodhi4.o)
                              /usr/lib/gcc/avr/4.5.3/avrxmega2/libgcc.a(_divmodhi4.o) (__udivmodhi4)
/usr/lib/gcc/avr/4.5.3/avrxmega2/libgcc.a(_udivmodsi4.o)
                              /usr/lib/gcc/avr/4.5.3/avrxmega2/libgcc.a(_divmodsi4.o) (__udivmodsi4)
/usr/lib/gcc/avr/4.5.3/avrxmega2/libgcc.a(_prologue.o)
                              /usr/lib/gcc/avr/4.5.3/avrxmega2/libgcc.a(_mul_sf.o) (__prologue_saves__)
/usr/lib/gcc/avr/4.5.3/avrxmega2/libgcc.a(_epilogue.o)
                              /usr/lib/gcc/avr/4.5.3/avrxmega2/libgcc.a(_mul_sf.o) (__epilogue_restores__)
/usr/lib/gcc/avr/4.5.3/avrxmega2/libgcc.a(_clzsi2.o)
                              /usr/lib/gcc/avr/4.5.3/avrxmega2/libgcc.a(_si_to_sf.o) (__clzsi2)
/usr/lib/gcc/avr/4.5.3/avrxmega2/libgcc.a(_pack_sf.o)
                              /usr/lib/gcc/avr/4.5.3/avrxmega2/libgcc.a(_mul_sf.o) (__pack_f)
/usr/lib/gcc/avr/4.5.3/avrxmega2/libgcc.a(_unpack_sf.o)
                              /usr/lib/gcc/avr/4.5.3/avrxmega2/libgcc.a(_mul_sf.o) (__unpack_f)
/usr/lib/gcc/avr/4.5.3/avrxmega2/libgcc.a(_clz.o)
                              /usr/lib/gcc/avr/4.5.3/avrxmega2/libgcc.a(_clzsi2.o) (__clz_tab)
/usr/lib/gcc/avr/4.5.3/../../../avr/lib/avrxmega2/libc.a(iob.o)
                              main.o (__iob)
/usr/lib/gcc/avr/4.5.3/../../../avr/lib/avrxmega2/libc.a(puts.o)
                              main.o (puts)

Allocating common symbols
Common symbol       size              file

__iob               0x6               /usr/lib/gcc/avr/4.5.3/../../../avr/lib/avrxmega2/libc.a(iob.o)

Memory Configuration

Name             Origin             Length             Attributes
text             0x00000000         0x00100000         xr
data             0x00802000         0x0000ffa0         rw !x
eeprom           0x00810000         0x00010000         rw !x
fuse             0x00820000         0x00000400         rw !x
lock             0x00830000         0x00000400         rw !x
signature        0x00840000         0x00000400         rw !x
*default*        0x00000000         0xffffffff

Linker script and memory map

LOAD /usr/lib/gcc/avr/4.5.3/../../../avr/lib/avrxmega2/crtx16a4.o
LOAD /usr/lib/gcc/avr/4.5.3/../../../avr/lib/avrxmega2/libm.a
LOAD main.o
LOAD /usr/lib/gcc/avr/4.5.3/avrxmega2/libgcc.a
LOAD /usr/lib/gcc/avr/4.5.3/../../../avr/lib/avrxmega2/libc.a
LOAD /usr/lib/gcc/avr/4.5.3/avrxmega2/libgcc.a

.hash
 *(.hash)

.dynsym
 *(.dynsym)

.dynstr
 *(.dynstr)

.gnu.version
 *(.gnu.version)

.gnu.version_d
 *(.gnu.version_d)

.gnu.version_r
 *(.gnu.version_r)

.rel.init
 *(.rel.init)

.rela.init
 *(.rela.init)

.rel.text
 *(.rel.text)
 *(.rel.text.*)
 *(.rel.gnu.linkonce.t*)

.rela.text
 *(.rela.text)
 *(.rela.text.*)
 *(.rela.gnu.linkonce.t*)

.rel.fini
 *(.rel.fini)

.rela.fini
 *(.rela.fini)

.rel.rodata
 *(.rel.rodata)
 *(.rel.rodata.*)
 *(.rel.gnu.linkonce.r*)

.rela.rodata
 *(.rela.rodata)
 *(.rela.rodata.*)
 *(.rela.gnu.linkonce.r*)

.rel.data
 *(.rel.data)
 *(.rel.data.*)
 *(.rel.gnu.linkonce.d*)

.rela.data
 *(.rela.data)
 *(.rela.data.*)
 *(.rela.gnu.linkonce.d*)

.rel.ctors
 *(.rel.ctors)

.rela.ctors
 *(.rela.ctors)

.rel.dtors
 *(.rel.dtors)

.rela.dtors
 *(.rela.dtors)

.rel.got
 *(.rel.got)

.rela.got
 *(.rela.got)

.rel.bss
 *(.rel.bss)

.rela.bss
 *(.rela.bss)

.rel.plt
 *(.rel.plt)

.rela.plt
 *(.rela.plt)

.text           0x00000000     0x21ee
 *(.vectors)
 .vectors       0x00000000      0x178 /usr/lib/gcc/avr/4.5.3/../../../avr/lib/avrxmega2/crtx16a4.o
                0x00000000                __vectors
                0x00000000                __vector_default
 *(.vectors)
 *(.progmem.gcc*)
 *(.progmem*)
                0x00000178                . = ALIGN (0x2)
                0x00000178                __trampolines_start = .
 *(.trampolines)
 .trampolines   0x00000178        0x0 linker stubs
 *(.trampolines*)
                0x00000178                __trampolines_end = .
 *(.jumptables)
 *(.jumptables*)
 *(.lowtext)
 *(.lowtext*)
                0x00000178                __ctors_start = .
 *(.ctors)
                0x00000178                __ctors_end = .
                0x00000178                __dtors_start = .
 *(.dtors)
                0x00000178                __dtors_end = .
 SORT(*)(.ctors)
 SORT(*)(.dtors)
 *(.init0)
 .init0         0x00000178        0x0 /usr/lib/gcc/avr/4.5.3/../../../avr/lib/avrxmega2/crtx16a4.o
                0x00000178                __init
 *(.init0)
 *(.init1)
 *(.init1)
 *(.init2)
 .init2         0x00000178        0xc /usr/lib/gcc/avr/4.5.3/../../../avr/lib/avrxmega2/crtx16a4.o
 *(.init2)
 *(.init3)
 *(.init3)
 *(.init4)
 .init4         0x00000184       0x16 /usr/lib/gcc/avr/4.5.3/avrxmega2/libgcc.a(_copy_data.o)
                0x00000184                __do_copy_data
 .init4         0x0000019a       0x10 /usr/lib/gcc/avr/4.5.3/avrxmega2/libgcc.a(_clear_bss.o)
                0x0000019a                __do_clear_bss
 *(.init4)
 *(.init5)
 *(.init5)
 *(.init6)
 *(.init6)
 *(.init7)
 *(.init7)
 *(.init8)
 *(.init8)
 *(.init9)
 .init9         0x000001aa        0x8 /usr/lib/gcc/avr/4.5.3/../../../avr/lib/avrxmega2/crtx16a4.o
 *(.init9)
 *(.text)
 .text          0x000001b2        0x4 /usr/lib/gcc/avr/4.5.3/../../../avr/lib/avrxmega2/crtx16a4.o
                0x000001b2                __vector_38
                0x000001b2                __vector_22
                0x000001b2                __vector_63
                0x000001b2                __vector_28
                0x000001b2                __vector_67
                0x000001b2                __vector_1
                0x000001b2                __vector_32
                0x000001b2                __vector_75
                0x000001b2                __vector_71
                0x000001b2                __vector_91
                0x000001b2                __vector_34
                0x000001b2                __vector_62
                0x000001b2                __vector_77
                0x000001b2                __vector_24
                0x000001b2                __vector_12
                0x000001b2                __vector_55
                0x000001b2                __vector_69
                0x000001b2                __vector_81
                0x000001b2                __vector_90
                0x000001b2                __vector_46
                0x000001b2                __bad_interrupt
                0x000001b2                __vector_72
                0x000001b2                __vector_6
                0x000001b2                __vector_31
                0x000001b2                __vector_92
                0x000001b2                __vector_35
                0x000001b2                __vector_78
                0x000001b2                __vector_74
                0x000001b2                __vector_39
                0x000001b2                __vector_3
                0x000001b2                __vector_23
                0x000001b2                __vector_68
                0x000001b2                __vector_30
                0x000001b2                __vector_73
                0x000001b2                __vector_45
                0x000001b2                __vector_25
                0x000001b2                __vector_93
                0x000001b2                __vector_61
                0x000001b2                __vector_11
                0x000001b2                __vector_54
                0x000001b2                __vector_13
                0x000001b2                __vector_17
                0x000001b2                __vector_19
                0x000001b2                __vector_56
                0x000001b2                __vector_7
                0x000001b2                __vector_49
                0x000001b2                __vector_41
                0x000001b2                __vector_86
                0x000001b2                __vector_64
                0x000001b2                __vector_88
                0x000001b2                __vector_43
                0x000001b2                __vector_27
                0x000001b2                __vector_5
                0x000001b2                __vector_33
                0x000001b2                __vector_76
                0x000001b2                __vector_47
                0x000001b2                __vector_52
                0x000001b2                __vector_37
                0x000001b2                __vector_89
                0x000001b2                __vector_4
                0x000001b2                __vector_44
                0x000001b2                __vector_82
                0x000001b2                __vector_51
                0x000001b2                __vector_9
                0x000001b2                __vector_2
                0x000001b2                __vector_21
                0x000001b2                __vector_15
                0x000001b2                __vector_66
                0x000001b2                __vector_36
                0x000001b2                __vector_79
                0x000001b2                __vector_58
                0x000001b2                __vector_70
                0x000001b2                __vector_83
                0x000001b2                __vector_29
                0x000001b2                __vector_60
                0x000001b2                __vector_40
                0x000001b2                __vector_85
                0x000001b2                __vector_8
                0x000001b2                __vector_26
                0x000001b2                __vector_48
                0x000001b2                __vector_80
                0x000001b2                __vector_84
                0x000001b2                __vector_57
                0x000001b2                __vector_53
                0x000001b2                __vector_10
                0x000001b2                __vector_50
                0x000001b2                __vector_16
                0x000001b2                __vector_59
                0x000001b2                __vector_18
                0x000001b2                __vector_20
                0x000001b2                __vector_42
                0x000001b2                __vector_87
                0x000001b2                __vector_65
 .text          0x000001b6     0x16ca main.o
                0x000001d8                CCPWrite
                0x00000202                CLKSYS_XOSC_Config
                0x00000218                CLKSYS_PLL_Config
                0x00000224                CLKSYS_Disable
                0x00000238                CLKSYS_Prescalers_Config
                0x00000244                CLKSYS_Main_ClockSource_Select
                0x0000026a                CLKSYS_RTC_ClockSource_Enable
                0x0000027a                CLKSYS_AutoCalibration_Enable
                0x000002b4                CLKSYS_XOSC_FailureDetection_Enable
                0x000002c0                CLKSYS_Configuration_Lock
                0x000002cc                __vector_14
                0x00000316                uart_getchar
                0x0000032e                update
                0x00000442                delay_ms
                0x0000045e                compareArray
                0x000004d8                signum
                0x000004f4                Config32MHzClock
                0x00000512                millis
                0x00000528                blink
                0x0000055a                blinkN
                0x00000584                setPin
                0x000006d2                clearPin
                0x00000820                setSpeed
                0x0000086c                stepMotor
                0x00000986                step
                0x00000ba2                stepOne
                0x00000d2e                changeGoal
                0x00000d70                moveToGoal
                0x00001504                mainLoop
                0x000017da                init
                0x0000185e                main
 .text          0x00001880        0x0 /usr/lib/gcc/avr/4.5.3/avrxmega2/libgcc.a(_divmodhi4.o)
 .text          0x00001880        0x0 /usr/lib/gcc/avr/4.5.3/avrxmega2/libgcc.a(_divmodsi4.o)
 .text          0x00001880        0x0 /usr/lib/gcc/avr/4.5.3/avrxmega2/libgcc.a(_exit.o)
 .text          0x00001880        0x0 /usr/lib/gcc/avr/4.5.3/avrxmega2/libgcc.a(_copy_data.o)
 .text          0x00001880        0x0 /usr/lib/gcc/avr/4.5.3/avrxmega2/libgcc.a(_clear_bss.o)
 .text          0x00001880      0x1f4 /usr/lib/gcc/avr/4.5.3/avrxmega2/libgcc.a(_mul_sf.o)
                0x00001880                __mulsf3
 .text          0x00001a74      0x15c /usr/lib/gcc/avr/4.5.3/avrxmega2/libgcc.a(_div_sf.o)
                0x00001a74                __divsf3
 .text          0x00001bd0       0xc0 /usr/lib/gcc/avr/4.5.3/avrxmega2/libgcc.a(_si_to_sf.o)
                0x00001bd0                __floatsisf
 .text          0x00001c90       0xa4 /usr/lib/gcc/avr/4.5.3/avrxmega2/libgcc.a(_sf_to_si.o)
                0x00001c90                __fixsfsi
 .text          0x00001d34        0x0 /usr/lib/gcc/avr/4.5.3/avrxmega2/libgcc.a(_thenan_sf.o)
 .text          0x00001d34        0x0 /usr/lib/gcc/avr/4.5.3/avrxmega2/libgcc.a(_udivmodhi4.o)
 .text          0x00001d34        0x0 /usr/lib/gcc/avr/4.5.3/avrxmega2/libgcc.a(_udivmodsi4.o)
 .text          0x00001d34        0x0 /usr/lib/gcc/avr/4.5.3/avrxmega2/libgcc.a(_prologue.o)
 .text          0x00001d34        0x0 /usr/lib/gcc/avr/4.5.3/avrxmega2/libgcc.a(_epilogue.o)
 .text          0x00001d34       0xb4 /usr/lib/gcc/avr/4.5.3/avrxmega2/libgcc.a(_clzsi2.o)
                0x00001d34                __clzsi2
 .text          0x00001de8      0x19c /usr/lib/gcc/avr/4.5.3/avrxmega2/libgcc.a(_pack_sf.o)
                0x00001de8                __pack_f
 .text          0x00001f84       0xd2 /usr/lib/gcc/avr/4.5.3/avrxmega2/libgcc.a(_unpack_sf.o)
                0x00001f84                __unpack_f
 .text          0x00002056        0x0 /usr/lib/gcc/avr/4.5.3/avrxmega2/libgcc.a(_clz.o)
 .text          0x00002056        0x0 /usr/lib/gcc/avr/4.5.3/../../../avr/lib/avrxmega2/libc.a(iob.o)
 .text          0x00002056        0x0 /usr/lib/gcc/avr/4.5.3/../../../avr/lib/avrxmega2/libc.a(puts.o)
                0x00002056                . = ALIGN (0x2)
 *(.text.*)
 .text.libgcc   0x00002056       0x26 /usr/lib/gcc/avr/4.5.3/avrxmega2/libgcc.a(_divmodhi4.o)
                0x00002056                __divmodhi4
                0x00002056                _div
 .text.libgcc   0x0000207c       0x36 /usr/lib/gcc/avr/4.5.3/avrxmega2/libgcc.a(_divmodsi4.o)
                0x0000207c                __divmodsi4
 .text.libgcc   0x000020b2        0x0 /usr/lib/gcc/avr/4.5.3/avrxmega2/libgcc.a(_exit.o)
 .text.libgcc   0x000020b2        0x0 /usr/lib/gcc/avr/4.5.3/avrxmega2/libgcc.a(_copy_data.o)
 .text.libgcc   0x000020b2        0x0 /usr/lib/gcc/avr/4.5.3/avrxmega2/libgcc.a(_clear_bss.o)
 .text.libgcc   0x000020b2       0x28 /usr/lib/gcc/avr/4.5.3/avrxmega2/libgcc.a(_udivmodhi4.o)
                0x000020b2                __udivmodhi4
 .text.libgcc   0x000020da       0x44 /usr/lib/gcc/avr/4.5.3/avrxmega2/libgcc.a(_udivmodsi4.o)
                0x000020da                __udivmodsi4
 .text.libgcc   0x0000211e       0x32 /usr/lib/gcc/avr/4.5.3/avrxmega2/libgcc.a(_prologue.o)
                0x0000211e                __prologue_saves__
 .text.libgcc   0x00002150       0x30 /usr/lib/gcc/avr/4.5.3/avrxmega2/libgcc.a(_epilogue.o)
                0x00002150                __epilogue_restores__
 .text.avr-libc
                0x00002180       0x6a /usr/lib/gcc/avr/4.5.3/../../../avr/lib/avrxmega2/libc.a(puts.o)
                0x00002180                puts
                0x000021ea                . = ALIGN (0x2)
 *(.fini9)
 .fini9         0x000021ea        0x0 /usr/lib/gcc/avr/4.5.3/avrxmega2/libgcc.a(_exit.o)
                0x000021ea                exit
                0x000021ea                _exit
 *(.fini9)
 *(.fini8)
 *(.fini8)
 *(.fini7)
 *(.fini7)
 *(.fini6)
 *(.fini6)
 *(.fini5)
 *(.fini5)
 *(.fini4)
 *(.fini4)
 *(.fini3)
 *(.fini3)
 *(.fini2)
 *(.fini2)
 *(.fini1)
 *(.fini1)
 *(.fini0)
 .fini0         0x000021ea        0x4 /usr/lib/gcc/avr/4.5.3/avrxmega2/libgcc.a(_exit.o)
 *(.fini0)
                0x000021ee                _etext = .

.data           0x00802000      0x21a load address 0x000021ee
                0x00802000                PROVIDE (__data_start, .)
 *(.data)
 .data          0x00802000        0x0 /usr/lib/gcc/avr/4.5.3/../../../avr/lib/avrxmega2/crtx16a4.o
 .data          0x00802000      0x111 main.o
                0x00802027                state
                0x00802029                maxSpeed
                0x0080202b                Base
                0x0080204f                Shoulder
                0x00802073                Elbow
                0x00802097                Right_Wrist
                0x008020bb                Left_Wrist
                0x008020df                Gripper
 .data          0x00802111        0x0 /usr/lib/gcc/avr/4.5.3/avrxmega2/libgcc.a(_divmodhi4.o)
 .data          0x00802111        0x0 /usr/lib/gcc/avr/4.5.3/avrxmega2/libgcc.a(_divmodsi4.o)
 .data          0x00802111        0x0 /usr/lib/gcc/avr/4.5.3/avrxmega2/libgcc.a(_exit.o)
 .data          0x00802111        0x0 /usr/lib/gcc/avr/4.5.3/avrxmega2/libgcc.a(_copy_data.o)
 .data          0x00802111        0x0 /usr/lib/gcc/avr/4.5.3/avrxmega2/libgcc.a(_clear_bss.o)
 .data          0x00802111        0x0 /usr/lib/gcc/avr/4.5.3/avrxmega2/libgcc.a(_mul_sf.o)
 .data          0x00802111        0x0 /usr/lib/gcc/avr/4.5.3/avrxmega2/libgcc.a(_div_sf.o)
 .data          0x00802111        0x0 /usr/lib/gcc/avr/4.5.3/avrxmega2/libgcc.a(_si_to_sf.o)
 .data          0x00802111        0x0 /usr/lib/gcc/avr/4.5.3/avrxmega2/libgcc.a(_sf_to_si.o)
 .data          0x00802111        0x8 /usr/lib/gcc/avr/4.5.3/avrxmega2/libgcc.a(_thenan_sf.o)
                0x00802111                __thenan_sf
 .data          0x00802119        0x0 /usr/lib/gcc/avr/4.5.3/avrxmega2/libgcc.a(_udivmodhi4.o)
 .data          0x00802119        0x0 /usr/lib/gcc/avr/4.5.3/avrxmega2/libgcc.a(_udivmodsi4.o)
 .data          0x00802119        0x0 /usr/lib/gcc/avr/4.5.3/avrxmega2/libgcc.a(_prologue.o)
 .data          0x00802119        0x0 /usr/lib/gcc/avr/4.5.3/avrxmega2/libgcc.a(_epilogue.o)
 .data          0x00802119        0x0 /usr/lib/gcc/avr/4.5.3/avrxmega2/libgcc.a(_clzsi2.o)
 .data          0x00802119        0x0 /usr/lib/gcc/avr/4.5.3/avrxmega2/libgcc.a(_pack_sf.o)
 .data          0x00802119        0x0 /usr/lib/gcc/avr/4.5.3/avrxmega2/libgcc.a(_unpack_sf.o)
 .data          0x00802119      0x100 /usr/lib/gcc/avr/4.5.3/avrxmega2/libgcc.a(_clz.o)
                0x00802119                __clz_tab
 .data          0x00802219        0x0 /usr/lib/gcc/avr/4.5.3/../../../avr/lib/avrxmega2/libc.a(iob.o)
 .data          0x00802219        0x0 /usr/lib/gcc/avr/4.5.3/../../../avr/lib/avrxmega2/libc.a(puts.o)
 *(.data*)
 *(.rodata)
 *(.rodata*)
 *(.gnu.linkonce.d*)
                0x0080221a                . = ALIGN (0x2)
 *fill*         0x00802219        0x1 00
                0x0080221a                _edata = .
                0x0080221a                PROVIDE (__data_end, .)

.bss            0x0080221a       0x24
                0x0080221a                PROVIDE (__bss_start, .)
 *(.bss)
 .bss           0x0080221a        0x0 /usr/lib/gcc/avr/4.5.3/../../../avr/lib/avrxmega2/crtx16a4.o
 .bss           0x0080221a       0x1e main.o
                0x0080221a                debugFlag
                0x0080221c                goal
                0x00802228                pose
                0x00802234                elapsedMillis
 .bss           0x00802238        0x0 /usr/lib/gcc/avr/4.5.3/avrxmega2/libgcc.a(_divmodhi4.o)
 .bss           0x00802238        0x0 /usr/lib/gcc/avr/4.5.3/avrxmega2/libgcc.a(_divmodsi4.o)
 .bss           0x00802238        0x0 /usr/lib/gcc/avr/4.5.3/avrxmega2/libgcc.a(_exit.o)
 .bss           0x00802238        0x0 /usr/lib/gcc/avr/4.5.3/avrxmega2/libgcc.a(_copy_data.o)
 .bss           0x00802238        0x0 /usr/lib/gcc/avr/4.5.3/avrxmega2/libgcc.a(_clear_bss.o)
 .bss           0x00802238        0x0 /usr/lib/gcc/avr/4.5.3/avrxmega2/libgcc.a(_mul_sf.o)
 .bss           0x00802238        0x0 /usr/lib/gcc/avr/4.5.3/avrxmega2/libgcc.a(_div_sf.o)
 .bss           0x00802238        0x0 /usr/lib/gcc/avr/4.5.3/avrxmega2/libgcc.a(_si_to_sf.o)
 .bss           0x00802238        0x0 /usr/lib/gcc/avr/4.5.3/avrxmega2/libgcc.a(_sf_to_si.o)
 .bss           0x00802238        0x0 /usr/lib/gcc/avr/4.5.3/avrxmega2/libgcc.a(_thenan_sf.o)
 .bss           0x00802238        0x0 /usr/lib/gcc/avr/4.5.3/avrxmega2/libgcc.a(_udivmodhi4.o)
 .bss           0x00802238        0x0 /usr/lib/gcc/avr/4.5.3/avrxmega2/libgcc.a(_udivmodsi4.o)
 .bss           0x00802238        0x0 /usr/lib/gcc/avr/4.5.3/avrxmega2/libgcc.a(_prologue.o)
 .bss           0x00802238        0x0 /usr/lib/gcc/avr/4.5.3/avrxmega2/libgcc.a(_epilogue.o)
 .bss           0x00802238        0x0 /usr/lib/gcc/avr/4.5.3/avrxmega2/libgcc.a(_clzsi2.o)
 .bss           0x00802238        0x0 /usr/lib/gcc/avr/4.5.3/avrxmega2/libgcc.a(_pack_sf.o)
 .bss           0x00802238        0x0 /usr/lib/gcc/avr/4.5.3/avrxmega2/libgcc.a(_unpack_sf.o)
 .bss           0x00802238        0x0 /usr/lib/gcc/avr/4.5.3/avrxmega2/libgcc.a(_clz.o)
 .bss           0x00802238        0x0 /usr/lib/gcc/avr/4.5.3/../../../avr/lib/avrxmega2/libc.a(iob.o)
 .bss           0x00802238        0x0 /usr/lib/gcc/avr/4.5.3/../../../avr/lib/avrxmega2/libc.a(puts.o)
 *(.bss*)
 *(COMMON)
 COMMON         0x00802238        0x6 /usr/lib/gcc/avr/4.5.3/../../../avr/lib/avrxmega2/libc.a(iob.o)
                0x00802238                __iob
                0x0080223e                PROVIDE (__bss_end, .)
                0x000021ee                __data_load_start = LOADADDR (.data)
                0x00002408                __data_load_end = (__data_load_start + SIZEOF (.data))

.noinit         0x0080223e        0x0
                0x0080223e                PROVIDE (__noinit_start, .)
 *(.noinit*)
                0x0080223e                PROVIDE (__noinit_end, .)
                0x0080223e                _end = .
                0x0080223e                PROVIDE (__heap_start, .)

.eeprom         0x00810000        0x0
 *(.eeprom*)
                0x00810000                __eeprom_end = .

.fuse
 *(.fuse)
 *(.lfuse)
 *(.hfuse)
 *(.efuse)

.lock
 *(.lock*)

.signature
 *(.signature*)

.stab           0x00000000      0xbc4
 *(.stab)
 .stab          0x00000000      0x6cc /usr/lib/gcc/avr/4.5.3/../../../avr/lib/avrxmega2/crtx16a4.o
 .stab          0x000006cc      0x300 /usr/lib/gcc/avr/4.5.3/../../../avr/lib/avrxmega2/libc.a(iob.o)
                                0x30c (size before relaxing)
 .stab          0x000009cc      0x1f8 /usr/lib/gcc/avr/4.5.3/../../../avr/lib/avrxmega2/libc.a(puts.o)
                                0x3d8 (size before relaxing)

.stabstr        0x00000000      0x857
 *(.stabstr)
 .stabstr       0x00000000      0x857 /usr/lib/gcc/avr/4.5.3/../../../avr/lib/avrxmega2/crtx16a4.o

.stab.excl
 *(.stab.excl)

.stab.exclstr
 *(.stab.exclstr)

.stab.index
 *(.stab.index)

.stab.indexstr
 *(.stab.indexstr)

.comment
 *(.comment)

.debug
 *(.debug)

.line
 *(.line)

.debug_srcinfo
 *(.debug_srcinfo)

.debug_sfnames
 *(.debug_sfnames)

.debug_aranges  0x00000000       0x20
 *(.debug_aranges)
 .debug_aranges
                0x00000000       0x20 main.o

.debug_pubnames
                0x00000000      0x2cc
 *(.debug_pubnames)
 .debug_pubnames
                0x00000000      0x2cc main.o

.debug_info     0x00000000     0x1bb1
 *(.debug_info)
 .debug_info    0x00000000     0x1bb1 main.o
 *(.gnu.linkonce.wi.*)

.debug_abbrev   0x00000000      0x460
 *(.debug_abbrev)
 .debug_abbrev  0x00000000      0x460 main.o

.debug_line     0x00000000      0xf06
 *(.debug_line)
 .debug_line    0x00000000      0xf06 main.o

.debug_frame    0x00000000      0x210
 *(.debug_frame)
 .debug_frame   0x00000000      0x210 main.o

.debug_str      0x00000000      0xfad
 *(.debug_str)
 .debug_str     0x00000000      0xfad main.o
                               0x1003 (size before relaxing)

.debug_loc      0x00000000      0x9e3
 *(.debug_loc)
 .debug_loc     0x00000000      0x9e3 main.o

.debug_macinfo
 *(.debug_macinfo)
OUTPUT(tinyArmTroller.out elf32-avr)
LOAD linker stubs

.debug_pubtypes
                0x00000000      0x250
 .debug_pubtypes
                0x00000000      0x250 main.o

.debug_ranges   0x00000000       0xc0
 .debug_ranges  0x00000000       0xc0 main.o
