Archive member included because of file (symbol)

/usr/lib/gcc/avr/4.7.0/avrxmega2/libgcc.a(_divmodhi4.o)
                              main.o (__divmodhi4)
/usr/lib/gcc/avr/4.7.0/avrxmega2/libgcc.a(_divmodsi4.o)
                              main.o (__divmodsi4)
/usr/lib/gcc/avr/4.7.0/avrxmega2/libgcc.a(_exit.o)
                              /usr/lib/gcc/avr/4.7.0/../../../avr/lib/avrxmega2/crtx16a4.o (exit)
/usr/lib/gcc/avr/4.7.0/avrxmega2/libgcc.a(_copy_data.o)
                              main.o (__do_copy_data)
/usr/lib/gcc/avr/4.7.0/avrxmega2/libgcc.a(_clear_bss.o)
                              main.o (__do_clear_bss)
/usr/lib/gcc/avr/4.7.0/avrxmega2/libgcc.a(_mul_sf.o)
                              main.o (__mulsf3)
/usr/lib/gcc/avr/4.7.0/avrxmega2/libgcc.a(_div_sf.o)
                              main.o (__divsf3)
/usr/lib/gcc/avr/4.7.0/avrxmega2/libgcc.a(_si_to_sf.o)
                              main.o (__floatsisf)
/usr/lib/gcc/avr/4.7.0/avrxmega2/libgcc.a(_sf_to_si.o)
                              main.o (__fixsfsi)
/usr/lib/gcc/avr/4.7.0/avrxmega2/libgcc.a(_thenan_sf.o)
                              /usr/lib/gcc/avr/4.7.0/avrxmega2/libgcc.a(_mul_sf.o) (__thenan_sf)
/usr/lib/gcc/avr/4.7.0/avrxmega2/libgcc.a(_udivmodhi4.o)
                              /usr/lib/gcc/avr/4.7.0/avrxmega2/libgcc.a(_divmodhi4.o) (__udivmodhi4)
/usr/lib/gcc/avr/4.7.0/avrxmega2/libgcc.a(_udivmodsi4.o)
                              /usr/lib/gcc/avr/4.7.0/avrxmega2/libgcc.a(_divmodsi4.o) (__udivmodsi4)
/usr/lib/gcc/avr/4.7.0/avrxmega2/libgcc.a(_prologue.o)
                              /usr/lib/gcc/avr/4.7.0/avrxmega2/libgcc.a(_mul_sf.o) (__prologue_saves__)
/usr/lib/gcc/avr/4.7.0/avrxmega2/libgcc.a(_epilogue.o)
                              /usr/lib/gcc/avr/4.7.0/avrxmega2/libgcc.a(_mul_sf.o) (__epilogue_restores__)
/usr/lib/gcc/avr/4.7.0/avrxmega2/libgcc.a(_clzsi2.o)
                              /usr/lib/gcc/avr/4.7.0/avrxmega2/libgcc.a(_si_to_sf.o) (__clzsi2)
/usr/lib/gcc/avr/4.7.0/avrxmega2/libgcc.a(_clzhi2.o)
                              /usr/lib/gcc/avr/4.7.0/avrxmega2/libgcc.a(_clzsi2.o) (__clzhi2)
/usr/lib/gcc/avr/4.7.0/avrxmega2/libgcc.a(_pack_sf.o)
                              /usr/lib/gcc/avr/4.7.0/avrxmega2/libgcc.a(_mul_sf.o) (__pack_f)
/usr/lib/gcc/avr/4.7.0/avrxmega2/libgcc.a(_unpack_sf.o)
                              /usr/lib/gcc/avr/4.7.0/avrxmega2/libgcc.a(_mul_sf.o) (__unpack_f)

Memory Configuration

Name             Origin             Length             Attributes
text             0x00000000         0x00100000         xr
data             0x00802000         0x0000ffa0         rw !x
eeprom           0x00810000         0x00010000         rw !x
fuse             0x00820000         0x00000400         rw !x
lock             0x00830000         0x00000400         rw !x
signature        0x00840000         0x00000400         rw !x
*default*        0x00000000         0xffffffff

Linker script and memory map

LOAD /usr/lib/gcc/avr/4.7.0/../../../avr/lib/avrxmega2/crtx16a4.o
LOAD /usr/lib/gcc/avr/4.7.0/../../../avr/lib/avrxmega2/libm.a
LOAD main.o
LOAD /usr/lib/gcc/avr/4.7.0/avrxmega2/libgcc.a
LOAD /usr/lib/gcc/avr/4.7.0/../../../avr/lib/avrxmega2/libc.a
LOAD /usr/lib/gcc/avr/4.7.0/avrxmega2/libgcc.a

.hash
 *(.hash)

.dynsym
 *(.dynsym)

.dynstr
 *(.dynstr)

.gnu.version
 *(.gnu.version)

.gnu.version_d
 *(.gnu.version_d)

.gnu.version_r
 *(.gnu.version_r)

.rel.init
 *(.rel.init)

.rela.init
 *(.rela.init)

.rel.text
 *(.rel.text)
 *(.rel.text.*)
 *(.rel.gnu.linkonce.t*)

.rela.text
 *(.rela.text)
 *(.rela.text.*)
 *(.rela.gnu.linkonce.t*)

.rel.fini
 *(.rel.fini)

.rela.fini
 *(.rela.fini)

.rel.rodata
 *(.rel.rodata)
 *(.rel.rodata.*)
 *(.rel.gnu.linkonce.r*)

.rela.rodata
 *(.rela.rodata)
 *(.rela.rodata.*)
 *(.rela.gnu.linkonce.r*)

.rel.data
 *(.rel.data)
 *(.rel.data.*)
 *(.rel.gnu.linkonce.d*)

.rela.data
 *(.rela.data)
 *(.rela.data.*)
 *(.rela.gnu.linkonce.d*)

.rel.ctors
 *(.rel.ctors)

.rela.ctors
 *(.rela.ctors)

.rel.dtors
 *(.rel.dtors)

.rela.dtors
 *(.rela.dtors)

.rel.got
 *(.rel.got)

.rela.got
 *(.rela.got)

.rel.bss
 *(.rel.bss)

.rela.bss
 *(.rela.bss)

.rel.plt
 *(.rel.plt)

.rela.plt
 *(.rela.plt)

.text           0x00000000     0x1cd2
 *(.vectors)
 .vectors       0x00000000      0x178 /usr/lib/gcc/avr/4.7.0/../../../avr/lib/avrxmega2/crtx16a4.o
                0x00000000                __vectors
                0x00000000                __vector_default
 *(.vectors)
 *(.progmem.gcc*)
 *(.progmem*)
                0x00000178                . = ALIGN (0x2)
                0x00000178                __trampolines_start = .
 *(.trampolines)
 .trampolines   0x00000178        0x0 linker stubs
 *(.trampolines*)
                0x00000178                __trampolines_end = .
 *(.jumptables)
 *(.jumptables*)
 *(.lowtext)
 *(.lowtext*)
                0x00000178                __ctors_start = .
 *(.ctors)
                0x00000178                __ctors_end = .
                0x00000178                __dtors_start = .
 *(.dtors)
                0x00000178                __dtors_end = .
 SORT(*)(.ctors)
 SORT(*)(.dtors)
 *(.init0)
 .init0         0x00000178        0x0 /usr/lib/gcc/avr/4.7.0/../../../avr/lib/avrxmega2/crtx16a4.o
                0x00000178                __init
 *(.init0)
 *(.init1)
 *(.init1)
 *(.init2)
 .init2         0x00000178        0xc /usr/lib/gcc/avr/4.7.0/../../../avr/lib/avrxmega2/crtx16a4.o
 *(.init2)
 *(.init3)
 *(.init3)
 *(.init4)
 .init4         0x00000184       0x16 /usr/lib/gcc/avr/4.7.0/avrxmega2/libgcc.a(_copy_data.o)
                0x00000184                __do_copy_data
 .init4         0x0000019a       0x10 /usr/lib/gcc/avr/4.7.0/avrxmega2/libgcc.a(_clear_bss.o)
                0x0000019a                __do_clear_bss
 *(.init4)
 *(.init5)
 *(.init5)
 *(.init6)
 *(.init6)
 *(.init7)
 *(.init7)
 *(.init8)
 *(.init8)
 *(.init9)
 .init9         0x000001aa        0x8 /usr/lib/gcc/avr/4.7.0/../../../avr/lib/avrxmega2/crtx16a4.o
 *(.init9)
 *(.text)
 .text          0x000001b2        0x4 /usr/lib/gcc/avr/4.7.0/../../../avr/lib/avrxmega2/crtx16a4.o
                0x000001b2                __vector_38
                0x000001b2                __vector_22
                0x000001b2                __vector_63
                0x000001b2                __vector_28
                0x000001b2                __vector_67
                0x000001b2                __vector_1
                0x000001b2                __vector_32
                0x000001b2                __vector_75
                0x000001b2                __vector_71
                0x000001b2                __vector_91
                0x000001b2                __vector_34
                0x000001b2                __vector_62
                0x000001b2                __vector_77
                0x000001b2                __vector_24
                0x000001b2                __vector_12
                0x000001b2                __vector_55
                0x000001b2                __vector_69
                0x000001b2                __vector_81
                0x000001b2                __vector_90
                0x000001b2                __vector_46
                0x000001b2                __bad_interrupt
                0x000001b2                __vector_72
                0x000001b2                __vector_6
                0x000001b2                __vector_31
                0x000001b2                __vector_92
                0x000001b2                __vector_35
                0x000001b2                __vector_78
                0x000001b2                __vector_74
                0x000001b2                __vector_39
                0x000001b2                __vector_3
                0x000001b2                __vector_23
                0x000001b2                __vector_68
                0x000001b2                __vector_30
                0x000001b2                __vector_73
                0x000001b2                __vector_45
                0x000001b2                __vector_25
                0x000001b2                __vector_93
                0x000001b2                __vector_61
                0x000001b2                __vector_11
                0x000001b2                __vector_54
                0x000001b2                __vector_13
                0x000001b2                __vector_17
                0x000001b2                __vector_19
                0x000001b2                __vector_56
                0x000001b2                __vector_7
                0x000001b2                __vector_49
                0x000001b2                __vector_41
                0x000001b2                __vector_86
                0x000001b2                __vector_64
                0x000001b2                __vector_88
                0x000001b2                __vector_43
                0x000001b2                __vector_27
                0x000001b2                __vector_5
                0x000001b2                __vector_33
                0x000001b2                __vector_76
                0x000001b2                __vector_47
                0x000001b2                __vector_52
                0x000001b2                __vector_37
                0x000001b2                __vector_89
                0x000001b2                __vector_4
                0x000001b2                __vector_44
                0x000001b2                __vector_82
                0x000001b2                __vector_51
                0x000001b2                __vector_9
                0x000001b2                __vector_2
                0x000001b2                __vector_21
                0x000001b2                __vector_15
                0x000001b2                __vector_66
                0x000001b2                __vector_36
                0x000001b2                __vector_79
                0x000001b2                __vector_58
                0x000001b2                __vector_70
                0x000001b2                __vector_83
                0x000001b2                __vector_29
                0x000001b2                __vector_60
                0x000001b2                __vector_40
                0x000001b2                __vector_85
                0x000001b2                __vector_8
                0x000001b2                __vector_26
                0x000001b2                __vector_48
                0x000001b2                __vector_80
                0x000001b2                __vector_84
                0x000001b2                __vector_57
                0x000001b2                __vector_53
                0x000001b2                __vector_10
                0x000001b2                __vector_50
                0x000001b2                __vector_16
                0x000001b2                __vector_59
                0x000001b2                __vector_18
                0x000001b2                __vector_20
                0x000001b2                __vector_42
                0x000001b2                __vector_87
                0x000001b2                __vector_65
 .text          0x000001b6     0x1256 main.o
                0x000001b6                CCPWrite
                0x000001e0                CLKSYS_XOSC_Config
                0x000001f4                CLKSYS_PLL_Config
                0x00000200                CLKSYS_Disable
                0x00000214                CLKSYS_Prescalers_Config
                0x0000021e                CLKSYS_Main_ClockSource_Select
                0x00000244                CLKSYS_RTC_ClockSource_Enable
                0x00000254                CLKSYS_AutoCalibration_Enable
                0x0000028c                CLKSYS_XOSC_FailureDetection_Enable
                0x00000296                CLKSYS_Configuration_Lock
                0x000002a0                __vector_14
                0x000002ea                delay_ms
                0x00000306                compareArray
                0x00000380                signum
                0x0000039c                Config32MHzClock
                0x000003ba                millis
                0x000003d8                blink
                0x00000404                setPin
                0x00000524                clearPin
                0x00000644                setSpeed
                0x00000690                stepMotor
                0x000007cc                step
                0x000009d4                stepOne
                0x00000b40                changeGoal
                0x00000b82                moveToGoal
                0x000012ae                usbUpdate
                0x00001356                mainLoop
 .text          0x0000140c        0x0 /usr/lib/gcc/avr/4.7.0/avrxmega2/libgcc.a(_divmodhi4.o)
 .text          0x0000140c        0x0 /usr/lib/gcc/avr/4.7.0/avrxmega2/libgcc.a(_divmodsi4.o)
 .text          0x0000140c        0x0 /usr/lib/gcc/avr/4.7.0/avrxmega2/libgcc.a(_exit.o)
 .text          0x0000140c        0x0 /usr/lib/gcc/avr/4.7.0/avrxmega2/libgcc.a(_copy_data.o)
 .text          0x0000140c        0x0 /usr/lib/gcc/avr/4.7.0/avrxmega2/libgcc.a(_clear_bss.o)
 .text          0x0000140c      0x1ca /usr/lib/gcc/avr/4.7.0/avrxmega2/libgcc.a(_mul_sf.o)
                0x0000140c                __mulsf3
 .text          0x000015d6      0x146 /usr/lib/gcc/avr/4.7.0/avrxmega2/libgcc.a(_div_sf.o)
                0x000015d6                __divsf3
 .text          0x0000171c       0xb8 /usr/lib/gcc/avr/4.7.0/avrxmega2/libgcc.a(_si_to_sf.o)
                0x0000171c                __floatsisf
 .text          0x000017d4       0x9e /usr/lib/gcc/avr/4.7.0/avrxmega2/libgcc.a(_sf_to_si.o)
                0x000017d4                __fixsfsi
 .text          0x00001872        0x0 /usr/lib/gcc/avr/4.7.0/avrxmega2/libgcc.a(_thenan_sf.o)
 .text          0x00001872        0x0 /usr/lib/gcc/avr/4.7.0/avrxmega2/libgcc.a(_udivmodhi4.o)
 .text          0x00001872        0x0 /usr/lib/gcc/avr/4.7.0/avrxmega2/libgcc.a(_udivmodsi4.o)
 .text          0x00001872        0x0 /usr/lib/gcc/avr/4.7.0/avrxmega2/libgcc.a(_prologue.o)
 .text          0x00001872        0x0 /usr/lib/gcc/avr/4.7.0/avrxmega2/libgcc.a(_epilogue.o)
 .text          0x00001872        0x0 /usr/lib/gcc/avr/4.7.0/avrxmega2/libgcc.a(_clzsi2.o)
 .text          0x00001872        0x0 /usr/lib/gcc/avr/4.7.0/avrxmega2/libgcc.a(_clzhi2.o)
 .text          0x00001872      0x182 /usr/lib/gcc/avr/4.7.0/avrxmega2/libgcc.a(_pack_sf.o)
                0x00001872                __pack_f
 .text          0x000019f4       0xde /usr/lib/gcc/avr/4.7.0/avrxmega2/libgcc.a(_unpack_sf.o)
                0x000019f4                __unpack_f
                0x00001ad2                . = ALIGN (0x2)
 *(.text.*)
 .text.startup  0x00001ad2       0x98 main.o
                0x00001ad2                main
 .text.libgcc.mul
                0x00001b6a        0x0 /usr/lib/gcc/avr/4.7.0/avrxmega2/libgcc.a(_divmodhi4.o)
 .text.libgcc.div
                0x00001b6a       0x28 /usr/lib/gcc/avr/4.7.0/avrxmega2/libgcc.a(_divmodhi4.o)
                0x00001b6a                __divmodhi4
                0x00001b6a                _div
 .text.libgcc   0x00001b92        0x0 /usr/lib/gcc/avr/4.7.0/avrxmega2/libgcc.a(_divmodhi4.o)
 .text.libgcc.prologue
                0x00001b92        0x0 /usr/lib/gcc/avr/4.7.0/avrxmega2/libgcc.a(_divmodhi4.o)
 .text.libgcc.builtins
                0x00001b92        0x0 /usr/lib/gcc/avr/4.7.0/avrxmega2/libgcc.a(_divmodhi4.o)
 .text.libgcc.fmul
                0x00001b92        0x0 /usr/lib/gcc/avr/4.7.0/avrxmega2/libgcc.a(_divmodhi4.o)
 .text.libgcc.mul
                0x00001b92        0x0 /usr/lib/gcc/avr/4.7.0/avrxmega2/libgcc.a(_divmodsi4.o)
 .text.libgcc.div
                0x00001b92       0x38 /usr/lib/gcc/avr/4.7.0/avrxmega2/libgcc.a(_divmodsi4.o)
                0x00001b92                __divmodsi4
 .text.libgcc   0x00001bca        0x0 /usr/lib/gcc/avr/4.7.0/avrxmega2/libgcc.a(_divmodsi4.o)
 .text.libgcc.prologue
                0x00001bca        0x0 /usr/lib/gcc/avr/4.7.0/avrxmega2/libgcc.a(_divmodsi4.o)
 .text.libgcc.builtins
                0x00001bca        0x0 /usr/lib/gcc/avr/4.7.0/avrxmega2/libgcc.a(_divmodsi4.o)
 .text.libgcc.fmul
                0x00001bca        0x0 /usr/lib/gcc/avr/4.7.0/avrxmega2/libgcc.a(_divmodsi4.o)
 .text.libgcc.mul
                0x00001bca        0x0 /usr/lib/gcc/avr/4.7.0/avrxmega2/libgcc.a(_exit.o)
 .text.libgcc.div
                0x00001bca        0x0 /usr/lib/gcc/avr/4.7.0/avrxmega2/libgcc.a(_exit.o)
 .text.libgcc   0x00001bca        0x0 /usr/lib/gcc/avr/4.7.0/avrxmega2/libgcc.a(_exit.o)
 .text.libgcc.prologue
                0x00001bca        0x0 /usr/lib/gcc/avr/4.7.0/avrxmega2/libgcc.a(_exit.o)
 .text.libgcc.builtins
                0x00001bca        0x0 /usr/lib/gcc/avr/4.7.0/avrxmega2/libgcc.a(_exit.o)
 .text.libgcc.fmul
                0x00001bca        0x0 /usr/lib/gcc/avr/4.7.0/avrxmega2/libgcc.a(_exit.o)
 .text.libgcc.mul
                0x00001bca        0x0 /usr/lib/gcc/avr/4.7.0/avrxmega2/libgcc.a(_copy_data.o)
 .text.libgcc.div
                0x00001bca        0x0 /usr/lib/gcc/avr/4.7.0/avrxmega2/libgcc.a(_copy_data.o)
 .text.libgcc   0x00001bca        0x0 /usr/lib/gcc/avr/4.7.0/avrxmega2/libgcc.a(_copy_data.o)
 .text.libgcc.prologue
                0x00001bca        0x0 /usr/lib/gcc/avr/4.7.0/avrxmega2/libgcc.a(_copy_data.o)
 .text.libgcc.builtins
                0x00001bca        0x0 /usr/lib/gcc/avr/4.7.0/avrxmega2/libgcc.a(_copy_data.o)
 .text.libgcc.fmul
                0x00001bca        0x0 /usr/lib/gcc/avr/4.7.0/avrxmega2/libgcc.a(_copy_data.o)
 .text.libgcc.mul
                0x00001bca        0x0 /usr/lib/gcc/avr/4.7.0/avrxmega2/libgcc.a(_clear_bss.o)
 .text.libgcc.div
                0x00001bca        0x0 /usr/lib/gcc/avr/4.7.0/avrxmega2/libgcc.a(_clear_bss.o)
 .text.libgcc   0x00001bca        0x0 /usr/lib/gcc/avr/4.7.0/avrxmega2/libgcc.a(_clear_bss.o)
 .text.libgcc.prologue
                0x00001bca        0x0 /usr/lib/gcc/avr/4.7.0/avrxmega2/libgcc.a(_clear_bss.o)
 .text.libgcc.builtins
                0x00001bca        0x0 /usr/lib/gcc/avr/4.7.0/avrxmega2/libgcc.a(_clear_bss.o)
 .text.libgcc.fmul
                0x00001bca        0x0 /usr/lib/gcc/avr/4.7.0/avrxmega2/libgcc.a(_clear_bss.o)
 .text.libgcc.mul
                0x00001bca        0x0 /usr/lib/gcc/avr/4.7.0/avrxmega2/libgcc.a(_udivmodhi4.o)
 .text.libgcc.div
                0x00001bca       0x28 /usr/lib/gcc/avr/4.7.0/avrxmega2/libgcc.a(_udivmodhi4.o)
                0x00001bca                __udivmodhi4
 .text.libgcc   0x00001bf2        0x0 /usr/lib/gcc/avr/4.7.0/avrxmega2/libgcc.a(_udivmodhi4.o)
 .text.libgcc.prologue
                0x00001bf2        0x0 /usr/lib/gcc/avr/4.7.0/avrxmega2/libgcc.a(_udivmodhi4.o)
 .text.libgcc.builtins
                0x00001bf2        0x0 /usr/lib/gcc/avr/4.7.0/avrxmega2/libgcc.a(_udivmodhi4.o)
 .text.libgcc.fmul
                0x00001bf2        0x0 /usr/lib/gcc/avr/4.7.0/avrxmega2/libgcc.a(_udivmodhi4.o)
 .text.libgcc.mul
                0x00001bf2        0x0 /usr/lib/gcc/avr/4.7.0/avrxmega2/libgcc.a(_udivmodsi4.o)
 .text.libgcc.div
                0x00001bf2       0x44 /usr/lib/gcc/avr/4.7.0/avrxmega2/libgcc.a(_udivmodsi4.o)
                0x00001bf2                __udivmodsi4
 .text.libgcc   0x00001c36        0x0 /usr/lib/gcc/avr/4.7.0/avrxmega2/libgcc.a(_udivmodsi4.o)
 .text.libgcc.prologue
                0x00001c36        0x0 /usr/lib/gcc/avr/4.7.0/avrxmega2/libgcc.a(_udivmodsi4.o)
 .text.libgcc.builtins
                0x00001c36        0x0 /usr/lib/gcc/avr/4.7.0/avrxmega2/libgcc.a(_udivmodsi4.o)
 .text.libgcc.fmul
                0x00001c36        0x0 /usr/lib/gcc/avr/4.7.0/avrxmega2/libgcc.a(_udivmodsi4.o)
 .text.libgcc.mul
                0x00001c36        0x0 /usr/lib/gcc/avr/4.7.0/avrxmega2/libgcc.a(_prologue.o)
 .text.libgcc.div
                0x00001c36        0x0 /usr/lib/gcc/avr/4.7.0/avrxmega2/libgcc.a(_prologue.o)
 .text.libgcc   0x00001c36        0x0 /usr/lib/gcc/avr/4.7.0/avrxmega2/libgcc.a(_prologue.o)
 .text.libgcc.prologue
                0x00001c36       0x32 /usr/lib/gcc/avr/4.7.0/avrxmega2/libgcc.a(_prologue.o)
                0x00001c36                __prologue_saves__
 .text.libgcc.builtins
                0x00001c68        0x0 /usr/lib/gcc/avr/4.7.0/avrxmega2/libgcc.a(_prologue.o)
 .text.libgcc.fmul
                0x00001c68        0x0 /usr/lib/gcc/avr/4.7.0/avrxmega2/libgcc.a(_prologue.o)
 .text.libgcc.mul
                0x00001c68        0x0 /usr/lib/gcc/avr/4.7.0/avrxmega2/libgcc.a(_epilogue.o)
 .text.libgcc.div
                0x00001c68        0x0 /usr/lib/gcc/avr/4.7.0/avrxmega2/libgcc.a(_epilogue.o)
 .text.libgcc   0x00001c68        0x0 /usr/lib/gcc/avr/4.7.0/avrxmega2/libgcc.a(_epilogue.o)
 .text.libgcc.prologue
                0x00001c68       0x30 /usr/lib/gcc/avr/4.7.0/avrxmega2/libgcc.a(_epilogue.o)
                0x00001c68                __epilogue_restores__
 .text.libgcc.builtins
                0x00001c98        0x0 /usr/lib/gcc/avr/4.7.0/avrxmega2/libgcc.a(_epilogue.o)
 .text.libgcc.fmul
                0x00001c98        0x0 /usr/lib/gcc/avr/4.7.0/avrxmega2/libgcc.a(_epilogue.o)
 .text.libgcc.mul
                0x00001c98        0x0 /usr/lib/gcc/avr/4.7.0/avrxmega2/libgcc.a(_clzsi2.o)
 .text.libgcc.div
                0x00001c98        0x0 /usr/lib/gcc/avr/4.7.0/avrxmega2/libgcc.a(_clzsi2.o)
 .text.libgcc   0x00001c98        0x0 /usr/lib/gcc/avr/4.7.0/avrxmega2/libgcc.a(_clzsi2.o)
 .text.libgcc.prologue
                0x00001c98        0x0 /usr/lib/gcc/avr/4.7.0/avrxmega2/libgcc.a(_clzsi2.o)
 .text.libgcc.builtins
                0x00001c98       0x12 /usr/lib/gcc/avr/4.7.0/avrxmega2/libgcc.a(_clzsi2.o)
                0x00001c98                __clzsi2
 .text.libgcc.fmul
                0x00001caa        0x0 /usr/lib/gcc/avr/4.7.0/avrxmega2/libgcc.a(_clzsi2.o)
 .text.libgcc.mul
                0x00001caa        0x0 /usr/lib/gcc/avr/4.7.0/avrxmega2/libgcc.a(_clzhi2.o)
 .text.libgcc.div
                0x00001caa        0x0 /usr/lib/gcc/avr/4.7.0/avrxmega2/libgcc.a(_clzhi2.o)
 .text.libgcc   0x00001caa        0x0 /usr/lib/gcc/avr/4.7.0/avrxmega2/libgcc.a(_clzhi2.o)
 .text.libgcc.prologue
                0x00001caa        0x0 /usr/lib/gcc/avr/4.7.0/avrxmega2/libgcc.a(_clzhi2.o)
 .text.libgcc.builtins
                0x00001caa       0x24 /usr/lib/gcc/avr/4.7.0/avrxmega2/libgcc.a(_clzhi2.o)
                0x00001caa                __clzhi2
 .text.libgcc.fmul
                0x00001cce        0x0 /usr/lib/gcc/avr/4.7.0/avrxmega2/libgcc.a(_clzhi2.o)
                0x00001cce                . = ALIGN (0x2)
 *(.fini9)
 .fini9         0x00001cce        0x0 /usr/lib/gcc/avr/4.7.0/avrxmega2/libgcc.a(_exit.o)
                0x00001cce                exit
                0x00001cce                _exit
 *(.fini9)
 *(.fini8)
 *(.fini8)
 *(.fini7)
 *(.fini7)
 *(.fini6)
 *(.fini6)
 *(.fini5)
 *(.fini5)
 *(.fini4)
 *(.fini4)
 *(.fini3)
 *(.fini3)
 *(.fini2)
 *(.fini2)
 *(.fini1)
 *(.fini1)
 *(.fini0)
 .fini0         0x00001cce        0x4 /usr/lib/gcc/avr/4.7.0/avrxmega2/libgcc.a(_exit.o)
 *(.fini0)
                0x00001cd2                _etext = .

.data           0x00802000       0xe2 load address 0x00001cd2
                0x00802000                PROVIDE (__data_start, .)
 *(.data)
 .data          0x00802000        0x0 /usr/lib/gcc/avr/4.7.0/../../../avr/lib/avrxmega2/crtx16a4.o
 .data          0x00802000       0xda main.o
                0x00802000                Gripper
                0x00802024                Right_Wrist
                0x00802048                Left_Wrist
                0x0080206c                Elbow
                0x00802090                Shoulder
                0x008020b4                Base
                0x008020d8                state
 .data          0x008020da        0x0 /usr/lib/gcc/avr/4.7.0/avrxmega2/libgcc.a(_divmodhi4.o)
 .data          0x008020da        0x0 /usr/lib/gcc/avr/4.7.0/avrxmega2/libgcc.a(_divmodsi4.o)
 .data          0x008020da        0x0 /usr/lib/gcc/avr/4.7.0/avrxmega2/libgcc.a(_exit.o)
 .data          0x008020da        0x0 /usr/lib/gcc/avr/4.7.0/avrxmega2/libgcc.a(_copy_data.o)
 .data          0x008020da        0x0 /usr/lib/gcc/avr/4.7.0/avrxmega2/libgcc.a(_clear_bss.o)
 .data          0x008020da        0x0 /usr/lib/gcc/avr/4.7.0/avrxmega2/libgcc.a(_mul_sf.o)
 .data          0x008020da        0x0 /usr/lib/gcc/avr/4.7.0/avrxmega2/libgcc.a(_div_sf.o)
 .data          0x008020da        0x0 /usr/lib/gcc/avr/4.7.0/avrxmega2/libgcc.a(_si_to_sf.o)
 .data          0x008020da        0x0 /usr/lib/gcc/avr/4.7.0/avrxmega2/libgcc.a(_sf_to_si.o)
 .data          0x008020da        0x0 /usr/lib/gcc/avr/4.7.0/avrxmega2/libgcc.a(_thenan_sf.o)
 .data          0x008020da        0x0 /usr/lib/gcc/avr/4.7.0/avrxmega2/libgcc.a(_udivmodhi4.o)
 .data          0x008020da        0x0 /usr/lib/gcc/avr/4.7.0/avrxmega2/libgcc.a(_udivmodsi4.o)
 .data          0x008020da        0x0 /usr/lib/gcc/avr/4.7.0/avrxmega2/libgcc.a(_prologue.o)
 .data          0x008020da        0x0 /usr/lib/gcc/avr/4.7.0/avrxmega2/libgcc.a(_epilogue.o)
 .data          0x008020da        0x0 /usr/lib/gcc/avr/4.7.0/avrxmega2/libgcc.a(_clzsi2.o)
 .data          0x008020da        0x0 /usr/lib/gcc/avr/4.7.0/avrxmega2/libgcc.a(_clzhi2.o)
 .data          0x008020da        0x0 /usr/lib/gcc/avr/4.7.0/avrxmega2/libgcc.a(_pack_sf.o)
 .data          0x008020da        0x0 /usr/lib/gcc/avr/4.7.0/avrxmega2/libgcc.a(_unpack_sf.o)
 *(.data*)
 *(.rodata)
 .rodata        0x008020da        0x8 /usr/lib/gcc/avr/4.7.0/avrxmega2/libgcc.a(_thenan_sf.o)
                0x008020da                __thenan_sf
 *(.rodata*)
 *(.gnu.linkonce.d*)
                0x008020e2                . = ALIGN (0x2)
                0x008020e2                _edata = .
                0x008020e2                PROVIDE (__data_end, .)

.bss            0x008020e2       0x1e
                0x008020e2                PROVIDE (__bss_start, .)
 *(.bss)
 .bss           0x008020e2        0x0 /usr/lib/gcc/avr/4.7.0/../../../avr/lib/avrxmega2/crtx16a4.o
 .bss           0x008020e2       0x1e main.o
                0x008020e2                elapsedMillis
                0x008020e6                pose
                0x008020f2                goal
                0x008020fe                debugFlag
 .bss           0x00802100        0x0 /usr/lib/gcc/avr/4.7.0/avrxmega2/libgcc.a(_divmodhi4.o)
 .bss           0x00802100        0x0 /usr/lib/gcc/avr/4.7.0/avrxmega2/libgcc.a(_divmodsi4.o)
 .bss           0x00802100        0x0 /usr/lib/gcc/avr/4.7.0/avrxmega2/libgcc.a(_exit.o)
 .bss           0x00802100        0x0 /usr/lib/gcc/avr/4.7.0/avrxmega2/libgcc.a(_copy_data.o)
 .bss           0x00802100        0x0 /usr/lib/gcc/avr/4.7.0/avrxmega2/libgcc.a(_clear_bss.o)
 .bss           0x00802100        0x0 /usr/lib/gcc/avr/4.7.0/avrxmega2/libgcc.a(_mul_sf.o)
 .bss           0x00802100        0x0 /usr/lib/gcc/avr/4.7.0/avrxmega2/libgcc.a(_div_sf.o)
 .bss           0x00802100        0x0 /usr/lib/gcc/avr/4.7.0/avrxmega2/libgcc.a(_si_to_sf.o)
 .bss           0x00802100        0x0 /usr/lib/gcc/avr/4.7.0/avrxmega2/libgcc.a(_sf_to_si.o)
 .bss           0x00802100        0x0 /usr/lib/gcc/avr/4.7.0/avrxmega2/libgcc.a(_thenan_sf.o)
 .bss           0x00802100        0x0 /usr/lib/gcc/avr/4.7.0/avrxmega2/libgcc.a(_udivmodhi4.o)
 .bss           0x00802100        0x0 /usr/lib/gcc/avr/4.7.0/avrxmega2/libgcc.a(_udivmodsi4.o)
 .bss           0x00802100        0x0 /usr/lib/gcc/avr/4.7.0/avrxmega2/libgcc.a(_prologue.o)
 .bss           0x00802100        0x0 /usr/lib/gcc/avr/4.7.0/avrxmega2/libgcc.a(_epilogue.o)
 .bss           0x00802100        0x0 /usr/lib/gcc/avr/4.7.0/avrxmega2/libgcc.a(_clzsi2.o)
 .bss           0x00802100        0x0 /usr/lib/gcc/avr/4.7.0/avrxmega2/libgcc.a(_clzhi2.o)
 .bss           0x00802100        0x0 /usr/lib/gcc/avr/4.7.0/avrxmega2/libgcc.a(_pack_sf.o)
 .bss           0x00802100        0x0 /usr/lib/gcc/avr/4.7.0/avrxmega2/libgcc.a(_unpack_sf.o)
 *(.bss*)
 *(COMMON)
                0x00802100                PROVIDE (__bss_end, .)
                0x00001cd2                __data_load_start = LOADADDR (.data)
                0x00001db4                __data_load_end = (__data_load_start + SIZEOF (.data))

.noinit         0x00802100        0x0
                0x00802100                PROVIDE (__noinit_start, .)
 *(.noinit*)
                0x00802100                PROVIDE (__noinit_end, .)
                0x00802100                _end = .
                0x00802100                PROVIDE (__heap_start, .)

.eeprom         0x00810000        0x0
 *(.eeprom*)
                0x00810000                __eeprom_end = .

.fuse
 *(.fuse)
 *(.lfuse)
 *(.hfuse)
 *(.efuse)

.lock
 *(.lock*)

.signature
 *(.signature*)

.stab           0x00000000      0x6cc
 *(.stab)
 .stab          0x00000000      0x6cc /usr/lib/gcc/avr/4.7.0/../../../avr/lib/avrxmega2/crtx16a4.o

.stabstr        0x00000000       0x54
 *(.stabstr)
 .stabstr       0x00000000       0x54 /usr/lib/gcc/avr/4.7.0/../../../avr/lib/avrxmega2/crtx16a4.o

.stab.excl
 *(.stab.excl)

.stab.exclstr
 *(.stab.exclstr)

.stab.index
 *(.stab.index)

.stab.indexstr
 *(.stab.indexstr)

.comment        0x00000000       0x11
 *(.comment)
 .comment       0x00000000       0x11 main.o
                                 0x12 (size before relaxing)
 .comment       0x00000000       0x12 /usr/lib/gcc/avr/4.7.0/avrxmega2/libgcc.a(_mul_sf.o)
 .comment       0x00000000       0x12 /usr/lib/gcc/avr/4.7.0/avrxmega2/libgcc.a(_div_sf.o)
 .comment       0x00000000       0x12 /usr/lib/gcc/avr/4.7.0/avrxmega2/libgcc.a(_si_to_sf.o)
 .comment       0x00000000       0x12 /usr/lib/gcc/avr/4.7.0/avrxmega2/libgcc.a(_sf_to_si.o)
 .comment       0x00000000       0x12 /usr/lib/gcc/avr/4.7.0/avrxmega2/libgcc.a(_thenan_sf.o)
 .comment       0x00000000       0x12 /usr/lib/gcc/avr/4.7.0/avrxmega2/libgcc.a(_pack_sf.o)
 .comment       0x00000000       0x12 /usr/lib/gcc/avr/4.7.0/avrxmega2/libgcc.a(_unpack_sf.o)

.debug
 *(.debug)

.line
 *(.line)

.debug_srcinfo
 *(.debug_srcinfo)

.debug_sfnames
 *(.debug_sfnames)

.debug_aranges  0x00000000       0x28
 *(.debug_aranges)
 .debug_aranges
                0x00000000       0x28 main.o

.debug_pubnames
 *(.debug_pubnames)

.debug_info     0x00000000     0x1b24
 *(.debug_info)
 .debug_info    0x00000000     0x1b24 main.o
 *(.gnu.linkonce.wi.*)

.debug_abbrev   0x00000000      0x47c
 *(.debug_abbrev)
 .debug_abbrev  0x00000000      0x47c main.o

.debug_line     0x00000000      0x460
 *(.debug_line)
 .debug_line    0x00000000      0x460 main.o

.debug_frame    0x00000000      0x394
 *(.debug_frame)
 .debug_frame   0x00000000      0x394 main.o

.debug_str      0x00000000      0xf15
 *(.debug_str)
 .debug_str     0x00000000      0xf15 main.o
                                0xf66 (size before relaxing)

.debug_loc      0x00000000     0x1a21
 *(.debug_loc)
 .debug_loc     0x00000000     0x1a21 main.o

.debug_macinfo
 *(.debug_macinfo)
OUTPUT(tinyArmTroller.out elf32-avr)
LOAD linker stubs

.debug_ranges   0x00000000       0xa8
 .debug_ranges  0x00000000       0xa8 main.o
