Archive member included to satisfy reference by file (symbol)

/usr/lib/gcc/avr/5.4.0/avrxmega2/libgcc.a(_divmodhi4.o)
                              main.o (__divmodhi4)
/usr/lib/gcc/avr/5.4.0/avrxmega2/libgcc.a(_divmodsi4.o)
                              main.o (__divmodsi4)
/usr/lib/gcc/avr/5.4.0/avrxmega2/libgcc.a(_negsi2.o)
                              /usr/lib/gcc/avr/5.4.0/avrxmega2/libgcc.a(_divmodsi4.o) (__negsi2)
/usr/lib/gcc/avr/5.4.0/avrxmega2/libgcc.a(_exit.o)
                              /usr/lib/gcc/avr/5.4.0/../../../avr/lib/avrxmega2/crtatxmega16a4.o (exit)
/usr/lib/gcc/avr/5.4.0/avrxmega2/libgcc.a(_tablejump2.o)
                              main.o (__tablejump2__)
/usr/lib/gcc/avr/5.4.0/avrxmega2/libgcc.a(_copy_data.o)
                              main.o (__do_copy_data)
/usr/lib/gcc/avr/5.4.0/avrxmega2/libgcc.a(_clear_bss.o)
                              main.o (__do_clear_bss)
/usr/lib/gcc/avr/5.4.0/avrxmega2/libgcc.a(_udivmodhi4.o)
                              /usr/lib/gcc/avr/5.4.0/avrxmega2/libgcc.a(_divmodhi4.o) (__udivmodhi4)
/usr/lib/gcc/avr/5.4.0/avrxmega2/libgcc.a(_udivmodsi4.o)
                              /usr/lib/gcc/avr/5.4.0/avrxmega2/libgcc.a(_divmodsi4.o) (__udivmodsi4)
/usr/lib/gcc/avr/5.4.0/../../../avr/lib/avrxmega2/libm.a(divsf3.o)
                              main.o (__divsf3)
/usr/lib/gcc/avr/5.4.0/../../../avr/lib/avrxmega2/libm.a(divsf3x.o)
                              /usr/lib/gcc/avr/5.4.0/../../../avr/lib/avrxmega2/libm.a(divsf3.o) (__divsf3x)
/usr/lib/gcc/avr/5.4.0/../../../avr/lib/avrxmega2/libm.a(fixsfsi.o)
                              main.o (__fixsfsi)
/usr/lib/gcc/avr/5.4.0/../../../avr/lib/avrxmega2/libm.a(fixunssfsi.o)
                              /usr/lib/gcc/avr/5.4.0/../../../avr/lib/avrxmega2/libm.a(fixsfsi.o) (__fixunssfsi)
/usr/lib/gcc/avr/5.4.0/../../../avr/lib/avrxmega2/libm.a(floatsisf.o)
                              main.o (__floatsisf)
/usr/lib/gcc/avr/5.4.0/../../../avr/lib/avrxmega2/libm.a(fp_inf.o)
                              /usr/lib/gcc/avr/5.4.0/../../../avr/lib/avrxmega2/libm.a(divsf3x.o) (__fp_inf)
/usr/lib/gcc/avr/5.4.0/../../../avr/lib/avrxmega2/libm.a(fp_nan.o)
                              /usr/lib/gcc/avr/5.4.0/../../../avr/lib/avrxmega2/libm.a(divsf3x.o) (__fp_nan)
/usr/lib/gcc/avr/5.4.0/../../../avr/lib/avrxmega2/libm.a(fp_pscA.o)
                              /usr/lib/gcc/avr/5.4.0/../../../avr/lib/avrxmega2/libm.a(divsf3x.o) (__fp_pscA)
/usr/lib/gcc/avr/5.4.0/../../../avr/lib/avrxmega2/libm.a(fp_pscB.o)
                              /usr/lib/gcc/avr/5.4.0/../../../avr/lib/avrxmega2/libm.a(divsf3x.o) (__fp_pscB)
/usr/lib/gcc/avr/5.4.0/../../../avr/lib/avrxmega2/libm.a(fp_round.o)
                              /usr/lib/gcc/avr/5.4.0/../../../avr/lib/avrxmega2/libm.a(divsf3.o) (__fp_round)
/usr/lib/gcc/avr/5.4.0/../../../avr/lib/avrxmega2/libm.a(fp_split3.o)
                              /usr/lib/gcc/avr/5.4.0/../../../avr/lib/avrxmega2/libm.a(divsf3x.o) (__fp_split3)
/usr/lib/gcc/avr/5.4.0/../../../avr/lib/avrxmega2/libm.a(fp_zero.o)
                              /usr/lib/gcc/avr/5.4.0/../../../avr/lib/avrxmega2/libm.a(fixunssfsi.o) (__fp_zero)
/usr/lib/gcc/avr/5.4.0/../../../avr/lib/avrxmega2/libm.a(mulsf3.o)
                              main.o (__mulsf3)
/usr/lib/gcc/avr/5.4.0/../../../avr/lib/avrxmega2/libm.a(mulsf3x.o)
                              /usr/lib/gcc/avr/5.4.0/../../../avr/lib/avrxmega2/libm.a(mulsf3.o) (__mulsf3x)
/usr/lib/gcc/avr/5.4.0/../../../avr/lib/avrxmega2/libc.a(iob.o)
                              main.o (__iob)
/usr/lib/gcc/avr/5.4.0/../../../avr/lib/avrxmega2/libc.a(puts.o)
                              main.o (puts)

Allocating common symbols
Common symbol       size              file

__iob               0x6               /usr/lib/gcc/avr/5.4.0/../../../avr/lib/avrxmega2/libc.a(iob.o)

Memory Configuration

Name             Origin             Length             Attributes
text             0x0000000000000000 0x0000000000005000 xr
data             0x0000000000802000 0x0000000000000800 rw !x
eeprom           0x0000000000810000 0x0000000000000400 rw !x
fuse             0x0000000000820000 0x0000000000000006 rw !x
lock             0x0000000000830000 0x0000000000000400 rw !x
signature        0x0000000000840000 0x0000000000000400 rw !x
user_signatures  0x0000000000850000 0x0000000000000400 rw !x
*default*        0x0000000000000000 0xffffffffffffffff

Linker script and memory map

LOAD /usr/lib/gcc/avr/5.4.0/../../../avr/lib/avrxmega2/crtatxmega16a4.o
LOAD /usr/lib/gcc/avr/5.4.0/../../../avr/lib/avrxmega2/libm.a
LOAD main.o
START GROUP
LOAD /usr/lib/gcc/avr/5.4.0/avrxmega2/libgcc.a
LOAD /usr/lib/gcc/avr/5.4.0/../../../avr/lib/avrxmega2/libm.a
LOAD /usr/lib/gcc/avr/5.4.0/../../../avr/lib/avrxmega2/libc.a
LOAD /usr/lib/gcc/avr/5.4.0/../../../avr/lib/avrxmega2/libatxmega16a4.a
END GROUP
                0x0000000000000000                __TEXT_REGION_ORIGIN__ = DEFINED (__TEXT_REGION_ORIGIN__)?__TEXT_REGION_ORIGIN__:0x0
                [0x0000000000802000]                __DATA_REGION_ORIGIN__ = DEFINED (__DATA_REGION_ORIGIN__)?__DATA_REGION_ORIGIN__:0x802000
                [0x0000000000005000]                __TEXT_REGION_LENGTH__ = DEFINED (__TEXT_REGION_LENGTH__)?__TEXT_REGION_LENGTH__:0x100000
                [0x0000000000000800]                __DATA_REGION_LENGTH__ = DEFINED (__DATA_REGION_LENGTH__)?__DATA_REGION_LENGTH__:0xffa0
                [0x0000000000000400]                __EEPROM_REGION_LENGTH__ = DEFINED (__EEPROM_REGION_LENGTH__)?__EEPROM_REGION_LENGTH__:0x10000
                [0x0000000000000006]                __FUSE_REGION_LENGTH__ = DEFINED (__FUSE_REGION_LENGTH__)?__FUSE_REGION_LENGTH__:0x400
                0x0000000000000400                __LOCK_REGION_LENGTH__ = DEFINED (__LOCK_REGION_LENGTH__)?__LOCK_REGION_LENGTH__:0x400
                0x0000000000000400                __SIGNATURE_REGION_LENGTH__ = DEFINED (__SIGNATURE_REGION_LENGTH__)?__SIGNATURE_REGION_LENGTH__:0x400
                0x0000000000000400                __USER_SIGNATURE_REGION_LENGTH__ = DEFINED (__USER_SIGNATURE_REGION_LENGTH__)?__USER_SIGNATURE_REGION_LENGTH__:0x400

.hash
 *(.hash)

.dynsym
 *(.dynsym)

.dynstr
 *(.dynstr)

.gnu.version
 *(.gnu.version)

.gnu.version_d
 *(.gnu.version_d)

.gnu.version_r
 *(.gnu.version_r)

.rel.init
 *(.rel.init)

.rela.init
 *(.rela.init)

.rel.text
 *(.rel.text)
 *(.rel.text.*)
 *(.rel.gnu.linkonce.t*)

.rela.text
 *(.rela.text)
 *(.rela.text.*)
 *(.rela.gnu.linkonce.t*)

.rel.fini
 *(.rel.fini)

.rela.fini
 *(.rela.fini)

.rel.rodata
 *(.rel.rodata)
 *(.rel.rodata.*)
 *(.rel.gnu.linkonce.r*)

.rela.rodata
 *(.rela.rodata)
 *(.rela.rodata.*)
 *(.rela.gnu.linkonce.r*)

.rel.data
 *(.rel.data)
 *(.rel.data.*)
 *(.rel.gnu.linkonce.d*)

.rela.data
 *(.rela.data)
 *(.rela.data.*)
 *(.rela.gnu.linkonce.d*)

.rel.ctors
 *(.rel.ctors)

.rela.ctors
 *(.rela.ctors)

.rel.dtors
 *(.rel.dtors)

.rela.dtors
 *(.rela.dtors)

.rel.got
 *(.rel.got)

.rela.got
 *(.rela.got)

.rel.bss
 *(.rel.bss)

.rela.bss
 *(.rela.bss)

.rel.plt
 *(.rel.plt)

.rela.plt
 *(.rela.plt)

.text           0x0000000000000000     0x1cd4
 *(.vectors)
 .vectors       0x0000000000000000      0x178 /usr/lib/gcc/avr/5.4.0/../../../avr/lib/avrxmega2/crtatxmega16a4.o
                0x0000000000000000                __vectors
                0x0000000000000000                __vector_default
 *(.vectors)
 *(.progmem.gcc*)
 .progmem.gcc_sw_table
                0x0000000000000178       0x40 main.o
                0x00000000000001b8                . = ALIGN (0x2)
                0x00000000000001b8                __trampolines_start = .
 *(.trampolines)
 .trampolines   0x00000000000001b8        0x0 linker stubs
 *(.trampolines*)
                0x00000000000001b8                __trampolines_end = .
 *libprintf_flt.a:*(.progmem.data)
 *libc.a:*(.progmem.data)
 *(.progmem*)
                0x00000000000001b8                . = ALIGN (0x2)
 *(.jumptables)
 *(.jumptables*)
 *(.lowtext)
 *(.lowtext*)
                0x00000000000001b8                __ctors_start = .
 *(.ctors)
                0x00000000000001b8                __ctors_end = .
                0x00000000000001b8                __dtors_start = .
 *(.dtors)
                0x00000000000001b8                __dtors_end = .
 SORT(*)(.ctors)
 SORT(*)(.dtors)
 *(.init0)
 .init0         0x00000000000001b8        0x0 /usr/lib/gcc/avr/5.4.0/../../../avr/lib/avrxmega2/crtatxmega16a4.o
                0x00000000000001b8                __init
 *(.init0)
 *(.init1)
 *(.init1)
 *(.init2)
 .init2         0x00000000000001b8        0xc /usr/lib/gcc/avr/5.4.0/../../../avr/lib/avrxmega2/crtatxmega16a4.o
 *(.init2)
 *(.init3)
 *(.init3)
 *(.init4)
 .init4         0x00000000000001c4       0x16 /usr/lib/gcc/avr/5.4.0/avrxmega2/libgcc.a(_copy_data.o)
                0x00000000000001c4                __do_copy_data
 .init4         0x00000000000001da       0x10 /usr/lib/gcc/avr/5.4.0/avrxmega2/libgcc.a(_clear_bss.o)
                0x00000000000001da                __do_clear_bss
 *(.init4)
 *(.init5)
 *(.init5)
 *(.init6)
 *(.init6)
 *(.init7)
 *(.init7)
 *(.init8)
 *(.init8)
 *(.init9)
 .init9         0x00000000000001ea        0x8 /usr/lib/gcc/avr/5.4.0/../../../avr/lib/avrxmega2/crtatxmega16a4.o
 *(.init9)
 *(.text)
 .text          0x00000000000001f2        0x4 /usr/lib/gcc/avr/5.4.0/../../../avr/lib/avrxmega2/crtatxmega16a4.o
                0x00000000000001f2                __vector_38
                0x00000000000001f2                __vector_22
                0x00000000000001f2                __vector_63
                0x00000000000001f2                __vector_28
                0x00000000000001f2                __vector_67
                0x00000000000001f2                __vector_1
                0x00000000000001f2                __vector_32
                0x00000000000001f2                __vector_75
                0x00000000000001f2                __vector_71
                0x00000000000001f2                __vector_91
                0x00000000000001f2                __vector_34
                0x00000000000001f2                __vector_62
                0x00000000000001f2                __vector_77
                0x00000000000001f2                __vector_24
                0x00000000000001f2                __vector_12
                0x00000000000001f2                __vector_55
                0x00000000000001f2                __vector_69
                0x00000000000001f2                __vector_81
                0x00000000000001f2                __vector_90
                0x00000000000001f2                __vector_46
                0x00000000000001f2                __bad_interrupt
                0x00000000000001f2                __vector_72
                0x00000000000001f2                __vector_6
                0x00000000000001f2                __vector_31
                0x00000000000001f2                __vector_92
                0x00000000000001f2                __vector_35
                0x00000000000001f2                __vector_78
                0x00000000000001f2                __vector_74
                0x00000000000001f2                __vector_39
                0x00000000000001f2                __vector_3
                0x00000000000001f2                __vector_23
                0x00000000000001f2                __vector_68
                0x00000000000001f2                __vector_30
                0x00000000000001f2                __vector_73
                0x00000000000001f2                __vector_45
                0x00000000000001f2                __vector_25
                0x00000000000001f2                __vector_93
                0x00000000000001f2                __vector_61
                0x00000000000001f2                __vector_11
                0x00000000000001f2                __vector_54
                0x00000000000001f2                __vector_13
                0x00000000000001f2                __vector_17
                0x00000000000001f2                __vector_19
                0x00000000000001f2                __vector_56
                0x00000000000001f2                __vector_7
                0x00000000000001f2                __vector_49
                0x00000000000001f2                __vector_41
                0x00000000000001f2                __vector_86
                0x00000000000001f2                __vector_64
                0x00000000000001f2                __vector_88
                0x00000000000001f2                __vector_43
                0x00000000000001f2                __vector_27
                0x00000000000001f2                __vector_5
                0x00000000000001f2                __vector_33
                0x00000000000001f2                __vector_76
                0x00000000000001f2                __vector_47
                0x00000000000001f2                __vector_52
                0x00000000000001f2                __vector_37
                0x00000000000001f2                __vector_89
                0x00000000000001f2                __vector_4
                0x00000000000001f2                __vector_44
                0x00000000000001f2                __vector_82
                0x00000000000001f2                __vector_51
                0x00000000000001f2                __vector_9
                0x00000000000001f2                __vector_2
                0x00000000000001f2                __vector_21
                0x00000000000001f2                __vector_15
                0x00000000000001f2                __vector_66
                0x00000000000001f2                __vector_36
                0x00000000000001f2                __vector_79
                0x00000000000001f2                __vector_58
                0x00000000000001f2                __vector_70
                0x00000000000001f2                __vector_83
                0x00000000000001f2                __vector_29
                0x00000000000001f2                __vector_60
                0x00000000000001f2                __vector_40
                0x00000000000001f2                __vector_85
                0x00000000000001f2                __vector_8
                0x00000000000001f2                __vector_26
                0x00000000000001f2                __vector_48
                0x00000000000001f2                __vector_80
                0x00000000000001f2                __vector_84
                0x00000000000001f2                __vector_57
                0x00000000000001f2                __vector_53
                0x00000000000001f2                __vector_10
                0x00000000000001f2                __vector_50
                0x00000000000001f2                __vector_16
                0x00000000000001f2                __vector_59
                0x00000000000001f2                __vector_18
                0x00000000000001f2                __vector_20
                0x00000000000001f2                __vector_42
                0x00000000000001f2                __vector_87
                0x00000000000001f2                __vector_65
 .text          0x00000000000001f6     0x161a main.o
                0x0000000000000218                CCPWrite
                0x0000000000000242                CLKSYS_XOSC_Config
                0x0000000000000256                CLKSYS_PLL_Config
                0x0000000000000260                CLKSYS_Disable
                0x0000000000000274                CLKSYS_Prescalers_Config
                0x000000000000027e                CLKSYS_Main_ClockSource_Select
                0x00000000000002a8                CLKSYS_RTC_ClockSource_Enable
                0x00000000000002b8                CLKSYS_AutoCalibration_Enable
                0x00000000000002f0                CLKSYS_XOSC_FailureDetection_Enable
                0x00000000000002fa                CLKSYS_Configuration_Lock
                0x0000000000000304                __vector_14
                0x000000000000034e                uart_getchar
                0x0000000000000364                delay_ms
                0x000000000000037a                compareArray
                0x00000000000003f8                signum
                0x0000000000000414                Config32MHzClock
                0x0000000000000432                millis
                0x0000000000000444                blink
                0x0000000000000474                blinkN
                0x000000000000049e                setPin
                0x0000000000000580                clearPin
                0x0000000000000662                setSpeed
                0x00000000000006ae                stepMotor
                0x00000000000007e4                step
                0x00000000000009c8                stepOne
                0x0000000000000b34                changeGoal
                0x0000000000000b62                moveToGoal
                0x00000000000012dc                updateSign
                0x0000000000001382                mainLoop
                0x0000000000001678                update
                0x000000000000178e                init
 .text          0x0000000000001810        0x0 /usr/lib/gcc/avr/5.4.0/avrxmega2/libgcc.a(_divmodhi4.o)
 .text          0x0000000000001810        0x0 /usr/lib/gcc/avr/5.4.0/avrxmega2/libgcc.a(_divmodsi4.o)
 .text          0x0000000000001810        0x0 /usr/lib/gcc/avr/5.4.0/avrxmega2/libgcc.a(_negsi2.o)
 .text          0x0000000000001810        0x0 /usr/lib/gcc/avr/5.4.0/avrxmega2/libgcc.a(_exit.o)
 .text          0x0000000000001810        0x0 /usr/lib/gcc/avr/5.4.0/avrxmega2/libgcc.a(_tablejump2.o)
 .text          0x0000000000001810        0x0 /usr/lib/gcc/avr/5.4.0/avrxmega2/libgcc.a(_copy_data.o)
 .text          0x0000000000001810        0x0 /usr/lib/gcc/avr/5.4.0/avrxmega2/libgcc.a(_clear_bss.o)
 .text          0x0000000000001810        0x0 /usr/lib/gcc/avr/5.4.0/avrxmega2/libgcc.a(_udivmodhi4.o)
 .text          0x0000000000001810        0x0 /usr/lib/gcc/avr/5.4.0/avrxmega2/libgcc.a(_udivmodsi4.o)
 .text          0x0000000000001810        0x0 /usr/lib/gcc/avr/5.4.0/../../../avr/lib/avrxmega2/libm.a(divsf3.o)
 .text          0x0000000000001810        0x0 /usr/lib/gcc/avr/5.4.0/../../../avr/lib/avrxmega2/libm.a(divsf3x.o)
 .text          0x0000000000001810        0x0 /usr/lib/gcc/avr/5.4.0/../../../avr/lib/avrxmega2/libm.a(fixsfsi.o)
 .text          0x0000000000001810        0x0 /usr/lib/gcc/avr/5.4.0/../../../avr/lib/avrxmega2/libm.a(fixunssfsi.o)
 .text          0x0000000000001810        0x0 /usr/lib/gcc/avr/5.4.0/../../../avr/lib/avrxmega2/libm.a(floatsisf.o)
 .text          0x0000000000001810        0x0 /usr/lib/gcc/avr/5.4.0/../../../avr/lib/avrxmega2/libm.a(fp_inf.o)
 .text          0x0000000000001810        0x0 /usr/lib/gcc/avr/5.4.0/../../../avr/lib/avrxmega2/libm.a(fp_nan.o)
 .text          0x0000000000001810        0x0 /usr/lib/gcc/avr/5.4.0/../../../avr/lib/avrxmega2/libm.a(fp_pscA.o)
 .text          0x0000000000001810        0x0 /usr/lib/gcc/avr/5.4.0/../../../avr/lib/avrxmega2/libm.a(fp_pscB.o)
 .text          0x0000000000001810        0x0 /usr/lib/gcc/avr/5.4.0/../../../avr/lib/avrxmega2/libm.a(fp_round.o)
 .text          0x0000000000001810        0x0 /usr/lib/gcc/avr/5.4.0/../../../avr/lib/avrxmega2/libm.a(fp_split3.o)
 .text          0x0000000000001810        0x0 /usr/lib/gcc/avr/5.4.0/../../../avr/lib/avrxmega2/libm.a(fp_zero.o)
 .text          0x0000000000001810        0x0 /usr/lib/gcc/avr/5.4.0/../../../avr/lib/avrxmega2/libm.a(mulsf3.o)
 .text          0x0000000000001810        0x0 /usr/lib/gcc/avr/5.4.0/../../../avr/lib/avrxmega2/libm.a(mulsf3x.o)
 .text          0x0000000000001810        0x0 /usr/lib/gcc/avr/5.4.0/../../../avr/lib/avrxmega2/libc.a(iob.o)
 .text          0x0000000000001810        0x0 /usr/lib/gcc/avr/5.4.0/../../../avr/lib/avrxmega2/libc.a(puts.o)
                0x0000000000001810                . = ALIGN (0x2)
 *(.text.*)
 .text.startup  0x0000000000001810       0x3c main.o
                0x0000000000001810                main
 .text.libgcc.mul
                0x000000000000184c        0x0 /usr/lib/gcc/avr/5.4.0/avrxmega2/libgcc.a(_divmodhi4.o)
 .text.libgcc.div
                0x000000000000184c       0x28 /usr/lib/gcc/avr/5.4.0/avrxmega2/libgcc.a(_divmodhi4.o)
                0x000000000000184c                __divmodhi4
                0x000000000000184c                _div
 .text.libgcc   0x0000000000001874        0x0 /usr/lib/gcc/avr/5.4.0/avrxmega2/libgcc.a(_divmodhi4.o)
 .text.libgcc.prologue
                0x0000000000001874        0x0 /usr/lib/gcc/avr/5.4.0/avrxmega2/libgcc.a(_divmodhi4.o)
 .text.libgcc.builtins
                0x0000000000001874        0x0 /usr/lib/gcc/avr/5.4.0/avrxmega2/libgcc.a(_divmodhi4.o)
 .text.libgcc.fmul
                0x0000000000001874        0x0 /usr/lib/gcc/avr/5.4.0/avrxmega2/libgcc.a(_divmodhi4.o)
 .text.libgcc.fixed
                0x0000000000001874        0x0 /usr/lib/gcc/avr/5.4.0/avrxmega2/libgcc.a(_divmodhi4.o)
 .text.libgcc.mul
                0x0000000000001874        0x0 /usr/lib/gcc/avr/5.4.0/avrxmega2/libgcc.a(_divmodsi4.o)
 .text.libgcc.div
                0x0000000000001874       0x2e /usr/lib/gcc/avr/5.4.0/avrxmega2/libgcc.a(_divmodsi4.o)
                0x0000000000001874                __divmodsi4
 .text.libgcc   0x00000000000018a2        0x0 /usr/lib/gcc/avr/5.4.0/avrxmega2/libgcc.a(_divmodsi4.o)
 .text.libgcc.prologue
                0x00000000000018a2        0x0 /usr/lib/gcc/avr/5.4.0/avrxmega2/libgcc.a(_divmodsi4.o)
 .text.libgcc.builtins
                0x00000000000018a2        0x0 /usr/lib/gcc/avr/5.4.0/avrxmega2/libgcc.a(_divmodsi4.o)
 .text.libgcc.fmul
                0x00000000000018a2        0x0 /usr/lib/gcc/avr/5.4.0/avrxmega2/libgcc.a(_divmodsi4.o)
 .text.libgcc.fixed
                0x00000000000018a2        0x0 /usr/lib/gcc/avr/5.4.0/avrxmega2/libgcc.a(_divmodsi4.o)
 .text.libgcc.mul
                0x00000000000018a2        0x0 /usr/lib/gcc/avr/5.4.0/avrxmega2/libgcc.a(_negsi2.o)
 .text.libgcc.div
                0x00000000000018a2       0x10 /usr/lib/gcc/avr/5.4.0/avrxmega2/libgcc.a(_negsi2.o)
                0x00000000000018a2                __negsi2
 .text.libgcc   0x00000000000018b2        0x0 /usr/lib/gcc/avr/5.4.0/avrxmega2/libgcc.a(_negsi2.o)
 .text.libgcc.prologue
                0x00000000000018b2        0x0 /usr/lib/gcc/avr/5.4.0/avrxmega2/libgcc.a(_negsi2.o)
 .text.libgcc.builtins
                0x00000000000018b2        0x0 /usr/lib/gcc/avr/5.4.0/avrxmega2/libgcc.a(_negsi2.o)
 .text.libgcc.fmul
                0x00000000000018b2        0x0 /usr/lib/gcc/avr/5.4.0/avrxmega2/libgcc.a(_negsi2.o)
 .text.libgcc.fixed
                0x00000000000018b2        0x0 /usr/lib/gcc/avr/5.4.0/avrxmega2/libgcc.a(_negsi2.o)
 .text.libgcc.mul
                0x00000000000018b2        0x0 /usr/lib/gcc/avr/5.4.0/avrxmega2/libgcc.a(_exit.o)
 .text.libgcc.div
                0x00000000000018b2        0x0 /usr/lib/gcc/avr/5.4.0/avrxmega2/libgcc.a(_exit.o)
 .text.libgcc   0x00000000000018b2        0x0 /usr/lib/gcc/avr/5.4.0/avrxmega2/libgcc.a(_exit.o)
 .text.libgcc.prologue
                0x00000000000018b2        0x0 /usr/lib/gcc/avr/5.4.0/avrxmega2/libgcc.a(_exit.o)
 .text.libgcc.builtins
                0x00000000000018b2        0x0 /usr/lib/gcc/avr/5.4.0/avrxmega2/libgcc.a(_exit.o)
 .text.libgcc.fmul
                0x00000000000018b2        0x0 /usr/lib/gcc/avr/5.4.0/avrxmega2/libgcc.a(_exit.o)
 .text.libgcc.fixed
                0x00000000000018b2        0x0 /usr/lib/gcc/avr/5.4.0/avrxmega2/libgcc.a(_exit.o)
 .text.libgcc.mul
                0x00000000000018b2        0x0 /usr/lib/gcc/avr/5.4.0/avrxmega2/libgcc.a(_tablejump2.o)
 .text.libgcc.div
                0x00000000000018b2        0x0 /usr/lib/gcc/avr/5.4.0/avrxmega2/libgcc.a(_tablejump2.o)
 .text.libgcc   0x00000000000018b2        0xc /usr/lib/gcc/avr/5.4.0/avrxmega2/libgcc.a(_tablejump2.o)
                0x00000000000018b2                __tablejump2__
 .text.libgcc.prologue
                0x00000000000018be        0x0 /usr/lib/gcc/avr/5.4.0/avrxmega2/libgcc.a(_tablejump2.o)
 .text.libgcc.builtins
                0x00000000000018be        0x0 /usr/lib/gcc/avr/5.4.0/avrxmega2/libgcc.a(_tablejump2.o)
 .text.libgcc.fmul
                0x00000000000018be        0x0 /usr/lib/gcc/avr/5.4.0/avrxmega2/libgcc.a(_tablejump2.o)
 .text.libgcc.fixed
                0x00000000000018be        0x0 /usr/lib/gcc/avr/5.4.0/avrxmega2/libgcc.a(_tablejump2.o)
 .text.libgcc.mul
                0x00000000000018be        0x0 /usr/lib/gcc/avr/5.4.0/avrxmega2/libgcc.a(_copy_data.o)
 .text.libgcc.div
                0x00000000000018be        0x0 /usr/lib/gcc/avr/5.4.0/avrxmega2/libgcc.a(_copy_data.o)
 .text.libgcc   0x00000000000018be        0x0 /usr/lib/gcc/avr/5.4.0/avrxmega2/libgcc.a(_copy_data.o)
 .text.libgcc.prologue
                0x00000000000018be        0x0 /usr/lib/gcc/avr/5.4.0/avrxmega2/libgcc.a(_copy_data.o)
 .text.libgcc.builtins
                0x00000000000018be        0x0 /usr/lib/gcc/avr/5.4.0/avrxmega2/libgcc.a(_copy_data.o)
 .text.libgcc.fmul
                0x00000000000018be        0x0 /usr/lib/gcc/avr/5.4.0/avrxmega2/libgcc.a(_copy_data.o)
 .text.libgcc.fixed
                0x00000000000018be        0x0 /usr/lib/gcc/avr/5.4.0/avrxmega2/libgcc.a(_copy_data.o)
 .text.libgcc.mul
                0x00000000000018be        0x0 /usr/lib/gcc/avr/5.4.0/avrxmega2/libgcc.a(_clear_bss.o)
 .text.libgcc.div
                0x00000000000018be        0x0 /usr/lib/gcc/avr/5.4.0/avrxmega2/libgcc.a(_clear_bss.o)
 .text.libgcc   0x00000000000018be        0x0 /usr/lib/gcc/avr/5.4.0/avrxmega2/libgcc.a(_clear_bss.o)
 .text.libgcc.prologue
                0x00000000000018be        0x0 /usr/lib/gcc/avr/5.4.0/avrxmega2/libgcc.a(_clear_bss.o)
 .text.libgcc.builtins
                0x00000000000018be        0x0 /usr/lib/gcc/avr/5.4.0/avrxmega2/libgcc.a(_clear_bss.o)
 .text.libgcc.fmul
                0x00000000000018be        0x0 /usr/lib/gcc/avr/5.4.0/avrxmega2/libgcc.a(_clear_bss.o)
 .text.libgcc.fixed
                0x00000000000018be        0x0 /usr/lib/gcc/avr/5.4.0/avrxmega2/libgcc.a(_clear_bss.o)
 .text.libgcc.mul
                0x00000000000018be        0x0 /usr/lib/gcc/avr/5.4.0/avrxmega2/libgcc.a(_udivmodhi4.o)
 .text.libgcc.div
                0x00000000000018be       0x28 /usr/lib/gcc/avr/5.4.0/avrxmega2/libgcc.a(_udivmodhi4.o)
                0x00000000000018be                __udivmodhi4
 .text.libgcc   0x00000000000018e6        0x0 /usr/lib/gcc/avr/5.4.0/avrxmega2/libgcc.a(_udivmodhi4.o)
 .text.libgcc.prologue
                0x00000000000018e6        0x0 /usr/lib/gcc/avr/5.4.0/avrxmega2/libgcc.a(_udivmodhi4.o)
 .text.libgcc.builtins
                0x00000000000018e6        0x0 /usr/lib/gcc/avr/5.4.0/avrxmega2/libgcc.a(_udivmodhi4.o)
 .text.libgcc.fmul
                0x00000000000018e6        0x0 /usr/lib/gcc/avr/5.4.0/avrxmega2/libgcc.a(_udivmodhi4.o)
 .text.libgcc.fixed
                0x00000000000018e6        0x0 /usr/lib/gcc/avr/5.4.0/avrxmega2/libgcc.a(_udivmodhi4.o)
 .text.libgcc.mul
                0x00000000000018e6        0x0 /usr/lib/gcc/avr/5.4.0/avrxmega2/libgcc.a(_udivmodsi4.o)
 .text.libgcc.div
                0x00000000000018e6       0x44 /usr/lib/gcc/avr/5.4.0/avrxmega2/libgcc.a(_udivmodsi4.o)
                0x00000000000018e6                __udivmodsi4
 .text.libgcc   0x000000000000192a        0x0 /usr/lib/gcc/avr/5.4.0/avrxmega2/libgcc.a(_udivmodsi4.o)
 .text.libgcc.prologue
                0x000000000000192a        0x0 /usr/lib/gcc/avr/5.4.0/avrxmega2/libgcc.a(_udivmodsi4.o)
 .text.libgcc.builtins
                0x000000000000192a        0x0 /usr/lib/gcc/avr/5.4.0/avrxmega2/libgcc.a(_udivmodsi4.o)
 .text.libgcc.fmul
                0x000000000000192a        0x0 /usr/lib/gcc/avr/5.4.0/avrxmega2/libgcc.a(_udivmodsi4.o)
 .text.libgcc.fixed
                0x000000000000192a        0x0 /usr/lib/gcc/avr/5.4.0/avrxmega2/libgcc.a(_udivmodsi4.o)
 .text.avr-libc.fplib
                0x000000000000192a        0x8 /usr/lib/gcc/avr/5.4.0/../../../avr/lib/avrxmega2/libm.a(divsf3.o)
                0x000000000000192a                __divsf3
 .text.avr-libc.fplib
                0x0000000000001932       0xdc /usr/lib/gcc/avr/5.4.0/../../../avr/lib/avrxmega2/libm.a(divsf3x.o)
                0x0000000000001952                __divsf3x
                0x0000000000001958                __divsf3_pse
 .text.avr-libc.fplib
                0x0000000000001a0e        0xe /usr/lib/gcc/avr/5.4.0/../../../avr/lib/avrxmega2/libm.a(fixsfsi.o)
                0x0000000000001a0e                __fixsfsi
 .text.avr-libc.fplib
                0x0000000000001a1c       0x5e /usr/lib/gcc/avr/5.4.0/../../../avr/lib/avrxmega2/libm.a(fixunssfsi.o)
                0x0000000000001a1c                __fixunssfsi
 .text.avr-libc.fplib
                0x0000000000001a7a       0x7a /usr/lib/gcc/avr/5.4.0/../../../avr/lib/avrxmega2/libm.a(floatsisf.o)
                0x0000000000001a7a                __floatunsisf
                0x0000000000001a7e                __floatsisf
 .text.avr-libc.fplib
                0x0000000000001af4        0xc /usr/lib/gcc/avr/5.4.0/../../../avr/lib/avrxmega2/libm.a(fp_inf.o)
                0x0000000000001af4                __fp_inf
 .text.avr-libc.fplib
                0x0000000000001b00        0x6 /usr/lib/gcc/avr/5.4.0/../../../avr/lib/avrxmega2/libm.a(fp_nan.o)
                0x0000000000001b00                __fp_nan
 .text.avr-libc.fplib
                0x0000000000001b06        0xe /usr/lib/gcc/avr/5.4.0/../../../avr/lib/avrxmega2/libm.a(fp_pscA.o)
                0x0000000000001b06                __fp_pscA
 .text.avr-libc.fplib
                0x0000000000001b14        0xe /usr/lib/gcc/avr/5.4.0/../../../avr/lib/avrxmega2/libm.a(fp_pscB.o)
                0x0000000000001b14                __fp_pscB
 .text.avr-libc.fplib
                0x0000000000001b22       0x22 /usr/lib/gcc/avr/5.4.0/../../../avr/lib/avrxmega2/libm.a(fp_round.o)
                0x0000000000001b22                __fp_round
 .text.avr-libc.fplib
                0x0000000000001b44       0x44 /usr/lib/gcc/avr/5.4.0/../../../avr/lib/avrxmega2/libm.a(fp_split3.o)
                0x0000000000001b44                __fp_split3
                0x0000000000001b54                __fp_splitA
 .text.avr-libc.fplib
                0x0000000000001b88        0xe /usr/lib/gcc/avr/5.4.0/../../../avr/lib/avrxmega2/libm.a(fp_zero.o)
                0x0000000000001b88                __fp_zero
                0x0000000000001b8a                __fp_szero
 .text.avr-libc.fplib
                0x0000000000001b96        0x8 /usr/lib/gcc/avr/5.4.0/../../../avr/lib/avrxmega2/libm.a(mulsf3.o)
                0x0000000000001b96                __mulsf3
 .text.avr-libc.fplib
                0x0000000000001b9e       0xd2 /usr/lib/gcc/avr/5.4.0/../../../avr/lib/avrxmega2/libm.a(mulsf3x.o)
                0x0000000000001bbc                __mulsf3x
                0x0000000000001bc2                __mulsf3_pse
 .text.avr-libc
                0x0000000000001c70       0x60 /usr/lib/gcc/avr/5.4.0/../../../avr/lib/avrxmega2/libc.a(puts.o)
                0x0000000000001c70                puts
                0x0000000000001cd0                . = ALIGN (0x2)
 *(.fini9)
 .fini9         0x0000000000001cd0        0x0 /usr/lib/gcc/avr/5.4.0/avrxmega2/libgcc.a(_exit.o)
                0x0000000000001cd0                exit
                0x0000000000001cd0                _exit
 *(.fini9)
 *(.fini8)
 *(.fini8)
 *(.fini7)
 *(.fini7)
 *(.fini6)
 *(.fini6)
 *(.fini5)
 *(.fini5)
 *(.fini4)
 *(.fini4)
 *(.fini3)
 *(.fini3)
 *(.fini2)
 *(.fini2)
 *(.fini1)
 *(.fini1)
 *(.fini0)
 .fini0         0x0000000000001cd0        0x4 /usr/lib/gcc/avr/5.4.0/avrxmega2/libgcc.a(_exit.o)
 *(.fini0)
                0x0000000000001cd4                _etext = .

.data           0x0000000000802000      0x112 load address 0x0000000000001cd4
                0x0000000000802000                PROVIDE (__data_start, .)
 *(.data)
 .data          0x0000000000802000        0x0 /usr/lib/gcc/avr/5.4.0/../../../avr/lib/avrxmega2/crtatxmega16a4.o
 .data          0x0000000000802000       0xea main.o
                0x0000000000802000                Gripper
                0x0000000000802024                Right_Wrist
                0x0000000000802048                Left_Wrist
                0x000000000080206c                Elbow
                0x0000000000802090                Shoulder
                0x00000000008020b4                Base
                0x00000000008020e6                maxSpeed
                0x00000000008020e8                state
 .data          0x00000000008020ea        0x0 /usr/lib/gcc/avr/5.4.0/avrxmega2/libgcc.a(_divmodhi4.o)
 .data          0x00000000008020ea        0x0 /usr/lib/gcc/avr/5.4.0/avrxmega2/libgcc.a(_divmodsi4.o)
 .data          0x00000000008020ea        0x0 /usr/lib/gcc/avr/5.4.0/avrxmega2/libgcc.a(_negsi2.o)
 .data          0x00000000008020ea        0x0 /usr/lib/gcc/avr/5.4.0/avrxmega2/libgcc.a(_exit.o)
 .data          0x00000000008020ea        0x0 /usr/lib/gcc/avr/5.4.0/avrxmega2/libgcc.a(_tablejump2.o)
 .data          0x00000000008020ea        0x0 /usr/lib/gcc/avr/5.4.0/avrxmega2/libgcc.a(_copy_data.o)
 .data          0x00000000008020ea        0x0 /usr/lib/gcc/avr/5.4.0/avrxmega2/libgcc.a(_clear_bss.o)
 .data          0x00000000008020ea        0x0 /usr/lib/gcc/avr/5.4.0/avrxmega2/libgcc.a(_udivmodhi4.o)
 .data          0x00000000008020ea        0x0 /usr/lib/gcc/avr/5.4.0/avrxmega2/libgcc.a(_udivmodsi4.o)
 .data          0x00000000008020ea        0x0 /usr/lib/gcc/avr/5.4.0/../../../avr/lib/avrxmega2/libm.a(divsf3.o)
 .data          0x00000000008020ea        0x0 /usr/lib/gcc/avr/5.4.0/../../../avr/lib/avrxmega2/libm.a(divsf3x.o)
 .data          0x00000000008020ea        0x0 /usr/lib/gcc/avr/5.4.0/../../../avr/lib/avrxmega2/libm.a(fixsfsi.o)
 .data          0x00000000008020ea        0x0 /usr/lib/gcc/avr/5.4.0/../../../avr/lib/avrxmega2/libm.a(fixunssfsi.o)
 .data          0x00000000008020ea        0x0 /usr/lib/gcc/avr/5.4.0/../../../avr/lib/avrxmega2/libm.a(floatsisf.o)
 .data          0x00000000008020ea        0x0 /usr/lib/gcc/avr/5.4.0/../../../avr/lib/avrxmega2/libm.a(fp_inf.o)
 .data          0x00000000008020ea        0x0 /usr/lib/gcc/avr/5.4.0/../../../avr/lib/avrxmega2/libm.a(fp_nan.o)
 .data          0x00000000008020ea        0x0 /usr/lib/gcc/avr/5.4.0/../../../avr/lib/avrxmega2/libm.a(fp_pscA.o)
 .data          0x00000000008020ea        0x0 /usr/lib/gcc/avr/5.4.0/../../../avr/lib/avrxmega2/libm.a(fp_pscB.o)
 .data          0x00000000008020ea        0x0 /usr/lib/gcc/avr/5.4.0/../../../avr/lib/avrxmega2/libm.a(fp_round.o)
 .data          0x00000000008020ea        0x0 /usr/lib/gcc/avr/5.4.0/../../../avr/lib/avrxmega2/libm.a(fp_split3.o)
 .data          0x00000000008020ea        0x0 /usr/lib/gcc/avr/5.4.0/../../../avr/lib/avrxmega2/libm.a(fp_zero.o)
 .data          0x00000000008020ea        0x0 /usr/lib/gcc/avr/5.4.0/../../../avr/lib/avrxmega2/libm.a(mulsf3.o)
 .data          0x00000000008020ea        0x0 /usr/lib/gcc/avr/5.4.0/../../../avr/lib/avrxmega2/libm.a(mulsf3x.o)
 .data          0x00000000008020ea        0x0 /usr/lib/gcc/avr/5.4.0/../../../avr/lib/avrxmega2/libc.a(iob.o)
 .data          0x00000000008020ea        0x0 /usr/lib/gcc/avr/5.4.0/../../../avr/lib/avrxmega2/libc.a(puts.o)
 *(.data*)
 *(.gnu.linkonce.d*)
 *(.rodata)
 *(.rodata*)
 .rodata.str1.1
                0x00000000008020ea       0x27 main.o
 *(.gnu.linkonce.r*)
                0x0000000000802112                . = ALIGN (0x2)
 *fill*         0x0000000000802111        0x1 
                0x0000000000802112                _edata = .
                0x0000000000802112                PROVIDE (__data_end, .)

.bss            0x0000000000802112       0x28
                0x0000000000802112                PROVIDE (__bss_start, .)
 *(.bss)
 .bss           0x0000000000802112        0x0 /usr/lib/gcc/avr/5.4.0/../../../avr/lib/avrxmega2/crtatxmega16a4.o
 .bss           0x0000000000802112       0x22 main.o
                0x0000000000802112                gripperStatePrev
                0x0000000000802114                gripperState
                0x0000000000802116                elapsedMillis
                0x000000000080211a                pose
                0x0000000000802126                goal
                0x0000000000802132                debugFlag
 .bss           0x0000000000802134        0x0 /usr/lib/gcc/avr/5.4.0/avrxmega2/libgcc.a(_divmodhi4.o)
 .bss           0x0000000000802134        0x0 /usr/lib/gcc/avr/5.4.0/avrxmega2/libgcc.a(_divmodsi4.o)
 .bss           0x0000000000802134        0x0 /usr/lib/gcc/avr/5.4.0/avrxmega2/libgcc.a(_negsi2.o)
 .bss           0x0000000000802134        0x0 /usr/lib/gcc/avr/5.4.0/avrxmega2/libgcc.a(_exit.o)
 .bss           0x0000000000802134        0x0 /usr/lib/gcc/avr/5.4.0/avrxmega2/libgcc.a(_tablejump2.o)
 .bss           0x0000000000802134        0x0 /usr/lib/gcc/avr/5.4.0/avrxmega2/libgcc.a(_copy_data.o)
 .bss           0x0000000000802134        0x0 /usr/lib/gcc/avr/5.4.0/avrxmega2/libgcc.a(_clear_bss.o)
 .bss           0x0000000000802134        0x0 /usr/lib/gcc/avr/5.4.0/avrxmega2/libgcc.a(_udivmodhi4.o)
 .bss           0x0000000000802134        0x0 /usr/lib/gcc/avr/5.4.0/avrxmega2/libgcc.a(_udivmodsi4.o)
 .bss           0x0000000000802134        0x0 /usr/lib/gcc/avr/5.4.0/../../../avr/lib/avrxmega2/libm.a(divsf3.o)
 .bss           0x0000000000802134        0x0 /usr/lib/gcc/avr/5.4.0/../../../avr/lib/avrxmega2/libm.a(divsf3x.o)
 .bss           0x0000000000802134        0x0 /usr/lib/gcc/avr/5.4.0/../../../avr/lib/avrxmega2/libm.a(fixsfsi.o)
 .bss           0x0000000000802134        0x0 /usr/lib/gcc/avr/5.4.0/../../../avr/lib/avrxmega2/libm.a(fixunssfsi.o)
 .bss           0x0000000000802134        0x0 /usr/lib/gcc/avr/5.4.0/../../../avr/lib/avrxmega2/libm.a(floatsisf.o)
 .bss           0x0000000000802134        0x0 /usr/lib/gcc/avr/5.4.0/../../../avr/lib/avrxmega2/libm.a(fp_inf.o)
 .bss           0x0000000000802134        0x0 /usr/lib/gcc/avr/5.4.0/../../../avr/lib/avrxmega2/libm.a(fp_nan.o)
 .bss           0x0000000000802134        0x0 /usr/lib/gcc/avr/5.4.0/../../../avr/lib/avrxmega2/libm.a(fp_pscA.o)
 .bss           0x0000000000802134        0x0 /usr/lib/gcc/avr/5.4.0/../../../avr/lib/avrxmega2/libm.a(fp_pscB.o)
 .bss           0x0000000000802134        0x0 /usr/lib/gcc/avr/5.4.0/../../../avr/lib/avrxmega2/libm.a(fp_round.o)
 .bss           0x0000000000802134        0x0 /usr/lib/gcc/avr/5.4.0/../../../avr/lib/avrxmega2/libm.a(fp_split3.o)
 .bss           0x0000000000802134        0x0 /usr/lib/gcc/avr/5.4.0/../../../avr/lib/avrxmega2/libm.a(fp_zero.o)
 .bss           0x0000000000802134        0x0 /usr/lib/gcc/avr/5.4.0/../../../avr/lib/avrxmega2/libm.a(mulsf3.o)
 .bss           0x0000000000802134        0x0 /usr/lib/gcc/avr/5.4.0/../../../avr/lib/avrxmega2/libm.a(mulsf3x.o)
 .bss           0x0000000000802134        0x0 /usr/lib/gcc/avr/5.4.0/../../../avr/lib/avrxmega2/libc.a(iob.o)
 .bss           0x0000000000802134        0x0 /usr/lib/gcc/avr/5.4.0/../../../avr/lib/avrxmega2/libc.a(puts.o)
 *(.bss*)
 *(COMMON)
 COMMON         0x0000000000802134        0x6 /usr/lib/gcc/avr/5.4.0/../../../avr/lib/avrxmega2/libc.a(iob.o)
                0x0000000000802134                __iob
                0x000000000080213a                PROVIDE (__bss_end, .)
                0x0000000000001cd4                __data_load_start = LOADADDR (.data)
                0x0000000000001de6                __data_load_end = (__data_load_start + SIZEOF (.data))

.noinit         0x000000000080213a        0x0
                [!provide]                        PROVIDE (__noinit_start, .)
 *(.noinit*)
                [!provide]                        PROVIDE (__noinit_end, .)
                0x000000000080213a                _end = .
                [!provide]                        PROVIDE (__heap_start, .)

.eeprom         0x0000000000810000        0x0
 *(.eeprom*)
                0x0000000000810000                __eeprom_end = .

.fuse
 *(.fuse)
 *(.lfuse)
 *(.hfuse)
 *(.efuse)

.lock
 *(.lock*)

.signature
 *(.signature*)

.user_signatures
 *(.user_signatures*)

.stab
 *(.stab)

.stabstr
 *(.stabstr)

.stab.excl
 *(.stab.excl)

.stab.exclstr
 *(.stab.exclstr)

.stab.index
 *(.stab.index)

.stab.indexstr
 *(.stab.indexstr)

.comment        0x0000000000000000       0x11
 *(.comment)
 .comment       0x0000000000000000       0x11 main.o
                                         0x12 (size before relaxing)
 .comment       0x0000000000000011       0x12 /usr/lib/gcc/avr/5.4.0/../../../avr/lib/avrxmega2/libc.a(iob.o)
 .comment       0x0000000000000011       0x12 /usr/lib/gcc/avr/5.4.0/../../../avr/lib/avrxmega2/libc.a(puts.o)

.note.gnu.avr.deviceinfo
                0x0000000000000000       0x40
 .note.gnu.avr.deviceinfo
                0x0000000000000000       0x40 /usr/lib/gcc/avr/5.4.0/../../../avr/lib/avrxmega2/crtatxmega16a4.o

.note.gnu.build-id
 *(.note.gnu.build-id)

.debug
 *(.debug)

.line
 *(.line)

.debug_srcinfo
 *(.debug_srcinfo)

.debug_sfnames
 *(.debug_sfnames)

.debug_aranges  0x0000000000000000       0x28
 *(.debug_aranges)
 .debug_aranges
                0x0000000000000000       0x28 main.o

.debug_pubnames
 *(.debug_pubnames)

.debug_info     0x0000000000000000     0x4340
 *(.debug_info .gnu.linkonce.wi.*)
 .debug_info    0x0000000000000000     0x22d1 /usr/lib/gcc/avr/5.4.0/../../../avr/lib/avrxmega2/crtatxmega16a4.o
 .debug_info    0x00000000000022d1     0x206f main.o

.debug_abbrev   0x0000000000000000     0x2632
 *(.debug_abbrev)
 .debug_abbrev  0x0000000000000000     0x20f8 /usr/lib/gcc/avr/5.4.0/../../../avr/lib/avrxmega2/crtatxmega16a4.o
 .debug_abbrev  0x00000000000020f8      0x53a main.o

.debug_line     0x0000000000000000      0xbae
 *(.debug_line .debug_line.* .debug_line_end)
 .debug_line    0x0000000000000000       0x1a /usr/lib/gcc/avr/5.4.0/../../../avr/lib/avrxmega2/crtatxmega16a4.o
 .debug_line    0x000000000000001a      0xb94 main.o

.debug_frame    0x0000000000000000      0x450
 *(.debug_frame)
 .debug_frame   0x0000000000000000      0x450 main.o

.debug_str      0x0000000000000000     0x27ab
 *(.debug_str)
 .debug_str     0x0000000000000000     0x172c /usr/lib/gcc/avr/5.4.0/../../../avr/lib/avrxmega2/crtatxmega16a4.o
 .debug_str     0x000000000000172c     0x107f main.o
                                       0x10da (size before relaxing)

.debug_loc      0x0000000000000000     0x18bd
 *(.debug_loc)
 .debug_loc     0x0000000000000000     0x18bd main.o

.debug_macinfo
 *(.debug_macinfo)

.debug_weaknames
 *(.debug_weaknames)

.debug_funcnames
 *(.debug_funcnames)

.debug_typenames
 *(.debug_typenames)

.debug_varnames
 *(.debug_varnames)

.debug_pubtypes
 *(.debug_pubtypes)

.debug_ranges   0x0000000000000000       0x30
 *(.debug_ranges)
 .debug_ranges  0x0000000000000000       0x30 main.o

.debug_macro
 *(.debug_macro)
OUTPUT(tinyArmTroller.out elf32-avr)
LOAD linker stubs
