Archive member included because of file (symbol)

/usr/lib/gcc/avr/4.5.3/avrxmega2/libgcc.a(_divmodhi4.o)
                              main.o (__divmodhi4)
/usr/lib/gcc/avr/4.5.3/avrxmega2/libgcc.a(_divmodsi4.o)
                              main.o (__divmodsi4)
/usr/lib/gcc/avr/4.5.3/avrxmega2/libgcc.a(_exit.o)
                              /usr/lib/gcc/avr/4.5.3/../../../avr/lib/avrxmega2/crtx16a4.o (exit)
/usr/lib/gcc/avr/4.5.3/avrxmega2/libgcc.a(_copy_data.o)
                              main.o (__do_copy_data)
/usr/lib/gcc/avr/4.5.3/avrxmega2/libgcc.a(_clear_bss.o)
                              main.o (__do_clear_bss)
/usr/lib/gcc/avr/4.5.3/avrxmega2/libgcc.a(_addsub_sf.o)
                              main.o (__addsf3)
/usr/lib/gcc/avr/4.5.3/avrxmega2/libgcc.a(_mul_sf.o)
                              main.o (__mulsf3)
/usr/lib/gcc/avr/4.5.3/avrxmega2/libgcc.a(_div_sf.o)
                              main.o (__divsf3)
/usr/lib/gcc/avr/4.5.3/avrxmega2/libgcc.a(_gt_sf.o)
                              main.o (__gtsf2)
/usr/lib/gcc/avr/4.5.3/avrxmega2/libgcc.a(_lt_sf.o)
                              main.o (__ltsf2)
/usr/lib/gcc/avr/4.5.3/avrxmega2/libgcc.a(_si_to_sf.o)
                              main.o (__floatsisf)
/usr/lib/gcc/avr/4.5.3/avrxmega2/libgcc.a(_sf_to_si.o)
                              main.o (__fixsfsi)
/usr/lib/gcc/avr/4.5.3/avrxmega2/libgcc.a(_thenan_sf.o)
                              /usr/lib/gcc/avr/4.5.3/avrxmega2/libgcc.a(_addsub_sf.o) (__thenan_sf)
/usr/lib/gcc/avr/4.5.3/avrxmega2/libgcc.a(_udivmodhi4.o)
                              /usr/lib/gcc/avr/4.5.3/avrxmega2/libgcc.a(_divmodhi4.o) (__udivmodhi4)
/usr/lib/gcc/avr/4.5.3/avrxmega2/libgcc.a(_udivmodsi4.o)
                              /usr/lib/gcc/avr/4.5.3/avrxmega2/libgcc.a(_divmodsi4.o) (__udivmodsi4)
/usr/lib/gcc/avr/4.5.3/avrxmega2/libgcc.a(_prologue.o)
                              /usr/lib/gcc/avr/4.5.3/avrxmega2/libgcc.a(_addsub_sf.o) (__prologue_saves__)
/usr/lib/gcc/avr/4.5.3/avrxmega2/libgcc.a(_epilogue.o)
                              /usr/lib/gcc/avr/4.5.3/avrxmega2/libgcc.a(_addsub_sf.o) (__epilogue_restores__)
/usr/lib/gcc/avr/4.5.3/avrxmega2/libgcc.a(_clzsi2.o)
                              /usr/lib/gcc/avr/4.5.3/avrxmega2/libgcc.a(_si_to_sf.o) (__clzsi2)
/usr/lib/gcc/avr/4.5.3/avrxmega2/libgcc.a(_pack_sf.o)
                              /usr/lib/gcc/avr/4.5.3/avrxmega2/libgcc.a(_addsub_sf.o) (__pack_f)
/usr/lib/gcc/avr/4.5.3/avrxmega2/libgcc.a(_unpack_sf.o)
                              /usr/lib/gcc/avr/4.5.3/avrxmega2/libgcc.a(_addsub_sf.o) (__unpack_f)
/usr/lib/gcc/avr/4.5.3/avrxmega2/libgcc.a(_fpcmp_parts_sf.o)
                              /usr/lib/gcc/avr/4.5.3/avrxmega2/libgcc.a(_gt_sf.o) (__fpcmp_parts_f)
/usr/lib/gcc/avr/4.5.3/avrxmega2/libgcc.a(_clz.o)
                              /usr/lib/gcc/avr/4.5.3/avrxmega2/libgcc.a(_clzsi2.o) (__clz_tab)
/usr/lib/gcc/avr/4.5.3/../../../avr/lib/avrxmega2/libc.a(iob.o)
                              main.o (__iob)
/usr/lib/gcc/avr/4.5.3/../../../avr/lib/avrxmega2/libc.a(printf.o)
                              main.o (printf)
/usr/lib/gcc/avr/4.5.3/../../../avr/lib/avrxmega2/libc.a(puts.o)
                              main.o (puts)
/usr/lib/gcc/avr/4.5.3/../../../avr/lib/avrxmega2/libc.a(vfprintf_std.o)
                              /usr/lib/gcc/avr/4.5.3/../../../avr/lib/avrxmega2/libc.a(printf.o) (vfprintf)
/usr/lib/gcc/avr/4.5.3/../../../avr/lib/avrxmega2/libc.a(strnlen_P.o)
                              /usr/lib/gcc/avr/4.5.3/../../../avr/lib/avrxmega2/libc.a(vfprintf_std.o) (strnlen_P)
/usr/lib/gcc/avr/4.5.3/../../../avr/lib/avrxmega2/libc.a(strnlen.o)
                              /usr/lib/gcc/avr/4.5.3/../../../avr/lib/avrxmega2/libc.a(vfprintf_std.o) (strnlen)
/usr/lib/gcc/avr/4.5.3/../../../avr/lib/avrxmega2/libc.a(fputc.o)
                              /usr/lib/gcc/avr/4.5.3/../../../avr/lib/avrxmega2/libc.a(vfprintf_std.o) (fputc)
/usr/lib/gcc/avr/4.5.3/../../../avr/lib/avrxmega2/libc.a(ultoa_invert.o)
                              /usr/lib/gcc/avr/4.5.3/../../../avr/lib/avrxmega2/libc.a(vfprintf_std.o) (__ultoa_invert)

Allocating common symbols
Common symbol       size              file

__iob               0x6               /usr/lib/gcc/avr/4.5.3/../../../avr/lib/avrxmega2/libc.a(iob.o)

Memory Configuration

Name             Origin             Length             Attributes
text             0x00000000         0x00100000         xr
data             0x00802000         0x0000ffa0         rw !x
eeprom           0x00810000         0x00010000         rw !x
fuse             0x00820000         0x00000400         rw !x
lock             0x00830000         0x00000400         rw !x
signature        0x00840000         0x00000400         rw !x
*default*        0x00000000         0xffffffff

Linker script and memory map

LOAD /usr/lib/gcc/avr/4.5.3/../../../avr/lib/avrxmega2/crtx16a4.o
LOAD /usr/lib/gcc/avr/4.5.3/../../../avr/lib/avrxmega2/libm.a
LOAD main.o
LOAD /usr/lib/gcc/avr/4.5.3/avrxmega2/libgcc.a
LOAD /usr/lib/gcc/avr/4.5.3/../../../avr/lib/avrxmega2/libc.a
LOAD /usr/lib/gcc/avr/4.5.3/avrxmega2/libgcc.a

.hash
 *(.hash)

.dynsym
 *(.dynsym)

.dynstr
 *(.dynstr)

.gnu.version
 *(.gnu.version)

.gnu.version_d
 *(.gnu.version_d)

.gnu.version_r
 *(.gnu.version_r)

.rel.init
 *(.rel.init)

.rela.init
 *(.rela.init)

.rel.text
 *(.rel.text)
 *(.rel.text.*)
 *(.rel.gnu.linkonce.t*)

.rela.text
 *(.rela.text)
 *(.rela.text.*)
 *(.rela.gnu.linkonce.t*)

.rel.fini
 *(.rel.fini)

.rela.fini
 *(.rela.fini)

.rel.rodata
 *(.rel.rodata)
 *(.rel.rodata.*)
 *(.rel.gnu.linkonce.r*)

.rela.rodata
 *(.rela.rodata)
 *(.rela.rodata.*)
 *(.rela.gnu.linkonce.r*)

.rel.data
 *(.rel.data)
 *(.rel.data.*)
 *(.rel.gnu.linkonce.d*)

.rela.data
 *(.rela.data)
 *(.rela.data.*)
 *(.rela.gnu.linkonce.d*)

.rel.ctors
 *(.rel.ctors)

.rela.ctors
 *(.rela.ctors)

.rel.dtors
 *(.rel.dtors)

.rela.dtors
 *(.rela.dtors)

.rel.got
 *(.rel.got)

.rela.got
 *(.rela.got)

.rel.bss
 *(.rel.bss)

.rela.bss
 *(.rela.bss)

.rel.plt
 *(.rel.plt)

.rela.plt
 *(.rela.plt)

.text           0x00000000     0x2d38
 *(.vectors)
 .vectors       0x00000000      0x178 /usr/lib/gcc/avr/4.5.3/../../../avr/lib/avrxmega2/crtx16a4.o
                0x00000000                __vectors
                0x00000000                __vector_default
 *(.vectors)
 *(.progmem.gcc*)
 *(.progmem*)
                0x00000178                . = ALIGN (0x2)
                0x00000178                __trampolines_start = .
 *(.trampolines)
 .trampolines   0x00000178        0x0 linker stubs
 *(.trampolines*)
                0x00000178                __trampolines_end = .
 *(.jumptables)
 *(.jumptables*)
 *(.lowtext)
 *(.lowtext*)
                0x00000178                __ctors_start = .
 *(.ctors)
                0x00000178                __ctors_end = .
                0x00000178                __dtors_start = .
 *(.dtors)
                0x00000178                __dtors_end = .
 SORT(*)(.ctors)
 SORT(*)(.dtors)
 *(.init0)
 .init0         0x00000178        0x0 /usr/lib/gcc/avr/4.5.3/../../../avr/lib/avrxmega2/crtx16a4.o
                0x00000178                __init
 *(.init0)
 *(.init1)
 *(.init1)
 *(.init2)
 .init2         0x00000178        0xc /usr/lib/gcc/avr/4.5.3/../../../avr/lib/avrxmega2/crtx16a4.o
 *(.init2)
 *(.init3)
 *(.init3)
 *(.init4)
 .init4         0x00000184       0x16 /usr/lib/gcc/avr/4.5.3/avrxmega2/libgcc.a(_copy_data.o)
                0x00000184                __do_copy_data
 .init4         0x0000019a       0x10 /usr/lib/gcc/avr/4.5.3/avrxmega2/libgcc.a(_clear_bss.o)
                0x0000019a                __do_clear_bss
 *(.init4)
 *(.init5)
 *(.init5)
 *(.init6)
 *(.init6)
 *(.init7)
 *(.init7)
 *(.init8)
 *(.init8)
 *(.init9)
 .init9         0x000001aa        0x8 /usr/lib/gcc/avr/4.5.3/../../../avr/lib/avrxmega2/crtx16a4.o
 *(.init9)
 *(.text)
 .text          0x000001b2        0x4 /usr/lib/gcc/avr/4.5.3/../../../avr/lib/avrxmega2/crtx16a4.o
                0x000001b2                __vector_38
                0x000001b2                __vector_22
                0x000001b2                __vector_63
                0x000001b2                __vector_28
                0x000001b2                __vector_67
                0x000001b2                __vector_1
                0x000001b2                __vector_32
                0x000001b2                __vector_75
                0x000001b2                __vector_71
                0x000001b2                __vector_91
                0x000001b2                __vector_34
                0x000001b2                __vector_62
                0x000001b2                __vector_77
                0x000001b2                __vector_24
                0x000001b2                __vector_12
                0x000001b2                __vector_55
                0x000001b2                __vector_69
                0x000001b2                __vector_81
                0x000001b2                __vector_90
                0x000001b2                __vector_46
                0x000001b2                __bad_interrupt
                0x000001b2                __vector_72
                0x000001b2                __vector_6
                0x000001b2                __vector_31
                0x000001b2                __vector_92
                0x000001b2                __vector_35
                0x000001b2                __vector_78
                0x000001b2                __vector_74
                0x000001b2                __vector_39
                0x000001b2                __vector_3
                0x000001b2                __vector_23
                0x000001b2                __vector_68
                0x000001b2                __vector_30
                0x000001b2                __vector_73
                0x000001b2                __vector_45
                0x000001b2                __vector_25
                0x000001b2                __vector_93
                0x000001b2                __vector_61
                0x000001b2                __vector_11
                0x000001b2                __vector_54
                0x000001b2                __vector_13
                0x000001b2                __vector_17
                0x000001b2                __vector_19
                0x000001b2                __vector_56
                0x000001b2                __vector_7
                0x000001b2                __vector_49
                0x000001b2                __vector_41
                0x000001b2                __vector_86
                0x000001b2                __vector_64
                0x000001b2                __vector_88
                0x000001b2                __vector_43
                0x000001b2                __vector_27
                0x000001b2                __vector_5
                0x000001b2                __vector_33
                0x000001b2                __vector_76
                0x000001b2                __vector_47
                0x000001b2                __vector_52
                0x000001b2                __vector_37
                0x000001b2                __vector_89
                0x000001b2                __vector_4
                0x000001b2                __vector_44
                0x000001b2                __vector_82
                0x000001b2                __vector_51
                0x000001b2                __vector_9
                0x000001b2                __vector_2
                0x000001b2                __vector_21
                0x000001b2                __vector_15
                0x000001b2                __vector_66
                0x000001b2                __vector_36
                0x000001b2                __vector_79
                0x000001b2                __vector_58
                0x000001b2                __vector_70
                0x000001b2                __vector_83
                0x000001b2                __vector_29
                0x000001b2                __vector_60
                0x000001b2                __vector_40
                0x000001b2                __vector_85
                0x000001b2                __vector_8
                0x000001b2                __vector_26
                0x000001b2                __vector_48
                0x000001b2                __vector_80
                0x000001b2                __vector_84
                0x000001b2                __vector_57
                0x000001b2                __vector_53
                0x000001b2                __vector_10
                0x000001b2                __vector_50
                0x000001b2                __vector_16
                0x000001b2                __vector_59
                0x000001b2                __vector_18
                0x000001b2                __vector_20
                0x000001b2                __vector_42
                0x000001b2                __vector_87
                0x000001b2                __vector_65
 .text          0x000001b6     0x181a main.o
                0x000001d8                CCPWrite
                0x00000202                CLKSYS_XOSC_Config
                0x00000218                CLKSYS_PLL_Config
                0x00000224                CLKSYS_Disable
                0x00000238                CLKSYS_Prescalers_Config
                0x00000244                CLKSYS_Main_ClockSource_Select
                0x0000026a                CLKSYS_RTC_ClockSource_Enable
                0x0000027a                CLKSYS_AutoCalibration_Enable
                0x000002b4                CLKSYS_XOSC_FailureDetection_Enable
                0x000002c0                CLKSYS_Configuration_Lock
                0x000002cc                __vector_14
                0x00000316                delay_ms
                0x00000332                compareArray
                0x000003ac                signum
                0x000003c8                Config32MHzClock
                0x000003e6                millis
                0x000003fc                blink
                0x0000042e                blinkN
                0x00000458                setPin
                0x000005a6                clearPin
                0x000006f4                setSpeed
                0x00000740                stepMotor
                0x0000085a                step
                0x00000a76                stepOne
                0x00000c02                changeGoal
                0x00000e42                moveToGoal
                0x00001598                mainLoop
                0x00001860                init
                0x000018e4                main
                0x00001906                uart_getchar
                0x0000191e                update
 .text          0x000019d0        0x0 /usr/lib/gcc/avr/4.5.3/avrxmega2/libgcc.a(_divmodhi4.o)
 .text          0x000019d0        0x0 /usr/lib/gcc/avr/4.5.3/avrxmega2/libgcc.a(_divmodsi4.o)
 .text          0x000019d0        0x0 /usr/lib/gcc/avr/4.5.3/avrxmega2/libgcc.a(_exit.o)
 .text          0x000019d0        0x0 /usr/lib/gcc/avr/4.5.3/avrxmega2/libgcc.a(_copy_data.o)
 .text          0x000019d0        0x0 /usr/lib/gcc/avr/4.5.3/avrxmega2/libgcc.a(_clear_bss.o)
 .text          0x000019d0      0x350 /usr/lib/gcc/avr/4.5.3/avrxmega2/libgcc.a(_addsub_sf.o)
                0x00001c64                __addsf3
                0x00001cbe                __subsf3
 .text          0x00001d20      0x1f4 /usr/lib/gcc/avr/4.5.3/avrxmega2/libgcc.a(_mul_sf.o)
                0x00001d20                __mulsf3
 .text          0x00001f14      0x15c /usr/lib/gcc/avr/4.5.3/avrxmega2/libgcc.a(_div_sf.o)
                0x00001f14                __divsf3
 .text          0x00002070       0x60 /usr/lib/gcc/avr/4.5.3/avrxmega2/libgcc.a(_gt_sf.o)
                0x00002070                __gtsf2
 .text          0x000020d0       0x60 /usr/lib/gcc/avr/4.5.3/avrxmega2/libgcc.a(_lt_sf.o)
                0x000020d0                __ltsf2
 .text          0x00002130       0xc0 /usr/lib/gcc/avr/4.5.3/avrxmega2/libgcc.a(_si_to_sf.o)
                0x00002130                __floatsisf
 .text          0x000021f0       0xa4 /usr/lib/gcc/avr/4.5.3/avrxmega2/libgcc.a(_sf_to_si.o)
                0x000021f0                __fixsfsi
 .text          0x00002294        0x0 /usr/lib/gcc/avr/4.5.3/avrxmega2/libgcc.a(_thenan_sf.o)
 .text          0x00002294        0x0 /usr/lib/gcc/avr/4.5.3/avrxmega2/libgcc.a(_udivmodhi4.o)
 .text          0x00002294        0x0 /usr/lib/gcc/avr/4.5.3/avrxmega2/libgcc.a(_udivmodsi4.o)
 .text          0x00002294        0x0 /usr/lib/gcc/avr/4.5.3/avrxmega2/libgcc.a(_prologue.o)
 .text          0x00002294        0x0 /usr/lib/gcc/avr/4.5.3/avrxmega2/libgcc.a(_epilogue.o)
 .text          0x00002294       0xb4 /usr/lib/gcc/avr/4.5.3/avrxmega2/libgcc.a(_clzsi2.o)
                0x00002294                __clzsi2
 .text          0x00002348      0x19c /usr/lib/gcc/avr/4.5.3/avrxmega2/libgcc.a(_pack_sf.o)
                0x00002348                __pack_f
 .text          0x000024e4       0xd2 /usr/lib/gcc/avr/4.5.3/avrxmega2/libgcc.a(_unpack_sf.o)
                0x000024e4                __unpack_f
 .text          0x000025b6       0xb2 /usr/lib/gcc/avr/4.5.3/avrxmega2/libgcc.a(_fpcmp_parts_sf.o)
                0x000025b6                __fpcmp_parts_f
 .text          0x00002668        0x0 /usr/lib/gcc/avr/4.5.3/avrxmega2/libgcc.a(_clz.o)
 .text          0x00002668        0x0 /usr/lib/gcc/avr/4.5.3/../../../avr/lib/avrxmega2/libc.a(iob.o)
 .text          0x00002668        0x0 /usr/lib/gcc/avr/4.5.3/../../../avr/lib/avrxmega2/libc.a(printf.o)
 .text          0x00002668        0x0 /usr/lib/gcc/avr/4.5.3/../../../avr/lib/avrxmega2/libc.a(puts.o)
 .text          0x00002668        0x0 /usr/lib/gcc/avr/4.5.3/../../../avr/lib/avrxmega2/libc.a(vfprintf_std.o)
 .text          0x00002668        0x0 /usr/lib/gcc/avr/4.5.3/../../../avr/lib/avrxmega2/libc.a(strnlen_P.o)
 .text          0x00002668        0x0 /usr/lib/gcc/avr/4.5.3/../../../avr/lib/avrxmega2/libc.a(strnlen.o)
 .text          0x00002668        0x0 /usr/lib/gcc/avr/4.5.3/../../../avr/lib/avrxmega2/libc.a(fputc.o)
 .text          0x00002668        0x0 /usr/lib/gcc/avr/4.5.3/../../../avr/lib/avrxmega2/libc.a(ultoa_invert.o)
                0x00002668                . = ALIGN (0x2)
 *(.text.*)
 .text.libgcc   0x00002668       0x26 /usr/lib/gcc/avr/4.5.3/avrxmega2/libgcc.a(_divmodhi4.o)
                0x00002668                __divmodhi4
                0x00002668                _div
 .text.libgcc   0x0000268e       0x36 /usr/lib/gcc/avr/4.5.3/avrxmega2/libgcc.a(_divmodsi4.o)
                0x0000268e                __divmodsi4
 .text.libgcc   0x000026c4        0x0 /usr/lib/gcc/avr/4.5.3/avrxmega2/libgcc.a(_exit.o)
 .text.libgcc   0x000026c4        0x0 /usr/lib/gcc/avr/4.5.3/avrxmega2/libgcc.a(_copy_data.o)
 .text.libgcc   0x000026c4        0x0 /usr/lib/gcc/avr/4.5.3/avrxmega2/libgcc.a(_clear_bss.o)
 .text.libgcc   0x000026c4       0x28 /usr/lib/gcc/avr/4.5.3/avrxmega2/libgcc.a(_udivmodhi4.o)
                0x000026c4                __udivmodhi4
 .text.libgcc   0x000026ec       0x44 /usr/lib/gcc/avr/4.5.3/avrxmega2/libgcc.a(_udivmodsi4.o)
                0x000026ec                __udivmodsi4
 .text.libgcc   0x00002730       0x32 /usr/lib/gcc/avr/4.5.3/avrxmega2/libgcc.a(_prologue.o)
                0x00002730                __prologue_saves__
 .text.libgcc   0x00002762       0x30 /usr/lib/gcc/avr/4.5.3/avrxmega2/libgcc.a(_epilogue.o)
                0x00002762                __epilogue_restores__
 .text.avr-libc
                0x00002792       0x2a /usr/lib/gcc/avr/4.5.3/../../../avr/lib/avrxmega2/libc.a(printf.o)
                0x00002792                printf
 .text.avr-libc
                0x000027bc       0x6a /usr/lib/gcc/avr/4.5.3/../../../avr/lib/avrxmega2/libc.a(puts.o)
                0x000027bc                puts
 .text.avr-libc
                0x00002826      0x3ce /usr/lib/gcc/avr/4.5.3/../../../avr/lib/avrxmega2/libc.a(vfprintf_std.o)
                0x00002826                vfprintf
 .text.avr-libc
                0x00002bf4       0x16 /usr/lib/gcc/avr/4.5.3/../../../avr/lib/avrxmega2/libc.a(strnlen_P.o)
                0x00002bf4                strnlen_P
 .text.avr-libc
                0x00002c0a       0x16 /usr/lib/gcc/avr/4.5.3/../../../avr/lib/avrxmega2/libc.a(strnlen.o)
                0x00002c0a                strnlen
 .text.avr-libc
                0x00002c20       0x58 /usr/lib/gcc/avr/4.5.3/../../../avr/lib/avrxmega2/libc.a(fputc.o)
                0x00002c20                fputc
 .text.avr-libc
                0x00002c78       0xbc /usr/lib/gcc/avr/4.5.3/../../../avr/lib/avrxmega2/libc.a(ultoa_invert.o)
                0x00002c78                __ultoa_invert
                0x00002d34                . = ALIGN (0x2)
 *(.fini9)
 .fini9         0x00002d34        0x0 /usr/lib/gcc/avr/4.5.3/avrxmega2/libgcc.a(_exit.o)
                0x00002d34                exit
                0x00002d34                _exit
 *(.fini9)
 *(.fini8)
 *(.fini8)
 *(.fini7)
 *(.fini7)
 *(.fini6)
 *(.fini6)
 *(.fini5)
 *(.fini5)
 *(.fini4)
 *(.fini4)
 *(.fini3)
 *(.fini3)
 *(.fini2)
 *(.fini2)
 *(.fini1)
 *(.fini1)
 *(.fini0)
 .fini0         0x00002d34        0x4 /usr/lib/gcc/avr/4.5.3/avrxmega2/libgcc.a(_exit.o)
 *(.fini0)
                0x00002d38                _etext = .

.data           0x00802000      0x26a load address 0x00002d38
                0x00802000                PROVIDE (__data_start, .)
 *(.data)
 .data          0x00802000        0x0 /usr/lib/gcc/avr/4.5.3/../../../avr/lib/avrxmega2/crtx16a4.o
 .data          0x00802000      0x162 main.o
                0x0080207a                state
                0x0080207c                Base
                0x008020a0                Shoulder
                0x008020c4                Elbow
                0x008020e8                Right_Wrist
                0x0080210c                Left_Wrist
                0x00802130                Gripper
 .data          0x00802162        0x0 /usr/lib/gcc/avr/4.5.3/avrxmega2/libgcc.a(_divmodhi4.o)
 .data          0x00802162        0x0 /usr/lib/gcc/avr/4.5.3/avrxmega2/libgcc.a(_divmodsi4.o)
 .data          0x00802162        0x0 /usr/lib/gcc/avr/4.5.3/avrxmega2/libgcc.a(_exit.o)
 .data          0x00802162        0x0 /usr/lib/gcc/avr/4.5.3/avrxmega2/libgcc.a(_copy_data.o)
 .data          0x00802162        0x0 /usr/lib/gcc/avr/4.5.3/avrxmega2/libgcc.a(_clear_bss.o)
 .data          0x00802162        0x0 /usr/lib/gcc/avr/4.5.3/avrxmega2/libgcc.a(_addsub_sf.o)
 .data          0x00802162        0x0 /usr/lib/gcc/avr/4.5.3/avrxmega2/libgcc.a(_mul_sf.o)
 .data          0x00802162        0x0 /usr/lib/gcc/avr/4.5.3/avrxmega2/libgcc.a(_div_sf.o)
 .data          0x00802162        0x0 /usr/lib/gcc/avr/4.5.3/avrxmega2/libgcc.a(_gt_sf.o)
 .data          0x00802162        0x0 /usr/lib/gcc/avr/4.5.3/avrxmega2/libgcc.a(_lt_sf.o)
 .data          0x00802162        0x0 /usr/lib/gcc/avr/4.5.3/avrxmega2/libgcc.a(_si_to_sf.o)
 .data          0x00802162        0x0 /usr/lib/gcc/avr/4.5.3/avrxmega2/libgcc.a(_sf_to_si.o)
 .data          0x00802162        0x8 /usr/lib/gcc/avr/4.5.3/avrxmega2/libgcc.a(_thenan_sf.o)
                0x00802162                __thenan_sf
 .data          0x0080216a        0x0 /usr/lib/gcc/avr/4.5.3/avrxmega2/libgcc.a(_udivmodhi4.o)
 .data          0x0080216a        0x0 /usr/lib/gcc/avr/4.5.3/avrxmega2/libgcc.a(_udivmodsi4.o)
 .data          0x0080216a        0x0 /usr/lib/gcc/avr/4.5.3/avrxmega2/libgcc.a(_prologue.o)
 .data          0x0080216a        0x0 /usr/lib/gcc/avr/4.5.3/avrxmega2/libgcc.a(_epilogue.o)
 .data          0x0080216a        0x0 /usr/lib/gcc/avr/4.5.3/avrxmega2/libgcc.a(_clzsi2.o)
 .data          0x0080216a        0x0 /usr/lib/gcc/avr/4.5.3/avrxmega2/libgcc.a(_pack_sf.o)
 .data          0x0080216a        0x0 /usr/lib/gcc/avr/4.5.3/avrxmega2/libgcc.a(_unpack_sf.o)
 .data          0x0080216a        0x0 /usr/lib/gcc/avr/4.5.3/avrxmega2/libgcc.a(_fpcmp_parts_sf.o)
 .data          0x0080216a      0x100 /usr/lib/gcc/avr/4.5.3/avrxmega2/libgcc.a(_clz.o)
                0x0080216a                __clz_tab
 .data          0x0080226a        0x0 /usr/lib/gcc/avr/4.5.3/../../../avr/lib/avrxmega2/libc.a(iob.o)
 .data          0x0080226a        0x0 /usr/lib/gcc/avr/4.5.3/../../../avr/lib/avrxmega2/libc.a(printf.o)
 .data          0x0080226a        0x0 /usr/lib/gcc/avr/4.5.3/../../../avr/lib/avrxmega2/libc.a(puts.o)
 .data          0x0080226a        0x0 /usr/lib/gcc/avr/4.5.3/../../../avr/lib/avrxmega2/libc.a(vfprintf_std.o)
 .data          0x0080226a        0x0 /usr/lib/gcc/avr/4.5.3/../../../avr/lib/avrxmega2/libc.a(strnlen_P.o)
 .data          0x0080226a        0x0 /usr/lib/gcc/avr/4.5.3/../../../avr/lib/avrxmega2/libc.a(strnlen.o)
 .data          0x0080226a        0x0 /usr/lib/gcc/avr/4.5.3/../../../avr/lib/avrxmega2/libc.a(fputc.o)
 .data          0x0080226a        0x0 /usr/lib/gcc/avr/4.5.3/../../../avr/lib/avrxmega2/libc.a(ultoa_invert.o)
 *(.data*)
 *(.rodata)
 *(.rodata*)
 *(.gnu.linkonce.d*)
                0x0080226a                . = ALIGN (0x2)
                0x0080226a                _edata = .
                0x0080226a                PROVIDE (__data_end, .)

.bss            0x0080226a       0x24
                0x0080226a                PROVIDE (__bss_start, .)
 *(.bss)
 .bss           0x0080226a        0x0 /usr/lib/gcc/avr/4.5.3/../../../avr/lib/avrxmega2/crtx16a4.o
 .bss           0x0080226a       0x1e main.o
                0x0080226a                debugFlag
                0x0080226c                goal
                0x00802278                pose
                0x00802284                elapsedMillis
 .bss           0x00802288        0x0 /usr/lib/gcc/avr/4.5.3/avrxmega2/libgcc.a(_divmodhi4.o)
 .bss           0x00802288        0x0 /usr/lib/gcc/avr/4.5.3/avrxmega2/libgcc.a(_divmodsi4.o)
 .bss           0x00802288        0x0 /usr/lib/gcc/avr/4.5.3/avrxmega2/libgcc.a(_exit.o)
 .bss           0x00802288        0x0 /usr/lib/gcc/avr/4.5.3/avrxmega2/libgcc.a(_copy_data.o)
 .bss           0x00802288        0x0 /usr/lib/gcc/avr/4.5.3/avrxmega2/libgcc.a(_clear_bss.o)
 .bss           0x00802288        0x0 /usr/lib/gcc/avr/4.5.3/avrxmega2/libgcc.a(_addsub_sf.o)
 .bss           0x00802288        0x0 /usr/lib/gcc/avr/4.5.3/avrxmega2/libgcc.a(_mul_sf.o)
 .bss           0x00802288        0x0 /usr/lib/gcc/avr/4.5.3/avrxmega2/libgcc.a(_div_sf.o)
 .bss           0x00802288        0x0 /usr/lib/gcc/avr/4.5.3/avrxmega2/libgcc.a(_gt_sf.o)
 .bss           0x00802288        0x0 /usr/lib/gcc/avr/4.5.3/avrxmega2/libgcc.a(_lt_sf.o)
 .bss           0x00802288        0x0 /usr/lib/gcc/avr/4.5.3/avrxmega2/libgcc.a(_si_to_sf.o)
 .bss           0x00802288        0x0 /usr/lib/gcc/avr/4.5.3/avrxmega2/libgcc.a(_sf_to_si.o)
 .bss           0x00802288        0x0 /usr/lib/gcc/avr/4.5.3/avrxmega2/libgcc.a(_thenan_sf.o)
 .bss           0x00802288        0x0 /usr/lib/gcc/avr/4.5.3/avrxmega2/libgcc.a(_udivmodhi4.o)
 .bss           0x00802288        0x0 /usr/lib/gcc/avr/4.5.3/avrxmega2/libgcc.a(_udivmodsi4.o)
 .bss           0x00802288        0x0 /usr/lib/gcc/avr/4.5.3/avrxmega2/libgcc.a(_prologue.o)
 .bss           0x00802288        0x0 /usr/lib/gcc/avr/4.5.3/avrxmega2/libgcc.a(_epilogue.o)
 .bss           0x00802288        0x0 /usr/lib/gcc/avr/4.5.3/avrxmega2/libgcc.a(_clzsi2.o)
 .bss           0x00802288        0x0 /usr/lib/gcc/avr/4.5.3/avrxmega2/libgcc.a(_pack_sf.o)
 .bss           0x00802288        0x0 /usr/lib/gcc/avr/4.5.3/avrxmega2/libgcc.a(_unpack_sf.o)
 .bss           0x00802288        0x0 /usr/lib/gcc/avr/4.5.3/avrxmega2/libgcc.a(_fpcmp_parts_sf.o)
 .bss           0x00802288        0x0 /usr/lib/gcc/avr/4.5.3/avrxmega2/libgcc.a(_clz.o)
 .bss           0x00802288        0x0 /usr/lib/gcc/avr/4.5.3/../../../avr/lib/avrxmega2/libc.a(iob.o)
 .bss           0x00802288        0x0 /usr/lib/gcc/avr/4.5.3/../../../avr/lib/avrxmega2/libc.a(printf.o)
 .bss           0x00802288        0x0 /usr/lib/gcc/avr/4.5.3/../../../avr/lib/avrxmega2/libc.a(puts.o)
 .bss           0x00802288        0x0 /usr/lib/gcc/avr/4.5.3/../../../avr/lib/avrxmega2/libc.a(vfprintf_std.o)
 .bss           0x00802288        0x0 /usr/lib/gcc/avr/4.5.3/../../../avr/lib/avrxmega2/libc.a(strnlen_P.o)
 .bss           0x00802288        0x0 /usr/lib/gcc/avr/4.5.3/../../../avr/lib/avrxmega2/libc.a(strnlen.o)
 .bss           0x00802288        0x0 /usr/lib/gcc/avr/4.5.3/../../../avr/lib/avrxmega2/libc.a(fputc.o)
 .bss           0x00802288        0x0 /usr/lib/gcc/avr/4.5.3/../../../avr/lib/avrxmega2/libc.a(ultoa_invert.o)
 *(.bss*)
 *(COMMON)
 COMMON         0x00802288        0x6 /usr/lib/gcc/avr/4.5.3/../../../avr/lib/avrxmega2/libc.a(iob.o)
                0x00802288                __iob
                0x0080228e                PROVIDE (__bss_end, .)
                0x00002d38                __data_load_start = LOADADDR (.data)
                0x00002fa2                __data_load_end = (__data_load_start + SIZEOF (.data))

.noinit         0x0080228e        0x0
                0x0080228e                PROVIDE (__noinit_start, .)
 *(.noinit*)
                0x0080228e                PROVIDE (__noinit_end, .)
                0x0080228e                _end = .
                0x0080228e                PROVIDE (__heap_start, .)

.eeprom         0x00810000        0x0
 *(.eeprom*)
                0x00810000                __eeprom_end = .

.fuse
 *(.fuse)
 *(.lfuse)
 *(.hfuse)
 *(.efuse)

.lock
 *(.lock*)

.signature
 *(.signature*)

.stab           0x00000000     0x1fe0
 *(.stab)
 .stab          0x00000000      0x6cc /usr/lib/gcc/avr/4.5.3/../../../avr/lib/avrxmega2/crtx16a4.o
 .stab          0x000006cc      0x300 /usr/lib/gcc/avr/4.5.3/../../../avr/lib/avrxmega2/libc.a(iob.o)
                                0x30c (size before relaxing)
 .stab          0x000009cc      0x18c /usr/lib/gcc/avr/4.5.3/../../../avr/lib/avrxmega2/libc.a(printf.o)
                                0x36c (size before relaxing)
 .stab          0x00000b58      0x1f8 /usr/lib/gcc/avr/4.5.3/../../../avr/lib/avrxmega2/libc.a(puts.o)
                                0x3d8 (size before relaxing)
 .stab          0x00000d50      0xaf8 /usr/lib/gcc/avr/4.5.3/../../../avr/lib/avrxmega2/libc.a(vfprintf_std.o)
                                0xcd8 (size before relaxing)
 .stab          0x00001848       0x9c /usr/lib/gcc/avr/4.5.3/../../../avr/lib/avrxmega2/libc.a(strnlen_P.o)
                                 0xa8 (size before relaxing)
 .stab          0x000018e4       0x9c /usr/lib/gcc/avr/4.5.3/../../../avr/lib/avrxmega2/libc.a(strnlen.o)
                                 0xa8 (size before relaxing)
 .stab          0x00001980      0x1e0 /usr/lib/gcc/avr/4.5.3/../../../avr/lib/avrxmega2/libc.a(fputc.o)
                                0x3c0 (size before relaxing)
 .stab          0x00001b60      0x480 /usr/lib/gcc/avr/4.5.3/../../../avr/lib/avrxmega2/libc.a(ultoa_invert.o)
                                0x48c (size before relaxing)

.stabstr        0x00000000      0xd24
 *(.stabstr)
 .stabstr       0x00000000      0xd24 /usr/lib/gcc/avr/4.5.3/../../../avr/lib/avrxmega2/crtx16a4.o

.stab.excl
 *(.stab.excl)

.stab.exclstr
 *(.stab.exclstr)

.stab.index
 *(.stab.index)

.stab.indexstr
 *(.stab.indexstr)

.comment
 *(.comment)

.debug
 *(.debug)

.line
 *(.line)

.debug_srcinfo
 *(.debug_srcinfo)

.debug_sfnames
 *(.debug_sfnames)

.debug_aranges  0x00000000       0x20
 *(.debug_aranges)
 .debug_aranges
                0x00000000       0x20 main.o

.debug_pubnames
                0x00000000      0x2bf
 *(.debug_pubnames)
 .debug_pubnames
                0x00000000      0x2bf main.o

.debug_info     0x00000000     0x1b05
 *(.debug_info)
 .debug_info    0x00000000     0x1b05 main.o
 *(.gnu.linkonce.wi.*)

.debug_abbrev   0x00000000      0x458
 *(.debug_abbrev)
 .debug_abbrev  0x00000000      0x458 main.o

.debug_line     0x00000000      0xf08
 *(.debug_line)
 .debug_line    0x00000000      0xf08 main.o

.debug_frame    0x00000000      0x210
 *(.debug_frame)
 .debug_frame   0x00000000      0x210 main.o

.debug_str      0x00000000      0xfa4
 *(.debug_str)
 .debug_str     0x00000000      0xfa4 main.o
                                0xffa (size before relaxing)

.debug_loc      0x00000000      0x903
 *(.debug_loc)
 .debug_loc     0x00000000      0x903 main.o

.debug_macinfo
 *(.debug_macinfo)
OUTPUT(tinyArmTroller.out elf32-avr)
LOAD linker stubs

.debug_pubtypes
                0x00000000      0x250
 .debug_pubtypes
                0x00000000      0x250 main.o

.debug_ranges   0x00000000       0xc0
 .debug_ranges  0x00000000       0xc0 main.o
