Archive member included because of file (symbol)

/usr/lib/gcc/avr/4.5.3/avrxmega2/libgcc.a(_divmodhi4.o)
                              AdDemo.o (__divmodhi4)
/usr/lib/gcc/avr/4.5.3/avrxmega2/libgcc.a(_divmodsi4.o)
                              AdDemo.o (__divmodsi4)
/usr/lib/gcc/avr/4.5.3/avrxmega2/libgcc.a(_exit.o)
                              /usr/lib/gcc/avr/4.5.3/../../../avr/lib/avrxmega2/crtx16a4.o (exit)
/usr/lib/gcc/avr/4.5.3/avrxmega2/libgcc.a(_copy_data.o)
                              AdDemo.o (__do_copy_data)
/usr/lib/gcc/avr/4.5.3/avrxmega2/libgcc.a(_clear_bss.o)
                              AdDemo.o (__do_clear_bss)
/usr/lib/gcc/avr/4.5.3/avrxmega2/libgcc.a(_mul_sf.o)
                              AdDemo.o (__mulsf3)
/usr/lib/gcc/avr/4.5.3/avrxmega2/libgcc.a(_div_sf.o)
                              AdDemo.o (__divsf3)
/usr/lib/gcc/avr/4.5.3/avrxmega2/libgcc.a(_si_to_sf.o)
                              AdDemo.o (__floatsisf)
/usr/lib/gcc/avr/4.5.3/avrxmega2/libgcc.a(_sf_to_si.o)
                              AdDemo.o (__fixsfsi)
/usr/lib/gcc/avr/4.5.3/avrxmega2/libgcc.a(_thenan_sf.o)
                              /usr/lib/gcc/avr/4.5.3/avrxmega2/libgcc.a(_mul_sf.o) (__thenan_sf)
/usr/lib/gcc/avr/4.5.3/avrxmega2/libgcc.a(_udivmodhi4.o)
                              /usr/lib/gcc/avr/4.5.3/avrxmega2/libgcc.a(_divmodhi4.o) (__udivmodhi4)
/usr/lib/gcc/avr/4.5.3/avrxmega2/libgcc.a(_udivmodsi4.o)
                              /usr/lib/gcc/avr/4.5.3/avrxmega2/libgcc.a(_divmodsi4.o) (__udivmodsi4)
/usr/lib/gcc/avr/4.5.3/avrxmega2/libgcc.a(_prologue.o)
                              /usr/lib/gcc/avr/4.5.3/avrxmega2/libgcc.a(_mul_sf.o) (__prologue_saves__)
/usr/lib/gcc/avr/4.5.3/avrxmega2/libgcc.a(_epilogue.o)
                              /usr/lib/gcc/avr/4.5.3/avrxmega2/libgcc.a(_mul_sf.o) (__epilogue_restores__)
/usr/lib/gcc/avr/4.5.3/avrxmega2/libgcc.a(_clzsi2.o)
                              /usr/lib/gcc/avr/4.5.3/avrxmega2/libgcc.a(_si_to_sf.o) (__clzsi2)
/usr/lib/gcc/avr/4.5.3/avrxmega2/libgcc.a(_pack_sf.o)
                              /usr/lib/gcc/avr/4.5.3/avrxmega2/libgcc.a(_mul_sf.o) (__pack_f)
/usr/lib/gcc/avr/4.5.3/avrxmega2/libgcc.a(_unpack_sf.o)
                              /usr/lib/gcc/avr/4.5.3/avrxmega2/libgcc.a(_mul_sf.o) (__unpack_f)
/usr/lib/gcc/avr/4.5.3/avrxmega2/libgcc.a(_clz.o)
                              /usr/lib/gcc/avr/4.5.3/avrxmega2/libgcc.a(_clzsi2.o) (__clz_tab)

Memory Configuration

Name             Origin             Length             Attributes
text             0x00000000         0x00100000         xr
data             0x00802000         0x0000ffa0         rw !x
eeprom           0x00810000         0x00010000         rw !x
fuse             0x00820000         0x00000400         rw !x
lock             0x00830000         0x00000400         rw !x
signature        0x00840000         0x00000400         rw !x
*default*        0x00000000         0xffffffff

Linker script and memory map

LOAD /usr/lib/gcc/avr/4.5.3/../../../avr/lib/avrxmega2/crtx16a4.o
LOAD /usr/lib/gcc/avr/4.5.3/../../../avr/lib/avrxmega2/libm.a
LOAD AdDemo.o
LOAD /usr/lib/gcc/avr/4.5.3/avrxmega2/libgcc.a
LOAD /usr/lib/gcc/avr/4.5.3/../../../avr/lib/avrxmega2/libc.a
LOAD /usr/lib/gcc/avr/4.5.3/avrxmega2/libgcc.a

.hash
 *(.hash)

.dynsym
 *(.dynsym)

.dynstr
 *(.dynstr)

.gnu.version
 *(.gnu.version)

.gnu.version_d
 *(.gnu.version_d)

.gnu.version_r
 *(.gnu.version_r)

.rel.init
 *(.rel.init)

.rela.init
 *(.rela.init)

.rel.text
 *(.rel.text)
 *(.rel.text.*)
 *(.rel.gnu.linkonce.t*)

.rela.text
 *(.rela.text)
 *(.rela.text.*)
 *(.rela.gnu.linkonce.t*)

.rel.fini
 *(.rel.fini)

.rela.fini
 *(.rela.fini)

.rel.rodata
 *(.rel.rodata)
 *(.rel.rodata.*)
 *(.rel.gnu.linkonce.r*)

.rela.rodata
 *(.rela.rodata)
 *(.rela.rodata.*)
 *(.rela.gnu.linkonce.r*)

.rel.data
 *(.rel.data)
 *(.rel.data.*)
 *(.rel.gnu.linkonce.d*)

.rela.data
 *(.rela.data)
 *(.rela.data.*)
 *(.rela.gnu.linkonce.d*)

.rel.ctors
 *(.rel.ctors)

.rela.ctors
 *(.rela.ctors)

.rel.dtors
 *(.rel.dtors)

.rela.dtors
 *(.rela.dtors)

.rel.got
 *(.rel.got)

.rela.got
 *(.rela.got)

.rel.bss
 *(.rel.bss)

.rela.bss
 *(.rela.bss)

.rel.plt
 *(.rel.plt)

.rela.plt
 *(.rela.plt)

.text           0x00000000     0x1e54
 *(.vectors)
 .vectors       0x00000000      0x178 /usr/lib/gcc/avr/4.5.3/../../../avr/lib/avrxmega2/crtx16a4.o
                0x00000000                __vectors
                0x00000000                __vector_default
 *(.vectors)
 *(.progmem.gcc*)
 *(.progmem*)
                0x00000178                . = ALIGN (0x2)
                0x00000178                __trampolines_start = .
 *(.trampolines)
 .trampolines   0x00000178        0x0 linker stubs
 *(.trampolines*)
                0x00000178                __trampolines_end = .
 *(.jumptables)
 *(.jumptables*)
 *(.lowtext)
 *(.lowtext*)
                0x00000178                __ctors_start = .
 *(.ctors)
                0x00000178                __ctors_end = .
                0x00000178                __dtors_start = .
 *(.dtors)
                0x00000178                __dtors_end = .
 SORT(*)(.ctors)
 SORT(*)(.dtors)
 *(.init0)
 .init0         0x00000178        0x0 /usr/lib/gcc/avr/4.5.3/../../../avr/lib/avrxmega2/crtx16a4.o
                0x00000178                __init
 *(.init0)
 *(.init1)
 *(.init1)
 *(.init2)
 .init2         0x00000178        0xc /usr/lib/gcc/avr/4.5.3/../../../avr/lib/avrxmega2/crtx16a4.o
 *(.init2)
 *(.init3)
 *(.init3)
 *(.init4)
 .init4         0x00000184       0x16 /usr/lib/gcc/avr/4.5.3/avrxmega2/libgcc.a(_copy_data.o)
                0x00000184                __do_copy_data
 .init4         0x0000019a       0x10 /usr/lib/gcc/avr/4.5.3/avrxmega2/libgcc.a(_clear_bss.o)
                0x0000019a                __do_clear_bss
 *(.init4)
 *(.init5)
 *(.init5)
 *(.init6)
 *(.init6)
 *(.init7)
 *(.init7)
 *(.init8)
 *(.init8)
 *(.init9)
 .init9         0x000001aa        0x8 /usr/lib/gcc/avr/4.5.3/../../../avr/lib/avrxmega2/crtx16a4.o
 *(.init9)
 *(.text)
 .text          0x000001b2        0x4 /usr/lib/gcc/avr/4.5.3/../../../avr/lib/avrxmega2/crtx16a4.o
                0x000001b2                __vector_38
                0x000001b2                __vector_22
                0x000001b2                __vector_63
                0x000001b2                __vector_28
                0x000001b2                __vector_67
                0x000001b2                __vector_1
                0x000001b2                __vector_32
                0x000001b2                __vector_75
                0x000001b2                __vector_71
                0x000001b2                __vector_91
                0x000001b2                __vector_34
                0x000001b2                __vector_62
                0x000001b2                __vector_77
                0x000001b2                __vector_24
                0x000001b2                __vector_12
                0x000001b2                __vector_55
                0x000001b2                __vector_69
                0x000001b2                __vector_81
                0x000001b2                __vector_90
                0x000001b2                __vector_46
                0x000001b2                __bad_interrupt
                0x000001b2                __vector_72
                0x000001b2                __vector_6
                0x000001b2                __vector_31
                0x000001b2                __vector_92
                0x000001b2                __vector_35
                0x000001b2                __vector_78
                0x000001b2                __vector_74
                0x000001b2                __vector_39
                0x000001b2                __vector_3
                0x000001b2                __vector_23
                0x000001b2                __vector_68
                0x000001b2                __vector_30
                0x000001b2                __vector_73
                0x000001b2                __vector_45
                0x000001b2                __vector_25
                0x000001b2                __vector_93
                0x000001b2                __vector_61
                0x000001b2                __vector_11
                0x000001b2                __vector_54
                0x000001b2                __vector_13
                0x000001b2                __vector_17
                0x000001b2                __vector_19
                0x000001b2                __vector_56
                0x000001b2                __vector_7
                0x000001b2                __vector_49
                0x000001b2                __vector_41
                0x000001b2                __vector_86
                0x000001b2                __vector_64
                0x000001b2                __vector_88
                0x000001b2                __vector_43
                0x000001b2                __vector_27
                0x000001b2                __vector_5
                0x000001b2                __vector_33
                0x000001b2                __vector_76
                0x000001b2                __vector_47
                0x000001b2                __vector_52
                0x000001b2                __vector_37
                0x000001b2                __vector_89
                0x000001b2                __vector_4
                0x000001b2                __vector_44
                0x000001b2                __vector_82
                0x000001b2                __vector_51
                0x000001b2                __vector_9
                0x000001b2                __vector_2
                0x000001b2                __vector_21
                0x000001b2                __vector_15
                0x000001b2                __vector_66
                0x000001b2                __vector_36
                0x000001b2                __vector_79
                0x000001b2                __vector_58
                0x000001b2                __vector_70
                0x000001b2                __vector_83
                0x000001b2                __vector_29
                0x000001b2                __vector_60
                0x000001b2                __vector_40
                0x000001b2                __vector_85
                0x000001b2                __vector_8
                0x000001b2                __vector_26
                0x000001b2                __vector_48
                0x000001b2                __vector_80
                0x000001b2                __vector_84
                0x000001b2                __vector_57
                0x000001b2                __vector_53
                0x000001b2                __vector_10
                0x000001b2                __vector_50
                0x000001b2                __vector_16
                0x000001b2                __vector_59
                0x000001b2                __vector_18
                0x000001b2                __vector_20
                0x000001b2                __vector_42
                0x000001b2                __vector_87
                0x000001b2                __vector_65
 .text          0x000001b6     0x139a AdDemo.o
                0x000001b6                CCPWrite
                0x000001e0                CLKSYS_XOSC_Config
                0x000001f6                CLKSYS_PLL_Config
                0x00000202                CLKSYS_Disable
                0x00000216                CLKSYS_Prescalers_Config
                0x00000222                CLKSYS_Main_ClockSource_Select
                0x00000248                CLKSYS_RTC_ClockSource_Enable
                0x00000258                CLKSYS_AutoCalibration_Enable
                0x00000292                CLKSYS_XOSC_FailureDetection_Enable
                0x0000029e                CLKSYS_Configuration_Lock
                0x000002aa                __vector_14
                0x000002f4                delay_ms
                0x00000310                compareArray
                0x0000038a                signum
                0x000003a6                Config32MHzClock
                0x000003c4                millis
                0x000003da                blink
                0x0000040c                setPin
                0x0000055a                clearPin
                0x000006a8                setSpeed
                0x000006f4                stepMotor
                0x0000080e                step
                0x00000a2a                stepOne
                0x00000bb6                changeGoal
                0x00000bf8                moveToGoal
                0x00001334                usbUpdate
                0x000013e6                mainLoop
                0x000014b2                main
 .text          0x00001550        0x0 /usr/lib/gcc/avr/4.5.3/avrxmega2/libgcc.a(_divmodhi4.o)
 .text          0x00001550        0x0 /usr/lib/gcc/avr/4.5.3/avrxmega2/libgcc.a(_divmodsi4.o)
 .text          0x00001550        0x0 /usr/lib/gcc/avr/4.5.3/avrxmega2/libgcc.a(_exit.o)
 .text          0x00001550        0x0 /usr/lib/gcc/avr/4.5.3/avrxmega2/libgcc.a(_copy_data.o)
 .text          0x00001550        0x0 /usr/lib/gcc/avr/4.5.3/avrxmega2/libgcc.a(_clear_bss.o)
 .text          0x00001550      0x1f4 /usr/lib/gcc/avr/4.5.3/avrxmega2/libgcc.a(_mul_sf.o)
                0x00001550                __mulsf3
 .text          0x00001744      0x15c /usr/lib/gcc/avr/4.5.3/avrxmega2/libgcc.a(_div_sf.o)
                0x00001744                __divsf3
 .text          0x000018a0       0xc0 /usr/lib/gcc/avr/4.5.3/avrxmega2/libgcc.a(_si_to_sf.o)
                0x000018a0                __floatsisf
 .text          0x00001960       0xa4 /usr/lib/gcc/avr/4.5.3/avrxmega2/libgcc.a(_sf_to_si.o)
                0x00001960                __fixsfsi
 .text          0x00001a04        0x0 /usr/lib/gcc/avr/4.5.3/avrxmega2/libgcc.a(_thenan_sf.o)
 .text          0x00001a04        0x0 /usr/lib/gcc/avr/4.5.3/avrxmega2/libgcc.a(_udivmodhi4.o)
 .text          0x00001a04        0x0 /usr/lib/gcc/avr/4.5.3/avrxmega2/libgcc.a(_udivmodsi4.o)
 .text          0x00001a04        0x0 /usr/lib/gcc/avr/4.5.3/avrxmega2/libgcc.a(_prologue.o)
 .text          0x00001a04        0x0 /usr/lib/gcc/avr/4.5.3/avrxmega2/libgcc.a(_epilogue.o)
 .text          0x00001a04       0xb4 /usr/lib/gcc/avr/4.5.3/avrxmega2/libgcc.a(_clzsi2.o)
                0x00001a04                __clzsi2
 .text          0x00001ab8      0x19c /usr/lib/gcc/avr/4.5.3/avrxmega2/libgcc.a(_pack_sf.o)
                0x00001ab8                __pack_f
 .text          0x00001c54       0xd2 /usr/lib/gcc/avr/4.5.3/avrxmega2/libgcc.a(_unpack_sf.o)
                0x00001c54                __unpack_f
 .text          0x00001d26        0x0 /usr/lib/gcc/avr/4.5.3/avrxmega2/libgcc.a(_clz.o)
                0x00001d26                . = ALIGN (0x2)
 *(.text.*)
 .text.libgcc   0x00001d26       0x26 /usr/lib/gcc/avr/4.5.3/avrxmega2/libgcc.a(_divmodhi4.o)
                0x00001d26                __divmodhi4
                0x00001d26                _div
 .text.libgcc   0x00001d4c       0x36 /usr/lib/gcc/avr/4.5.3/avrxmega2/libgcc.a(_divmodsi4.o)
                0x00001d4c                __divmodsi4
 .text.libgcc   0x00001d82        0x0 /usr/lib/gcc/avr/4.5.3/avrxmega2/libgcc.a(_exit.o)
 .text.libgcc   0x00001d82        0x0 /usr/lib/gcc/avr/4.5.3/avrxmega2/libgcc.a(_copy_data.o)
 .text.libgcc   0x00001d82        0x0 /usr/lib/gcc/avr/4.5.3/avrxmega2/libgcc.a(_clear_bss.o)
 .text.libgcc   0x00001d82       0x28 /usr/lib/gcc/avr/4.5.3/avrxmega2/libgcc.a(_udivmodhi4.o)
                0x00001d82                __udivmodhi4
 .text.libgcc   0x00001daa       0x44 /usr/lib/gcc/avr/4.5.3/avrxmega2/libgcc.a(_udivmodsi4.o)
                0x00001daa                __udivmodsi4
 .text.libgcc   0x00001dee       0x32 /usr/lib/gcc/avr/4.5.3/avrxmega2/libgcc.a(_prologue.o)
                0x00001dee                __prologue_saves__
 .text.libgcc   0x00001e20       0x30 /usr/lib/gcc/avr/4.5.3/avrxmega2/libgcc.a(_epilogue.o)
                0x00001e20                __epilogue_restores__
                0x00001e50                . = ALIGN (0x2)
 *(.fini9)
 .fini9         0x00001e50        0x0 /usr/lib/gcc/avr/4.5.3/avrxmega2/libgcc.a(_exit.o)
                0x00001e50                exit
                0x00001e50                _exit
 *(.fini9)
 *(.fini8)
 *(.fini8)
 *(.fini7)
 *(.fini7)
 *(.fini6)
 *(.fini6)
 *(.fini5)
 *(.fini5)
 *(.fini4)
 *(.fini4)
 *(.fini3)
 *(.fini3)
 *(.fini2)
 *(.fini2)
 *(.fini1)
 *(.fini1)
 *(.fini0)
 .fini0         0x00001e50        0x4 /usr/lib/gcc/avr/4.5.3/avrxmega2/libgcc.a(_exit.o)
 *(.fini0)
                0x00001e54                _etext = .

.data           0x00802000      0x1e2 load address 0x00001e54
                0x00802000                PROVIDE (__data_start, .)
 *(.data)
 .data          0x00802000        0x0 /usr/lib/gcc/avr/4.5.3/../../../avr/lib/avrxmega2/crtx16a4.o
 .data          0x00802000       0xda AdDemo.o
                0x00802000                state
                0x00802002                Base
                0x00802026                Shoulder
                0x0080204a                Elbow
                0x0080206e                Right_Wrist
                0x00802092                Left_Wrist
                0x008020b6                Gripper
 .data          0x008020da        0x0 /usr/lib/gcc/avr/4.5.3/avrxmega2/libgcc.a(_divmodhi4.o)
 .data          0x008020da        0x0 /usr/lib/gcc/avr/4.5.3/avrxmega2/libgcc.a(_divmodsi4.o)
 .data          0x008020da        0x0 /usr/lib/gcc/avr/4.5.3/avrxmega2/libgcc.a(_exit.o)
 .data          0x008020da        0x0 /usr/lib/gcc/avr/4.5.3/avrxmega2/libgcc.a(_copy_data.o)
 .data          0x008020da        0x0 /usr/lib/gcc/avr/4.5.3/avrxmega2/libgcc.a(_clear_bss.o)
 .data          0x008020da        0x0 /usr/lib/gcc/avr/4.5.3/avrxmega2/libgcc.a(_mul_sf.o)
 .data          0x008020da        0x0 /usr/lib/gcc/avr/4.5.3/avrxmega2/libgcc.a(_div_sf.o)
 .data          0x008020da        0x0 /usr/lib/gcc/avr/4.5.3/avrxmega2/libgcc.a(_si_to_sf.o)
 .data          0x008020da        0x0 /usr/lib/gcc/avr/4.5.3/avrxmega2/libgcc.a(_sf_to_si.o)
 .data          0x008020da        0x8 /usr/lib/gcc/avr/4.5.3/avrxmega2/libgcc.a(_thenan_sf.o)
                0x008020da                __thenan_sf
 .data          0x008020e2        0x0 /usr/lib/gcc/avr/4.5.3/avrxmega2/libgcc.a(_udivmodhi4.o)
 .data          0x008020e2        0x0 /usr/lib/gcc/avr/4.5.3/avrxmega2/libgcc.a(_udivmodsi4.o)
 .data          0x008020e2        0x0 /usr/lib/gcc/avr/4.5.3/avrxmega2/libgcc.a(_prologue.o)
 .data          0x008020e2        0x0 /usr/lib/gcc/avr/4.5.3/avrxmega2/libgcc.a(_epilogue.o)
 .data          0x008020e2        0x0 /usr/lib/gcc/avr/4.5.3/avrxmega2/libgcc.a(_clzsi2.o)
 .data          0x008020e2        0x0 /usr/lib/gcc/avr/4.5.3/avrxmega2/libgcc.a(_pack_sf.o)
 .data          0x008020e2        0x0 /usr/lib/gcc/avr/4.5.3/avrxmega2/libgcc.a(_unpack_sf.o)
 .data          0x008020e2      0x100 /usr/lib/gcc/avr/4.5.3/avrxmega2/libgcc.a(_clz.o)
                0x008020e2                __clz_tab
 *(.data*)
 *(.rodata)
 *(.rodata*)
 *(.gnu.linkonce.d*)
                0x008021e2                . = ALIGN (0x2)
                0x008021e2                _edata = .
                0x008021e2                PROVIDE (__data_end, .)

.bss            0x008021e2       0x1e
                0x008021e2                PROVIDE (__bss_start, .)
 *(.bss)
 .bss           0x008021e2        0x0 /usr/lib/gcc/avr/4.5.3/../../../avr/lib/avrxmega2/crtx16a4.o
 .bss           0x008021e2       0x1e AdDemo.o
                0x008021e2                debugFlag
                0x008021e4                goal
                0x008021f0                pose
                0x008021fc                elapsedMillis
 .bss           0x00802200        0x0 /usr/lib/gcc/avr/4.5.3/avrxmega2/libgcc.a(_divmodhi4.o)
 .bss           0x00802200        0x0 /usr/lib/gcc/avr/4.5.3/avrxmega2/libgcc.a(_divmodsi4.o)
 .bss           0x00802200        0x0 /usr/lib/gcc/avr/4.5.3/avrxmega2/libgcc.a(_exit.o)
 .bss           0x00802200        0x0 /usr/lib/gcc/avr/4.5.3/avrxmega2/libgcc.a(_copy_data.o)
 .bss           0x00802200        0x0 /usr/lib/gcc/avr/4.5.3/avrxmega2/libgcc.a(_clear_bss.o)
 .bss           0x00802200        0x0 /usr/lib/gcc/avr/4.5.3/avrxmega2/libgcc.a(_mul_sf.o)
 .bss           0x00802200        0x0 /usr/lib/gcc/avr/4.5.3/avrxmega2/libgcc.a(_div_sf.o)
 .bss           0x00802200        0x0 /usr/lib/gcc/avr/4.5.3/avrxmega2/libgcc.a(_si_to_sf.o)
 .bss           0x00802200        0x0 /usr/lib/gcc/avr/4.5.3/avrxmega2/libgcc.a(_sf_to_si.o)
 .bss           0x00802200        0x0 /usr/lib/gcc/avr/4.5.3/avrxmega2/libgcc.a(_thenan_sf.o)
 .bss           0x00802200        0x0 /usr/lib/gcc/avr/4.5.3/avrxmega2/libgcc.a(_udivmodhi4.o)
 .bss           0x00802200        0x0 /usr/lib/gcc/avr/4.5.3/avrxmega2/libgcc.a(_udivmodsi4.o)
 .bss           0x00802200        0x0 /usr/lib/gcc/avr/4.5.3/avrxmega2/libgcc.a(_prologue.o)
 .bss           0x00802200        0x0 /usr/lib/gcc/avr/4.5.3/avrxmega2/libgcc.a(_epilogue.o)
 .bss           0x00802200        0x0 /usr/lib/gcc/avr/4.5.3/avrxmega2/libgcc.a(_clzsi2.o)
 .bss           0x00802200        0x0 /usr/lib/gcc/avr/4.5.3/avrxmega2/libgcc.a(_pack_sf.o)
 .bss           0x00802200        0x0 /usr/lib/gcc/avr/4.5.3/avrxmega2/libgcc.a(_unpack_sf.o)
 .bss           0x00802200        0x0 /usr/lib/gcc/avr/4.5.3/avrxmega2/libgcc.a(_clz.o)
 *(.bss*)
 *(COMMON)
                0x00802200                PROVIDE (__bss_end, .)
                0x00001e54                __data_load_start = LOADADDR (.data)
                0x00002036                __data_load_end = (__data_load_start + SIZEOF (.data))

.noinit         0x00802200        0x0
                0x00802200                PROVIDE (__noinit_start, .)
 *(.noinit*)
                0x00802200                PROVIDE (__noinit_end, .)
                0x00802200                _end = .
                0x00802200                PROVIDE (__heap_start, .)

.eeprom         0x00810000        0x0
 *(.eeprom*)
                0x00810000                __eeprom_end = .

.fuse
 *(.fuse)
 *(.lfuse)
 *(.hfuse)
 *(.efuse)

.lock
 *(.lock*)

.signature
 *(.signature*)

.stab           0x00000000      0x6cc
 *(.stab)
 .stab          0x00000000      0x6cc /usr/lib/gcc/avr/4.5.3/../../../avr/lib/avrxmega2/crtx16a4.o

.stabstr        0x00000000       0x54
 *(.stabstr)
 .stabstr       0x00000000       0x54 /usr/lib/gcc/avr/4.5.3/../../../avr/lib/avrxmega2/crtx16a4.o

.stab.excl
 *(.stab.excl)

.stab.exclstr
 *(.stab.exclstr)

.stab.index
 *(.stab.index)

.stab.indexstr
 *(.stab.indexstr)

.comment
 *(.comment)

.debug
 *(.debug)

.line
 *(.line)

.debug_srcinfo
 *(.debug_srcinfo)

.debug_sfnames
 *(.debug_sfnames)

.debug_aranges  0x00000000       0x20
 *(.debug_aranges)
 .debug_aranges
                0x00000000       0x20 AdDemo.o

.debug_pubnames
                0x00000000      0x29d
 *(.debug_pubnames)
 .debug_pubnames
                0x00000000      0x29d AdDemo.o

.debug_info     0x00000000     0x1868
 *(.debug_info)
 .debug_info    0x00000000     0x1868 AdDemo.o
 *(.gnu.linkonce.wi.*)

.debug_abbrev   0x00000000      0x3b1
 *(.debug_abbrev)
 .debug_abbrev  0x00000000      0x3b1 AdDemo.o

.debug_line     0x00000000      0xda7
 *(.debug_line)
 .debug_line    0x00000000      0xda7 AdDemo.o

.debug_frame    0x00000000      0x1d0
 *(.debug_frame)
 .debug_frame   0x00000000      0x1d0 AdDemo.o

.debug_str      0x00000000      0xf02
 *(.debug_str)
 .debug_str     0x00000000      0xf02 AdDemo.o
                                0xf53 (size before relaxing)

.debug_loc      0x00000000      0x832
 *(.debug_loc)
 .debug_loc     0x00000000      0x832 AdDemo.o

.debug_macinfo
 *(.debug_macinfo)
OUTPUT(tinyArmTroller.out elf32-avr)
LOAD linker stubs

.debug_pubtypes
                0x00000000      0x228
 .debug_pubtypes
                0x00000000      0x228 AdDemo.o

.debug_ranges   0x00000000       0x90
 .debug_ranges  0x00000000       0x90 AdDemo.o
