Archive member included because of file (symbol)

/usr/lib/gcc/avr/4.5.3/avrxmega2/libgcc.a(_exit.o)
                              /usr/lib/gcc/avr/4.5.3/../../../avr/lib/avrxmega2/crtx16a4.o (exit)
/usr/lib/gcc/avr/4.5.3/avrxmega2/libgcc.a(_copy_data.o)
                              main.o (__do_copy_data)
/usr/lib/gcc/avr/4.5.3/avrxmega2/libgcc.a(_clear_bss.o)
                              main.o (__do_clear_bss)
/usr/lib/gcc/avr/4.5.3/../../../avr/lib/avrxmega2/libc.a(iob.o)
                              main.o (__iob)
/usr/lib/gcc/avr/4.5.3/../../../avr/lib/avrxmega2/libc.a(puts.o)
                              main.o (puts)
/usr/lib/gcc/avr/4.5.3/avrxmega2/libgcc.a(_epilogue.o)
                              /usr/lib/gcc/avr/4.5.3/../../../avr/lib/avrxmega2/libc.a(puts.o) (__epilogue_restores__)

Allocating common symbols
Common symbol       size              file

__iob               0x6               /usr/lib/gcc/avr/4.5.3/../../../avr/lib/avrxmega2/libc.a(iob.o)

Memory Configuration

Name             Origin             Length             Attributes
text             0x00000000         0x00100000         xr
data             0x00802000         0x0000ffa0         rw !x
eeprom           0x00810000         0x00010000         rw !x
fuse             0x00820000         0x00000400         rw !x
lock             0x00830000         0x00000400         rw !x
signature        0x00840000         0x00000400         rw !x
*default*        0x00000000         0xffffffff

Linker script and memory map

LOAD /usr/lib/gcc/avr/4.5.3/../../../avr/lib/avrxmega2/crtx16a4.o
LOAD /usr/lib/gcc/avr/4.5.3/../../../avr/lib/avrxmega2/libm.a
LOAD main.o
LOAD /usr/lib/gcc/avr/4.5.3/avrxmega2/libgcc.a
LOAD /usr/lib/gcc/avr/4.5.3/../../../avr/lib/avrxmega2/libc.a
LOAD /usr/lib/gcc/avr/4.5.3/avrxmega2/libgcc.a

.hash
 *(.hash)

.dynsym
 *(.dynsym)

.dynstr
 *(.dynstr)

.gnu.version
 *(.gnu.version)

.gnu.version_d
 *(.gnu.version_d)

.gnu.version_r
 *(.gnu.version_r)

.rel.init
 *(.rel.init)

.rela.init
 *(.rela.init)

.rel.text
 *(.rel.text)
 *(.rel.text.*)
 *(.rel.gnu.linkonce.t*)

.rela.text
 *(.rela.text)
 *(.rela.text.*)
 *(.rela.gnu.linkonce.t*)

.rel.fini
 *(.rel.fini)

.rela.fini
 *(.rela.fini)

.rel.rodata
 *(.rel.rodata)
 *(.rel.rodata.*)
 *(.rel.gnu.linkonce.r*)

.rela.rodata
 *(.rela.rodata)
 *(.rela.rodata.*)
 *(.rela.gnu.linkonce.r*)

.rel.data
 *(.rel.data)
 *(.rel.data.*)
 *(.rel.gnu.linkonce.d*)

.rela.data
 *(.rela.data)
 *(.rela.data.*)
 *(.rela.gnu.linkonce.d*)

.rel.ctors
 *(.rel.ctors)

.rela.ctors
 *(.rela.ctors)

.rel.dtors
 *(.rel.dtors)

.rela.dtors
 *(.rela.dtors)

.rel.got
 *(.rel.got)

.rela.got
 *(.rela.got)

.rel.bss
 *(.rel.bss)

.rela.bss
 *(.rela.bss)

.rel.plt
 *(.rel.plt)

.rela.plt
 *(.rela.plt)

.text           0x00000000      0x55a
 *(.vectors)
 .vectors       0x00000000      0x178 /usr/lib/gcc/avr/4.5.3/../../../avr/lib/avrxmega2/crtx16a4.o
                0x00000000                __vectors
                0x00000000                __vector_default
 *(.vectors)
 *(.progmem.gcc*)
 *(.progmem*)
                0x00000178                . = ALIGN (0x2)
                0x00000178                __trampolines_start = .
 *(.trampolines)
 .trampolines   0x00000178        0x0 linker stubs
 *(.trampolines*)
                0x00000178                __trampolines_end = .
 *(.jumptables)
 *(.jumptables*)
 *(.lowtext)
 *(.lowtext*)
                0x00000178                __ctors_start = .
 *(.ctors)
                0x00000178                __ctors_end = .
                0x00000178                __dtors_start = .
 *(.dtors)
                0x00000178                __dtors_end = .
 SORT(*)(.ctors)
 SORT(*)(.dtors)
 *(.init0)
 .init0         0x00000178        0x0 /usr/lib/gcc/avr/4.5.3/../../../avr/lib/avrxmega2/crtx16a4.o
                0x00000178                __init
 *(.init0)
 *(.init1)
 *(.init1)
 *(.init2)
 .init2         0x00000178        0xc /usr/lib/gcc/avr/4.5.3/../../../avr/lib/avrxmega2/crtx16a4.o
 *(.init2)
 *(.init3)
 *(.init3)
 *(.init4)
 .init4         0x00000184       0x16 /usr/lib/gcc/avr/4.5.3/avrxmega2/libgcc.a(_copy_data.o)
                0x00000184                __do_copy_data
 .init4         0x0000019a       0x10 /usr/lib/gcc/avr/4.5.3/avrxmega2/libgcc.a(_clear_bss.o)
                0x0000019a                __do_clear_bss
 *(.init4)
 *(.init5)
 *(.init5)
 *(.init6)
 *(.init6)
 *(.init7)
 *(.init7)
 *(.init8)
 *(.init8)
 *(.init9)
 .init9         0x000001aa        0x8 /usr/lib/gcc/avr/4.5.3/../../../avr/lib/avrxmega2/crtx16a4.o
 *(.init9)
 *(.text)
 .text          0x000001b2        0x4 /usr/lib/gcc/avr/4.5.3/../../../avr/lib/avrxmega2/crtx16a4.o
                0x000001b2                __vector_38
                0x000001b2                __vector_22
                0x000001b2                __vector_63
                0x000001b2                __vector_28
                0x000001b2                __vector_67
                0x000001b2                __vector_1
                0x000001b2                __vector_32
                0x000001b2                __vector_75
                0x000001b2                __vector_71
                0x000001b2                __vector_91
                0x000001b2                __vector_34
                0x000001b2                __vector_62
                0x000001b2                __vector_77
                0x000001b2                __vector_24
                0x000001b2                __vector_12
                0x000001b2                __vector_55
                0x000001b2                __vector_69
                0x000001b2                __vector_81
                0x000001b2                __vector_90
                0x000001b2                __vector_46
                0x000001b2                __bad_interrupt
                0x000001b2                __vector_72
                0x000001b2                __vector_6
                0x000001b2                __vector_31
                0x000001b2                __vector_92
                0x000001b2                __vector_35
                0x000001b2                __vector_78
                0x000001b2                __vector_74
                0x000001b2                __vector_39
                0x000001b2                __vector_3
                0x000001b2                __vector_23
                0x000001b2                __vector_68
                0x000001b2                __vector_30
                0x000001b2                __vector_73
                0x000001b2                __vector_45
                0x000001b2                __vector_25
                0x000001b2                __vector_93
                0x000001b2                __vector_61
                0x000001b2                __vector_11
                0x000001b2                __vector_54
                0x000001b2                __vector_13
                0x000001b2                __vector_17
                0x000001b2                __vector_19
                0x000001b2                __vector_56
                0x000001b2                __vector_7
                0x000001b2                __vector_49
                0x000001b2                __vector_41
                0x000001b2                __vector_86
                0x000001b2                __vector_64
                0x000001b2                __vector_88
                0x000001b2                __vector_43
                0x000001b2                __vector_27
                0x000001b2                __vector_5
                0x000001b2                __vector_33
                0x000001b2                __vector_76
                0x000001b2                __vector_47
                0x000001b2                __vector_52
                0x000001b2                __vector_37
                0x000001b2                __vector_89
                0x000001b2                __vector_4
                0x000001b2                __vector_44
                0x000001b2                __vector_82
                0x000001b2                __vector_51
                0x000001b2                __vector_9
                0x000001b2                __vector_2
                0x000001b2                __vector_21
                0x000001b2                __vector_15
                0x000001b2                __vector_66
                0x000001b2                __vector_36
                0x000001b2                __vector_79
                0x000001b2                __vector_58
                0x000001b2                __vector_70
                0x000001b2                __vector_83
                0x000001b2                __vector_29
                0x000001b2                __vector_60
                0x000001b2                __vector_40
                0x000001b2                __vector_85
                0x000001b2                __vector_8
                0x000001b2                __vector_26
                0x000001b2                __vector_48
                0x000001b2                __vector_80
                0x000001b2                __vector_14
                0x000001b2                __vector_84
                0x000001b2                __vector_57
                0x000001b2                __vector_53
                0x000001b2                __vector_10
                0x000001b2                __vector_50
                0x000001b2                __vector_16
                0x000001b2                __vector_59
                0x000001b2                __vector_18
                0x000001b2                __vector_20
                0x000001b2                __vector_42
                0x000001b2                __vector_87
                0x000001b2                __vector_65
 .text          0x000001b6      0x306 main.o
                0x000001d8                CCPWrite
                0x00000202                CLKSYS_XOSC_Config
                0x00000218                CLKSYS_PLL_Config
                0x00000224                CLKSYS_Disable
                0x00000238                CLKSYS_Prescalers_Config
                0x00000244                CLKSYS_Main_ClockSource_Select
                0x0000026a                CLKSYS_RTC_ClockSource_Enable
                0x0000027a                CLKSYS_AutoCalibration_Enable
                0x000002b4                CLKSYS_XOSC_FailureDetection_Enable
                0x000002c0                CLKSYS_Configuration_Lock
                0x000002cc                delay_ms
                0x000002e8                Config32MHzClock
                0x00000306                blink
                0x00000338                blinkQuick
                0x00000342                blinkTen
                0x0000035c                blinkN
                0x00000386                init
                0x000003be                uart_getchar
                0x000003e0                uart_get
                0x000003fe                update
                0x00000464                mainLoop
                0x000004a6                main
 .text          0x000004bc        0x0 /usr/lib/gcc/avr/4.5.3/avrxmega2/libgcc.a(_exit.o)
 .text          0x000004bc        0x0 /usr/lib/gcc/avr/4.5.3/avrxmega2/libgcc.a(_copy_data.o)
 .text          0x000004bc        0x0 /usr/lib/gcc/avr/4.5.3/avrxmega2/libgcc.a(_clear_bss.o)
 .text          0x000004bc        0x0 /usr/lib/gcc/avr/4.5.3/../../../avr/lib/avrxmega2/libc.a(iob.o)
 .text          0x000004bc        0x0 /usr/lib/gcc/avr/4.5.3/../../../avr/lib/avrxmega2/libc.a(puts.o)
 .text          0x000004bc        0x0 /usr/lib/gcc/avr/4.5.3/avrxmega2/libgcc.a(_epilogue.o)
                0x000004bc                . = ALIGN (0x2)
 *(.text.*)
 .text.libgcc   0x000004bc        0x0 /usr/lib/gcc/avr/4.5.3/avrxmega2/libgcc.a(_exit.o)
 .text.libgcc   0x000004bc        0x0 /usr/lib/gcc/avr/4.5.3/avrxmega2/libgcc.a(_copy_data.o)
 .text.libgcc   0x000004bc        0x0 /usr/lib/gcc/avr/4.5.3/avrxmega2/libgcc.a(_clear_bss.o)
 .text.avr-libc
                0x000004bc       0x6a /usr/lib/gcc/avr/4.5.3/../../../avr/lib/avrxmega2/libc.a(puts.o)
                0x000004bc                puts
 .text.libgcc   0x00000526       0x30 /usr/lib/gcc/avr/4.5.3/avrxmega2/libgcc.a(_epilogue.o)
                0x00000526                __epilogue_restores__
                0x00000556                . = ALIGN (0x2)
 *(.fini9)
 .fini9         0x00000556        0x0 /usr/lib/gcc/avr/4.5.3/avrxmega2/libgcc.a(_exit.o)
                0x00000556                exit
                0x00000556                _exit
 *(.fini9)
 *(.fini8)
 *(.fini8)
 *(.fini7)
 *(.fini7)
 *(.fini6)
 *(.fini6)
 *(.fini5)
 *(.fini5)
 *(.fini4)
 *(.fini4)
 *(.fini3)
 *(.fini3)
 *(.fini2)
 *(.fini2)
 *(.fini1)
 *(.fini1)
 *(.fini0)
 .fini0         0x00000556        0x4 /usr/lib/gcc/avr/4.5.3/avrxmega2/libgcc.a(_exit.o)
 *(.fini0)
                0x0000055a                _etext = .

.data           0x00802000       0x1c load address 0x0000055a
                0x00802000                PROVIDE (__data_start, .)
 *(.data)
 .data          0x00802000        0x0 /usr/lib/gcc/avr/4.5.3/../../../avr/lib/avrxmega2/crtx16a4.o
 .data          0x00802000       0x1c main.o
 .data          0x0080201c        0x0 /usr/lib/gcc/avr/4.5.3/avrxmega2/libgcc.a(_exit.o)
 .data          0x0080201c        0x0 /usr/lib/gcc/avr/4.5.3/avrxmega2/libgcc.a(_copy_data.o)
 .data          0x0080201c        0x0 /usr/lib/gcc/avr/4.5.3/avrxmega2/libgcc.a(_clear_bss.o)
 .data          0x0080201c        0x0 /usr/lib/gcc/avr/4.5.3/../../../avr/lib/avrxmega2/libc.a(iob.o)
 .data          0x0080201c        0x0 /usr/lib/gcc/avr/4.5.3/../../../avr/lib/avrxmega2/libc.a(puts.o)
 .data          0x0080201c        0x0 /usr/lib/gcc/avr/4.5.3/avrxmega2/libgcc.a(_epilogue.o)
 *(.data*)
 *(.rodata)
 *(.rodata*)
 *(.gnu.linkonce.d*)
                0x0080201c                . = ALIGN (0x2)
                0x0080201c                _edata = .
                0x0080201c                PROVIDE (__data_end, .)

.bss            0x0080201c       0x12
                0x0080201c                PROVIDE (__bss_start, .)
 *(.bss)
 .bss           0x0080201c        0x0 /usr/lib/gcc/avr/4.5.3/../../../avr/lib/avrxmega2/crtx16a4.o
 .bss           0x0080201c        0xc main.o
                0x0080201c                vals
 .bss           0x00802028        0x0 /usr/lib/gcc/avr/4.5.3/avrxmega2/libgcc.a(_exit.o)
 .bss           0x00802028        0x0 /usr/lib/gcc/avr/4.5.3/avrxmega2/libgcc.a(_copy_data.o)
 .bss           0x00802028        0x0 /usr/lib/gcc/avr/4.5.3/avrxmega2/libgcc.a(_clear_bss.o)
 .bss           0x00802028        0x0 /usr/lib/gcc/avr/4.5.3/../../../avr/lib/avrxmega2/libc.a(iob.o)
 .bss           0x00802028        0x0 /usr/lib/gcc/avr/4.5.3/../../../avr/lib/avrxmega2/libc.a(puts.o)
 .bss           0x00802028        0x0 /usr/lib/gcc/avr/4.5.3/avrxmega2/libgcc.a(_epilogue.o)
 *(.bss*)
 *(COMMON)
 COMMON         0x00802028        0x6 /usr/lib/gcc/avr/4.5.3/../../../avr/lib/avrxmega2/libc.a(iob.o)
                0x00802028                __iob
                0x0080202e                PROVIDE (__bss_end, .)
                0x0000055a                __data_load_start = LOADADDR (.data)
                0x00000576                __data_load_end = (__data_load_start + SIZEOF (.data))

.noinit         0x0080202e        0x0
                0x0080202e                PROVIDE (__noinit_start, .)
 *(.noinit*)
                0x0080202e                PROVIDE (__noinit_end, .)
                0x0080202e                _end = .
                0x0080202e                PROVIDE (__heap_start, .)

.eeprom         0x00810000        0x0
 *(.eeprom*)
                0x00810000                __eeprom_end = .

.fuse
 *(.fuse)
 *(.lfuse)
 *(.hfuse)
 *(.efuse)

.lock
 *(.lock*)

.signature
 *(.signature*)

.stab           0x00000000     0x2b14
 *(.stab)
 .stab          0x00000000      0x6cc /usr/lib/gcc/avr/4.5.3/../../../avr/lib/avrxmega2/crtx16a4.o
 .stab          0x000006cc     0x1f8c main.o
                               0x1f98 (size before relaxing)
 .stab          0x00002658      0x2c4 /usr/lib/gcc/avr/4.5.3/../../../avr/lib/avrxmega2/libc.a(iob.o)
                                0x30c (size before relaxing)
 .stab          0x0000291c      0x1f8 /usr/lib/gcc/avr/4.5.3/../../../avr/lib/avrxmega2/libc.a(puts.o)
                                0x3d8 (size before relaxing)

.stabstr        0x00000000     0xc042
 *(.stabstr)
 .stabstr       0x00000000     0xc042 /usr/lib/gcc/avr/4.5.3/../../../avr/lib/avrxmega2/crtx16a4.o

.stab.excl
 *(.stab.excl)

.stab.exclstr
 *(.stab.exclstr)

.stab.index
 *(.stab.index)

.stab.indexstr
 *(.stab.indexstr)

.comment
 *(.comment)

.debug
 *(.debug)

.line
 *(.line)

.debug_srcinfo
 *(.debug_srcinfo)

.debug_sfnames
 *(.debug_sfnames)

.debug_aranges
 *(.debug_aranges)

.debug_pubnames
 *(.debug_pubnames)

.debug_info
 *(.debug_info)
 *(.gnu.linkonce.wi.*)

.debug_abbrev
 *(.debug_abbrev)

.debug_line
 *(.debug_line)

.debug_frame
 *(.debug_frame)

.debug_str
 *(.debug_str)

.debug_loc
 *(.debug_loc)

.debug_macinfo
 *(.debug_macinfo)
OUTPUT(uartExample.out elf32-avr)
LOAD linker stubs
