Archive member included because of file (symbol)

/usr/lib/gcc/avr/4.7.0/avrxmega2/libgcc.a(_exit.o)
                              /usr/lib/gcc/avr/4.7.0/../../../avr/lib/avrxmega2/crtx16a4.o (exit)
/usr/lib/gcc/avr/4.7.0/avrxmega2/libgcc.a(_clear_bss.o)
                              main.o (__do_clear_bss)

Memory Configuration

Name             Origin             Length             Attributes
text             0x00000000         0x00100000         xr
data             0x00802000         0x0000ffa0         rw !x
eeprom           0x00810000         0x00010000         rw !x
fuse             0x00820000         0x00000400         rw !x
lock             0x00830000         0x00000400         rw !x
signature        0x00840000         0x00000400         rw !x
*default*        0x00000000         0xffffffff

Linker script and memory map

LOAD /usr/lib/gcc/avr/4.7.0/../../../avr/lib/avrxmega2/crtx16a4.o
LOAD /usr/lib/gcc/avr/4.7.0/../../../avr/lib/avrxmega2/libm.a
LOAD main.o
LOAD /usr/lib/gcc/avr/4.7.0/avrxmega2/libgcc.a
LOAD /usr/lib/gcc/avr/4.7.0/../../../avr/lib/avrxmega2/libc.a
LOAD /usr/lib/gcc/avr/4.7.0/avrxmega2/libgcc.a

.hash
 *(.hash)

.dynsym
 *(.dynsym)

.dynstr
 *(.dynstr)

.gnu.version
 *(.gnu.version)

.gnu.version_d
 *(.gnu.version_d)

.gnu.version_r
 *(.gnu.version_r)

.rel.init
 *(.rel.init)

.rela.init
 *(.rela.init)

.rel.text
 *(.rel.text)
 *(.rel.text.*)
 *(.rel.gnu.linkonce.t*)

.rela.text
 *(.rela.text)
 *(.rela.text.*)
 *(.rela.gnu.linkonce.t*)

.rel.fini
 *(.rel.fini)

.rela.fini
 *(.rela.fini)

.rel.rodata
 *(.rel.rodata)
 *(.rel.rodata.*)
 *(.rel.gnu.linkonce.r*)

.rela.rodata
 *(.rela.rodata)
 *(.rela.rodata.*)
 *(.rela.gnu.linkonce.r*)

.rel.data
 *(.rel.data)
 *(.rel.data.*)
 *(.rel.gnu.linkonce.d*)

.rela.data
 *(.rela.data)
 *(.rela.data.*)
 *(.rela.gnu.linkonce.d*)

.rel.ctors
 *(.rel.ctors)

.rela.ctors
 *(.rela.ctors)

.rel.dtors
 *(.rel.dtors)

.rela.dtors
 *(.rela.dtors)

.rel.got
 *(.rel.got)

.rela.got
 *(.rela.got)

.rel.bss
 *(.rel.bss)

.rela.bss
 *(.rela.bss)

.rel.plt
 *(.rel.plt)

.rela.plt
 *(.rela.plt)

.text           0x00000000      0x3b2
 *(.vectors)
 .vectors       0x00000000      0x178 /usr/lib/gcc/avr/4.7.0/../../../avr/lib/avrxmega2/crtx16a4.o
                0x00000000                __vectors
                0x00000000                __vector_default
 *(.vectors)
 *(.progmem.gcc*)
 *(.progmem*)
                0x00000178                . = ALIGN (0x2)
                0x00000178                __trampolines_start = .
 *(.trampolines)
 .trampolines   0x00000178        0x0 linker stubs
 *(.trampolines*)
                0x00000178                __trampolines_end = .
 *(.jumptables)
 *(.jumptables*)
 *(.lowtext)
 *(.lowtext*)
                0x00000178                __ctors_start = .
 *(.ctors)
                0x00000178                __ctors_end = .
                0x00000178                __dtors_start = .
 *(.dtors)
                0x00000178                __dtors_end = .
 SORT(*)(.ctors)
 SORT(*)(.dtors)
 *(.init0)
 .init0         0x00000178        0x0 /usr/lib/gcc/avr/4.7.0/../../../avr/lib/avrxmega2/crtx16a4.o
                0x00000178                __init
 *(.init0)
 *(.init1)
 *(.init1)
 *(.init2)
 .init2         0x00000178        0xc /usr/lib/gcc/avr/4.7.0/../../../avr/lib/avrxmega2/crtx16a4.o
 *(.init2)
 *(.init3)
 *(.init3)
 *(.init4)
 .init4         0x00000184       0x10 /usr/lib/gcc/avr/4.7.0/avrxmega2/libgcc.a(_clear_bss.o)
                0x00000184                __do_clear_bss
 *(.init4)
 *(.init5)
 *(.init5)
 *(.init6)
 *(.init6)
 *(.init7)
 *(.init7)
 *(.init8)
 *(.init8)
 *(.init9)
 .init9         0x00000194        0x8 /usr/lib/gcc/avr/4.7.0/../../../avr/lib/avrxmega2/crtx16a4.o
 *(.init9)
 *(.text)
 .text          0x0000019c        0x4 /usr/lib/gcc/avr/4.7.0/../../../avr/lib/avrxmega2/crtx16a4.o
                0x0000019c                __vector_38
                0x0000019c                __vector_22
                0x0000019c                __vector_63
                0x0000019c                __vector_28
                0x0000019c                __vector_67
                0x0000019c                __vector_1
                0x0000019c                __vector_32
                0x0000019c                __vector_75
                0x0000019c                __vector_71
                0x0000019c                __vector_91
                0x0000019c                __vector_34
                0x0000019c                __vector_62
                0x0000019c                __vector_77
                0x0000019c                __vector_24
                0x0000019c                __vector_12
                0x0000019c                __vector_55
                0x0000019c                __vector_69
                0x0000019c                __vector_81
                0x0000019c                __vector_90
                0x0000019c                __vector_46
                0x0000019c                __bad_interrupt
                0x0000019c                __vector_72
                0x0000019c                __vector_6
                0x0000019c                __vector_31
                0x0000019c                __vector_92
                0x0000019c                __vector_35
                0x0000019c                __vector_78
                0x0000019c                __vector_74
                0x0000019c                __vector_39
                0x0000019c                __vector_3
                0x0000019c                __vector_23
                0x0000019c                __vector_68
                0x0000019c                __vector_30
                0x0000019c                __vector_73
                0x0000019c                __vector_45
                0x0000019c                __vector_25
                0x0000019c                __vector_93
                0x0000019c                __vector_61
                0x0000019c                __vector_11
                0x0000019c                __vector_54
                0x0000019c                __vector_13
                0x0000019c                __vector_17
                0x0000019c                __vector_19
                0x0000019c                __vector_56
                0x0000019c                __vector_7
                0x0000019c                __vector_49
                0x0000019c                __vector_41
                0x0000019c                __vector_86
                0x0000019c                __vector_64
                0x0000019c                __vector_88
                0x0000019c                __vector_43
                0x0000019c                __vector_27
                0x0000019c                __vector_5
                0x0000019c                __vector_33
                0x0000019c                __vector_76
                0x0000019c                __vector_47
                0x0000019c                __vector_52
                0x0000019c                __vector_37
                0x0000019c                __vector_89
                0x0000019c                __vector_4
                0x0000019c                __vector_44
                0x0000019c                __vector_82
                0x0000019c                __vector_51
                0x0000019c                __vector_9
                0x0000019c                __vector_2
                0x0000019c                __vector_21
                0x0000019c                __vector_15
                0x0000019c                __vector_66
                0x0000019c                __vector_36
                0x0000019c                __vector_79
                0x0000019c                __vector_58
                0x0000019c                __vector_70
                0x0000019c                __vector_83
                0x0000019c                __vector_29
                0x0000019c                __vector_60
                0x0000019c                __vector_40
                0x0000019c                __vector_85
                0x0000019c                __vector_8
                0x0000019c                __vector_26
                0x0000019c                __vector_48
                0x0000019c                __vector_80
                0x0000019c                __vector_84
                0x0000019c                __vector_57
                0x0000019c                __vector_53
                0x0000019c                __vector_10
                0x0000019c                __vector_50
                0x0000019c                __vector_16
                0x0000019c                __vector_59
                0x0000019c                __vector_18
                0x0000019c                __vector_20
                0x0000019c                __vector_42
                0x0000019c                __vector_87
                0x0000019c                __vector_65
 .text          0x000001a0      0x1b2 main.o
                0x000001a0                CCPWrite
                0x000001ca                CLKSYS_XOSC_Config
                0x000001de                CLKSYS_PLL_Config
                0x000001ea                CLKSYS_Disable
                0x000001fe                CLKSYS_Prescalers_Config
                0x00000208                CLKSYS_Main_ClockSource_Select
                0x0000022e                CLKSYS_RTC_ClockSource_Enable
                0x0000023e                CLKSYS_AutoCalibration_Enable
                0x00000276                CLKSYS_XOSC_FailureDetection_Enable
                0x00000280                CLKSYS_Configuration_Lock
                0x0000028a                __vector_14
                0x000002e4                delay_ms
                0x000002f2                Config32MHzClock
                0x00000310                millis
                0x0000032e                blink
 .text          0x00000352        0x0 /usr/lib/gcc/avr/4.7.0/avrxmega2/libgcc.a(_exit.o)
 .text          0x00000352        0x0 /usr/lib/gcc/avr/4.7.0/avrxmega2/libgcc.a(_clear_bss.o)
                0x00000352                . = ALIGN (0x2)
 *(.text.*)
 .text.startup  0x00000352       0x5c main.o
                0x00000352                main
 .text.libgcc.mul
                0x000003ae        0x0 /usr/lib/gcc/avr/4.7.0/avrxmega2/libgcc.a(_exit.o)
 .text.libgcc.div
                0x000003ae        0x0 /usr/lib/gcc/avr/4.7.0/avrxmega2/libgcc.a(_exit.o)
 .text.libgcc   0x000003ae        0x0 /usr/lib/gcc/avr/4.7.0/avrxmega2/libgcc.a(_exit.o)
 .text.libgcc.prologue
                0x000003ae        0x0 /usr/lib/gcc/avr/4.7.0/avrxmega2/libgcc.a(_exit.o)
 .text.libgcc.builtins
                0x000003ae        0x0 /usr/lib/gcc/avr/4.7.0/avrxmega2/libgcc.a(_exit.o)
 .text.libgcc.fmul
                0x000003ae        0x0 /usr/lib/gcc/avr/4.7.0/avrxmega2/libgcc.a(_exit.o)
 .text.libgcc.mul
                0x000003ae        0x0 /usr/lib/gcc/avr/4.7.0/avrxmega2/libgcc.a(_clear_bss.o)
 .text.libgcc.div
                0x000003ae        0x0 /usr/lib/gcc/avr/4.7.0/avrxmega2/libgcc.a(_clear_bss.o)
 .text.libgcc   0x000003ae        0x0 /usr/lib/gcc/avr/4.7.0/avrxmega2/libgcc.a(_clear_bss.o)
 .text.libgcc.prologue
                0x000003ae        0x0 /usr/lib/gcc/avr/4.7.0/avrxmega2/libgcc.a(_clear_bss.o)
 .text.libgcc.builtins
                0x000003ae        0x0 /usr/lib/gcc/avr/4.7.0/avrxmega2/libgcc.a(_clear_bss.o)
 .text.libgcc.fmul
                0x000003ae        0x0 /usr/lib/gcc/avr/4.7.0/avrxmega2/libgcc.a(_clear_bss.o)
                0x000003ae                . = ALIGN (0x2)
 *(.fini9)
 .fini9         0x000003ae        0x0 /usr/lib/gcc/avr/4.7.0/avrxmega2/libgcc.a(_exit.o)
                0x000003ae                exit
                0x000003ae                _exit
 *(.fini9)
 *(.fini8)
 *(.fini8)
 *(.fini7)
 *(.fini7)
 *(.fini6)
 *(.fini6)
 *(.fini5)
 *(.fini5)
 *(.fini4)
 *(.fini4)
 *(.fini3)
 *(.fini3)
 *(.fini2)
 *(.fini2)
 *(.fini1)
 *(.fini1)
 *(.fini0)
 .fini0         0x000003ae        0x4 /usr/lib/gcc/avr/4.7.0/avrxmega2/libgcc.a(_exit.o)
 *(.fini0)
                0x000003b2                _etext = .

.data           0x00802000        0x0 load address 0x000003b2
                0x00802000                PROVIDE (__data_start, .)
 *(.data)
 .data          0x00802000        0x0 /usr/lib/gcc/avr/4.7.0/../../../avr/lib/avrxmega2/crtx16a4.o
 .data          0x00802000        0x0 main.o
 .data          0x00802000        0x0 /usr/lib/gcc/avr/4.7.0/avrxmega2/libgcc.a(_exit.o)
 .data          0x00802000        0x0 /usr/lib/gcc/avr/4.7.0/avrxmega2/libgcc.a(_clear_bss.o)
 *(.data*)
 *(.rodata)
 *(.rodata*)
 *(.gnu.linkonce.d*)
                0x00802000                . = ALIGN (0x2)
                0x00802000                _edata = .
                0x00802000                PROVIDE (__data_end, .)

.bss            0x00802000        0x5
                0x00802000                PROVIDE (__bss_start, .)
 *(.bss)
 .bss           0x00802000        0x0 /usr/lib/gcc/avr/4.7.0/../../../avr/lib/avrxmega2/crtx16a4.o
 .bss           0x00802000        0x5 main.o
                0x00802000                flag
                0x00802001                elapsedMillis
 .bss           0x00802005        0x0 /usr/lib/gcc/avr/4.7.0/avrxmega2/libgcc.a(_exit.o)
 .bss           0x00802005        0x0 /usr/lib/gcc/avr/4.7.0/avrxmega2/libgcc.a(_clear_bss.o)
 *(.bss*)
 *(COMMON)
                0x00802005                PROVIDE (__bss_end, .)
                0x000003b2                __data_load_start = LOADADDR (.data)
                0x000003b2                __data_load_end = (__data_load_start + SIZEOF (.data))

.noinit         0x00802005        0x0
                0x00802005                PROVIDE (__noinit_start, .)
 *(.noinit*)
                0x00802005                PROVIDE (__noinit_end, .)
                0x00802005                _end = .
                0x00802005                PROVIDE (__heap_start, .)

.eeprom         0x00810000        0x0
 *(.eeprom*)
                0x00810000                __eeprom_end = .

.fuse
 *(.fuse)
 *(.lfuse)
 *(.hfuse)
 *(.efuse)

.lock
 *(.lock*)

.signature
 *(.signature*)

.stab           0x00000000      0x6cc
 *(.stab)
 .stab          0x00000000      0x6cc /usr/lib/gcc/avr/4.7.0/../../../avr/lib/avrxmega2/crtx16a4.o

.stabstr        0x00000000       0x54
 *(.stabstr)
 .stabstr       0x00000000       0x54 /usr/lib/gcc/avr/4.7.0/../../../avr/lib/avrxmega2/crtx16a4.o

.stab.excl
 *(.stab.excl)

.stab.exclstr
 *(.stab.exclstr)

.stab.index
 *(.stab.index)

.stab.indexstr
 *(.stab.indexstr)

.comment        0x00000000       0x11
 *(.comment)
 .comment       0x00000000       0x11 main.o
                                 0x12 (size before relaxing)

.debug
 *(.debug)

.line
 *(.line)

.debug_srcinfo
 *(.debug_srcinfo)

.debug_sfnames
 *(.debug_sfnames)

.debug_aranges  0x00000000       0x28
 *(.debug_aranges)
 .debug_aranges
                0x00000000       0x28 main.o

.debug_pubnames
 *(.debug_pubnames)

.debug_info     0x00000000     0x10c3
 *(.debug_info)
 .debug_info    0x00000000     0x10c3 main.o
 *(.gnu.linkonce.wi.*)

.debug_abbrev   0x00000000      0x361
 *(.debug_abbrev)
 .debug_abbrev  0x00000000      0x361 main.o

.debug_line     0x00000000      0x1ac
 *(.debug_line)
 .debug_line    0x00000000      0x1ac main.o

.debug_frame    0x00000000      0x170
 *(.debug_frame)
 .debug_frame   0x00000000      0x170 main.o

.debug_str      0x00000000      0xc6b
 *(.debug_str)
 .debug_str     0x00000000      0xc6b main.o
                                0xcb7 (size before relaxing)

.debug_loc      0x00000000      0x395
 *(.debug_loc)
 .debug_loc     0x00000000      0x395 main.o

.debug_macinfo
 *(.debug_macinfo)
OUTPUT(timingInterrupt.out elf32-avr)
LOAD linker stubs

.debug_ranges   0x00000000       0x18
 .debug_ranges  0x00000000       0x18 main.o
